Archive member included to satisfy reference by file (symbol)

d:/hifive1-revb/freedomstudio-2019-08-2-win64/sifive/riscv64-unknown-elf-gcc-8.3.0-2019.08.0/bin/../lib/gcc/riscv64-unknown-elf/8.3.0/../../../../riscv64-unknown-elf/lib/rv32imac/ilp32\libc_nano.a(lib_a-memset.o)
                              C:\Users\win10\AppData\Local\Temp\cc46eepe.o (memset)
d:/hifive1-revb/freedomstudio-2019-08-2-win64/sifive/riscv64-unknown-elf-gcc-8.3.0-2019.08.0/bin/../lib/gcc/riscv64-unknown-elf/8.3.0/../../../../riscv64-unknown-elf/lib/rv32imac/ilp32\libc_nano.a(lib_a-printf.o)
                              C:\Users\win10\AppData\Local\Temp\cc46eepe.o (printf)
d:/hifive1-revb/freedomstudio-2019-08-2-win64/sifive/riscv64-unknown-elf-gcc-8.3.0-2019.08.0/bin/../lib/gcc/riscv64-unknown-elf/8.3.0/../../../../riscv64-unknown-elf/lib/rv32imac/ilp32\libc_nano.a(lib_a-puts.o)
                              C:\Users\win10\AppData\Local\Temp\cc46eepe.o (puts)
d:/hifive1-revb/freedomstudio-2019-08-2-win64/sifive/riscv64-unknown-elf-gcc-8.3.0-2019.08.0/bin/../lib/gcc/riscv64-unknown-elf/8.3.0/../../../../riscv64-unknown-elf/lib/rv32imac/ilp32\libc_nano.a(lib_a-sprintf.o)
                              C:\Users\win10\AppData\Local\Temp\cc46eepe.o (sprintf)
d:/hifive1-revb/freedomstudio-2019-08-2-win64/sifive/riscv64-unknown-elf-gcc-8.3.0-2019.08.0/bin/../lib/gcc/riscv64-unknown-elf/8.3.0/../../../../riscv64-unknown-elf/lib/rv32imac/ilp32\libc_nano.a(lib_a-strlen.o)
                              C:\Users\win10\AppData\Local\Temp\cc46eepe.o (strlen)
d:/hifive1-revb/freedomstudio-2019-08-2-win64/sifive/riscv64-unknown-elf-gcc-8.3.0-2019.08.0/bin/../lib/gcc/riscv64-unknown-elf/8.3.0/../../../../riscv64-unknown-elf/lib/rv32imac/ilp32\libc_nano.a(lib_a-time.o)
                              C:\Users\win10\AppData\Local\Temp\cc46eepe.o (time)
d:/hifive1-revb/freedomstudio-2019-08-2-win64/sifive/riscv64-unknown-elf-gcc-8.3.0-2019.08.0/bin/../lib/gcc/riscv64-unknown-elf/8.3.0/../../../../riscv64-unknown-elf/lib/rv32imac/ilp32\libc_nano.a(lib_a-wbuf.o)
                              d:/hifive1-revb/freedomstudio-2019-08-2-win64/sifive/riscv64-unknown-elf-gcc-8.3.0-2019.08.0/bin/../lib/gcc/riscv64-unknown-elf/8.3.0/../../../../riscv64-unknown-elf/lib/rv32imac/ilp32\libc_nano.a(lib_a-puts.o) (__swbuf_r)
d:/hifive1-revb/freedomstudio-2019-08-2-win64/sifive/riscv64-unknown-elf-gcc-8.3.0-2019.08.0/bin/../lib/gcc/riscv64-unknown-elf/8.3.0/../../../../riscv64-unknown-elf/lib/rv32imac/ilp32\libc_nano.a(lib_a-wsetup.o)
                              d:/hifive1-revb/freedomstudio-2019-08-2-win64/sifive/riscv64-unknown-elf-gcc-8.3.0-2019.08.0/bin/../lib/gcc/riscv64-unknown-elf/8.3.0/../../../../riscv64-unknown-elf/lib/rv32imac/ilp32\libc_nano.a(lib_a-puts.o) (__swsetup_r)
d:/hifive1-revb/freedomstudio-2019-08-2-win64/sifive/riscv64-unknown-elf-gcc-8.3.0-2019.08.0/bin/../lib/gcc/riscv64-unknown-elf/8.3.0/../../../../riscv64-unknown-elf/lib/rv32imac/ilp32\libc_nano.a(lib_a-fflush.o)
                              d:/hifive1-revb/freedomstudio-2019-08-2-win64/sifive/riscv64-unknown-elf-gcc-8.3.0-2019.08.0/bin/../lib/gcc/riscv64-unknown-elf/8.3.0/../../../../riscv64-unknown-elf/lib/rv32imac/ilp32\libc_nano.a(lib_a-wbuf.o) (_fflush_r)
d:/hifive1-revb/freedomstudio-2019-08-2-win64/sifive/riscv64-unknown-elf-gcc-8.3.0-2019.08.0/bin/../lib/gcc/riscv64-unknown-elf/8.3.0/../../../../riscv64-unknown-elf/lib/rv32imac/ilp32\libc_nano.a(lib_a-findfp.o)
                              d:/hifive1-revb/freedomstudio-2019-08-2-win64/sifive/riscv64-unknown-elf-gcc-8.3.0-2019.08.0/bin/../lib/gcc/riscv64-unknown-elf/8.3.0/../../../../riscv64-unknown-elf/lib/rv32imac/ilp32\libc_nano.a(lib_a-printf.o) (__sinit)
d:/hifive1-revb/freedomstudio-2019-08-2-win64/sifive/riscv64-unknown-elf-gcc-8.3.0-2019.08.0/bin/../lib/gcc/riscv64-unknown-elf/8.3.0/../../../../riscv64-unknown-elf/lib/rv32imac/ilp32\libc_nano.a(lib_a-fwalk.o)
                              d:/hifive1-revb/freedomstudio-2019-08-2-win64/sifive/riscv64-unknown-elf-gcc-8.3.0-2019.08.0/bin/../lib/gcc/riscv64-unknown-elf/8.3.0/../../../../riscv64-unknown-elf/lib/rv32imac/ilp32\libc_nano.a(lib_a-findfp.o) (_fwalk)
d:/hifive1-revb/freedomstudio-2019-08-2-win64/sifive/riscv64-unknown-elf-gcc-8.3.0-2019.08.0/bin/../lib/gcc/riscv64-unknown-elf/8.3.0/../../../../riscv64-unknown-elf/lib/rv32imac/ilp32\libc_nano.a(lib_a-gettimeofdayr.o)
                              d:/hifive1-revb/freedomstudio-2019-08-2-win64/sifive/riscv64-unknown-elf-gcc-8.3.0-2019.08.0/bin/../lib/gcc/riscv64-unknown-elf/8.3.0/../../../../riscv64-unknown-elf/lib/rv32imac/ilp32\libc_nano.a(lib_a-time.o) (_gettimeofday_r)
d:/hifive1-revb/freedomstudio-2019-08-2-win64/sifive/riscv64-unknown-elf-gcc-8.3.0-2019.08.0/bin/../lib/gcc/riscv64-unknown-elf/8.3.0/../../../../riscv64-unknown-elf/lib/rv32imac/ilp32\libc_nano.a(lib_a-impure.o)
[...]
Memory Configuration

Name             Origin             Length             Attributes
flash            0x0000000020010000 0x000000000006a120 axrl !w
itim             0x0000000008000000 0x0000000000002000 xw !arl
ram              0x0000000080000000 0x0000000000004000 axw !rl
*default*        0x0000000000000000 0xffffffffffffffff

Linker script and memory map

LOAD C:\Users\win10\AppData\Local\Temp\cc46eepe.o
LOAD C:\Users\win10\AppData\Local\Temp\ccBww0Bn.o
START GROUP
LOAD d:/hifive1-revb/freedomstudio-2019-08-2-win64/sifive/riscv64-unknown-elf-gcc-8.3.0-2019.08.0/bin/../lib/gcc/riscv64-unknown-elf/8.3.0/../../../../riscv64-unknown-elf/lib/rv32imac/ilp32\libc_nano.a
LOAD d:/hifive1-revb/freedomstudio-2019-08-2-win64/sifive/riscv64-unknown-elf-gcc-8.3.0-2019.08.0/bin/../lib/gcc/riscv64-unknown-elf/8.3.0/rv32imac/ilp32\libgcc.a
LOAD d:/hifive1-revb/freedomstudio-2019-08-2-win64/sifive/riscv64-unknown-elf-gcc-8.3.0-2019.08.0/bin/../lib/gcc/riscv64-unknown-elf/8.3.0/../../../../riscv64-unknown-elf/lib/rv32imac/ilp32\libm.a
LOAD D:/hifive1-revb/hifive1-revb-test-i2c-with-arduino/SiFive/sifive-hifive1-revb-i2c/bsp/install/lib/debug/\libmetal.a
LOAD D:/hifive1-revb/hifive1-revb-test-i2c-with-arduino/SiFive/sifive-hifive1-revb-i2c/bsp/install/lib/debug/\libmetal-gloss.a
END GROUP
                0x0000000000000400                __stack_size = DEFINED (__stack_size)?__stack_size:0x400
                [!provide]                        PROVIDE (__stack_size = __stack_size)
                0x0000000000000800                __heap_size = DEFINED (__heap_size)?__heap_size:0x800
                0x0000000000000000                PROVIDE (__metal_boot_hart = 0x0)
                0x0000000000000000                PROVIDE (__metal_chicken_bit = 0x0)

.init           0x0000000020010000      0x194
 *(.text.metal.init.enter)
 .text.metal.init.enter
                0x0000000020010000       0x60 D:/hifive1-revb/hifive1-revb-test-i2c-with-arduino/SiFive/sifive-hifive1-revb-i2c/bsp/install/lib/debug/\libmetal.a(libriscv__mmachine__sifive-hifive1-revb_a-entry.o)
                0x0000000020010000                _enter
 *(.text.metal.init.*)
 *fill*         0x0000000020010060        0x0 
 .text.metal.init.trapvec
                0x0000000020010060        0xe D:/hifive1-revb/hifive1-revb-test-i2c-with-arduino/SiFive/sifive-hifive1-revb-i2c/bsp/install/lib/debug/\libmetal.a(libriscv__mmachine__sifive-hifive1-revb_a-entry.o)
 .text.metal.init.__register_frame_info
                0x000000002001006e        0x2 D:/hifive1-revb/hifive1-revb-test-i2c-with-arduino/SiFive/sifive-hifive1-revb-i2c/bsp/install/lib/debug/\libmetal.a(libriscv__mmachine__sifive-hifive1-revb_a-entry.o)
                0x000000002001006e                __register_frame_info
 *(SORT_NONE(.init))
 .init          0x0000000020010070        0xe D:/hifive1-revb/hifive1-revb-test-i2c-with-arduino/SiFive/sifive-hifive1-revb-i2c/bsp/install/lib/debug/\libmetal.a(libriscv__mmachine__sifive-hifive1-revb_a-synchronize_harts.o)
                0x0000000020010070                __metal_synchronize_harts
 *(.text.libgloss.start)
 .text.libgloss.start
                0x000000002001007e      0x116 D:/hifive1-revb/hifive1-revb-test-i2c-with-arduino/SiFive/sifive-hifive1-revb-i2c/bsp/install/lib/debug/\libmetal-gloss.a(crt0.o)
                0x000000002001007e                _start
                0x0000000020010174                _fini
                0x0000000020010174                _init
                0x0000000020010176                secondary_main

.fini
 *(SORT_NONE(.fini))

.text           0x0000000020010200     0x68a0
 *(.text.unlikely .text.unlikely.*)
 *(.text.startup .text.startup.*)
 *(.text .text.*)
 .text.main     0x0000000020010200       0x58 C:\Users\win10\AppData\Local\Temp\cc46eepe.o
                0x0000000020010200                main
 .text.master_recv
                0x0000000020010258       0xbc C:\Users\win10\AppData\Local\Temp\cc46eepe.o
 .text.driver_i2c0_write_addr
                0x0000000020010314      0x148 C:\Users\win10\AppData\Local\Temp\ccBww0Bn.o
 .text.driver_sifive_gpio0_enable_io
                0x000000002001045c       0x5a C:\Users\win10\AppData\Local\Temp\ccBww0Bn.o
 .text.driver_i2c0_init
                0x00000000200104b6       0x60 C:\Users\win10\AppData\Local\Temp\ccBww0Bn.o
                0x00000000200104b6                driver_i2c0_init
 .text.driver_i2c0_set_baud_rate
                0x0000000020010516       0xfa C:\Users\win10\AppData\Local\Temp\ccBww0Bn.o
                0x0000000020010516                driver_i2c0_set_baud_rate
 .text.driver_i2c0_read
                0x0000000020010610      0x132 C:\Users\win10\AppData\Local\Temp\ccBww0Bn.o
                0x0000000020010610                driver_i2c0_read
 .text          0x0000000020010742       0xa8 d:/hifive1-revb/freedomstudio-2019-08-2-win64/sifive/riscv64-unknown-elf-gcc-8.3.0-2019.08.0/bin/../lib/gcc/riscv64-unknown-elf/8.3.0/../../../../riscv64-unknown-elf/lib/rv32imac/ilp32\libc_nano.a(lib_a-memset.o)
                0x0000000020010742                memset
 .text.printf   0x00000000200107ea       0x44 d:/hifive1-revb/freedomstudio-2019-08-2-win64/sifive/riscv64-unknown-elf-gcc-8.3.0-2019.08.0/bin/../lib/gcc/riscv64-unknown-elf/8.3.0/../../../../riscv64-unknown-elf/lib/rv32imac/ilp32\libc_nano.a(lib_a-printf.o)
                0x00000000200107ea                iprintf
                0x00000000200107ea                printf
 .text._puts_r  0x000000002001082e       0xda d:/hifive1-revb/freedomstudio-2019-08-2-win64/sifive/riscv64-unknown-elf-gcc-8.3.0-2019.08.0/bin/../lib/gcc/riscv64-unknown-elf/8.3.0/../../../../riscv64-unknown-elf/lib/rv32imac/ilp32\libc_nano.a(lib_a-puts.o)
                0x000000002001082e                _puts_r
 .text.puts     0x0000000020010908        0xe d:/hifive1-revb/freedomstudio-2019-08-2-win64/sifive/riscv64-unknown-elf-gcc-8.3.0-2019.08.0/bin/../lib/gcc/riscv64-unknown-elf/8.3.0/../../../../riscv64-unknown-elf/lib/rv32imac/ilp32\libc_nano.a(lib_a-puts.o)
                0x0000000020010908                puts
 .text.time     0x0000000020010916       0x36 d:/hifive1-revb/freedomstudio-2019-08-2-win64/sifive/riscv64-unknown-elf-gcc-8.3.0-2019.08.0/bin/../lib/gcc/riscv64-unknown-elf/8.3.0/../../../../riscv64-unknown-elf/lib/rv32imac/ilp32\libc_nano.a(lib_a-time.o)
                0x0000000020010916                time
 .text.__swbuf_r
                0x000000002001094c       0xc0 d:/hifive1-revb/freedomstudio-2019-08-2-win64/sifive/riscv64-unknown-elf-gcc-8.3.0-2019.08.0/bin/../lib/gcc/riscv64-unknown-elf/8.3.0/../../../../riscv64-unknown-elf/lib/rv32imac/ilp32\libc_nano.a(lib_a-wbuf.o)
                0x000000002001094c                __swbuf_r
 .text.__swsetup_r
                0x0000000020010a0c      0x110 d:/hifive1-revb/freedomstudio-2019-08-2-win64/sifive/riscv64-unknown-elf-gcc-8.3.0-2019.08.0/bin/../lib/gcc/riscv64-unknown-elf/8.3.0/../../../../riscv64-unknown-elf/lib/rv32imac/ilp32\libc_nano.a(lib_a-wsetup.o)
                0x0000000020010a0c                __swsetup_r
 .text.__sflush_r
                0x0000000020010b1c      0x14a d:/hifive1-revb/freedomstudio-2019-08-2-win64/sifive/riscv64-unknown-elf-gcc-8.3.0-2019.08.0/bin/../lib/gcc/riscv64-unknown-elf/8.3.0/../../../../riscv64-unknown-elf/lib/rv32imac/ilp32\libc_nano.a(lib_a-fflush.o)
                0x0000000020010b1c                __sflush_r
 .text._fflush_r
                0x0000000020010c66       0x64 d:/hifive1-revb/freedomstudio-2019-08-2-win64/sifive/riscv64-unknown-elf-gcc-8.3.0-2019.08.0/bin/../lib/gcc/riscv64-unknown-elf/8.3.0/../../../../riscv64-unknown-elf/lib/rv32imac/ilp32\libc_nano.a(lib_a-fflush.o)
                0x0000000020010c66                _fflush_r
 .text.std      0x0000000020010cca       0x68 d:/hifive1-revb/freedomstudio-2019-08-2-win64/sifive/riscv64-unknown-elf-gcc-8.3.0-2019.08.0/bin/../lib/gcc/riscv64-unknown-elf/8.3.0/../../../../riscv64-unknown-elf/lib/rv32imac/ilp32\libc_nano.a(lib_a-findfp.o)
 .text._cleanup_r
                0x0000000020010d32        0xa d:/hifive1-revb/freedomstudio-2019-08-2-win64/sifive/riscv64-unknown-elf-gcc-8.3.0-2019.08.0/bin/../lib/gcc/riscv64-unknown-elf/8.3.0/../../../../riscv64-unknown-elf/lib/rv32imac/ilp32\libc_nano.a(lib_a-findfp.o)
                0x0000000020010d32                _cleanup_r
 .text.__sfmoreglue
                0x0000000020010d3c       0x44 d:/hifive1-revb/freedomstudio-2019-08-2-win64/sifive/riscv64-unknown-elf-gcc-8.3.0-2019.08.0/bin/../lib/gcc/riscv64-unknown-elf/8.3.0/../../../../riscv64-unknown-elf/lib/rv32imac/ilp32\libc_nano.a(lib_a-findfp.o)
                0x0000000020010d3c                __sfmoreglue
 .text.__sinit  0x0000000020010d80       0x6a d:/hifive1-revb/freedomstudio-2019-08-2-win64/sifive/riscv64-unknown-elf-gcc-8.3.0-2019.08.0/bin/../lib/gcc/riscv64-unknown-elf/8.3.0/../../../../riscv64-unknown-elf/lib/rv32imac/ilp32\libc_nano.a(lib_a-findfp.o)
                0x0000000020010d80                __sinit
 .text.__sfp    0x0000000020010dea       0xa0 d:/hifive1-revb/freedomstudio-2019-08-2-win64/sifive/riscv64-unknown-elf-gcc-8.3.0-2019.08.0/bin/../lib/gcc/riscv64-unknown-elf/8.3.0/../../../../riscv64-unknown-elf/lib/rv32imac/ilp32\libc_nano.a(lib_a-findfp.o)
                0x0000000020010dea                __sfp
 .text._fwalk_reent
                0x0000000020010e8a       0x6c d:/hifive1-revb/freedomstudio-2019-08-2-win64/sifive/riscv64-unknown-elf-gcc-8.3.0-2019.08.0/bin/../lib/gcc/riscv64-unknown-elf/8.3.0/../../../../riscv64-unknown-elf/lib/rv32imac/ilp32\libc_nano.a(lib_a-fwalk.o)
                0x0000000020010e8a                _fwalk_reent
 .text._gettimeofday_r
                0x0000000020010ef6       0x2c d:/hifive1-revb/freedomstudio-2019-08-2-win64/sifive/riscv64-unknown-elf-gcc-8.3.0-2019.08.0/bin/../lib/gcc/riscv64-unknown-elf/8.3.0/../../../../riscv64-unknown-elf/lib/rv32imac/ilp32\libc_nano.a(lib_a-gettimeofdayr.o)
                0x0000000020010ef6                _gettimeofday_r
 .text.__swhatbuf_r
                0x0000000020010f22       0x5a d:/hifive1-revb/freedomstudio-2019-08-2-win64/sifive/riscv64-unknown-elf-gcc-8.3.0-2019.08.0/bin/../lib/gcc/riscv64-unknown-elf/8.3.0/../../../../riscv64-unknown-elf/lib/rv32imac/ilp32\libc_nano.a(lib_a-makebuf.o)
                0x0000000020010f22                __swhatbuf_r
 .text.__smakebuf_r
                0x0000000020010f7c       0x9e d:/hifive1-revb/freedomstudio-2019-08-2-win64/sifive/riscv64-unknown-elf-gcc-8.3.0-2019.08.0/bin/../lib/gcc/riscv64-unknown-elf/8.3.0/../../../../riscv64-unknown-elf/lib/rv32imac/ilp32\libc_nano.a(lib_a-makebuf.o)
                0x0000000020010f7c                __smakebuf_r
 .text._free_r  0x000000002001101a       0xb0 d:/hifive1-revb/freedomstudio-2019-08-2-win64/sifive/riscv64-unknown-elf-gcc-8.3.0-2019.08.0/bin/../lib/gcc/riscv64-unknown-elf/8.3.0/../../../../riscv64-unknown-elf/lib/rv32imac/ilp32\libc_nano.a(lib_a-nano-freer.o)
                0x000000002001101a                _free_r
 .text._malloc_r
                0x00000000200110ca       0xe4 d:/hifive1-revb/freedomstudio-2019-08-2-win64/sifive/riscv64-unknown-elf-gcc-8.3.0-2019.08.0/bin/../lib/gcc/riscv64-unknown-elf/8.3.0/../../../../riscv64-unknown-elf/lib/rv32imac/ilp32\libc_nano.a(lib_a-nano-mallocr.o)
                0x00000000200110ca                _malloc_r
 .text._printf_common
                0x00000000200111ae      0x10c d:/hifive1-revb/freedomstudio-2019-08-2-win64/sifive/riscv64-unknown-elf-gcc-8.3.0-2019.08.0/bin/../lib/gcc/riscv64-unknown-elf/8.3.0/../../../../riscv64-unknown-elf/lib/rv32imac/ilp32\libc_nano.a(lib_a-nano-vfprintf_i.o)
                0x00000000200111ae                _printf_common
 .text._printf_i
                0x00000000200112ba      0x2a2 d:/hifive1-revb/freedomstudio-2019-08-2-win64/sifive/riscv64-unknown-elf-gcc-8.3.0-2019.08.0/bin/../lib/gcc/riscv64-unknown-elf/8.3.0/../../../../riscv64-unknown-elf/lib/rv32imac/ilp32\libc_nano.a(lib_a-nano-vfprintf_i.o)
                0x00000000200112ba                _printf_i
 .text.__sfputc_r
                0x000000002001155c       0x2a d:/hifive1-revb/freedomstudio-2019-08-2-win64/sifive/riscv64-unknown-elf-gcc-8.3.0-2019.08.0/bin/../lib/gcc/riscv64-unknown-elf/8.3.0/../../../../riscv64-unknown-elf/lib/rv32imac/ilp32\libc_nano.a(lib_a-nano-vfprintf.o)
 .text.__sfputs_r
                0x0000000020011586       0x42 d:/hifive1-revb/freedomstudio-2019-08-2-win64/sifive/riscv64-unknown-elf-gcc-8.3.0-2019.08.0/bin/../lib/gcc/riscv64-unknown-elf/8.3.0/../../../../riscv64-unknown-elf/lib/rv32imac/ilp32\libc_nano.a(lib_a-nano-vfprintf.o)
                0x0000000020011586                __sfputs_r
 .text._vfprintf_r
                0x00000000200115c8      0x29a d:/hifive1-revb/freedomstudio-2019-08-2-win64/sifive/riscv64-unknown-elf-gcc-8.3.0-2019.08.0/bin/../lib/gcc/riscv64-unknown-elf/8.3.0/../../../../riscv64-unknown-elf/lib/rv32imac/ilp32\libc_nano.a(lib_a-nano-vfprintf.o)
                0x00000000200115c8                _vfprintf_r
                0x00000000200115c8                _vfiprintf_r
 .text._sbrk_r  0x0000000020011862       0x2a d:/hifive1-revb/freedomstudio-2019-08-2-win64/sifive/riscv64-unknown-elf-gcc-8.3.0-2019.08.0/bin/../lib/gcc/riscv64-unknown-elf/8.3.0/../../../../riscv64-unknown-elf/lib/rv32imac/ilp32\libc_nano.a(lib_a-sbrkr.o)
                0x0000000020011862                _sbrk_r
 .text.__sread  0x000000002001188c       0x30 d:/hifive1-revb/freedomstudio-2019-08-2-win64/sifive/riscv64-unknown-elf-gcc-8.3.0-2019.08.0/bin/../lib/gcc/riscv64-unknown-elf/8.3.0/../../../../riscv64-unknown-elf/lib/rv32imac/ilp32\libc_nano.a(lib_a-stdio.o)
                0x000000002001188c                __sread
 .text.__swrite
                0x00000000200118bc       0x4e d:/hifive1-revb/freedomstudio-2019-08-2-win64/sifive/riscv64-unknown-elf-gcc-8.3.0-2019.08.0/bin/../lib/gcc/riscv64-unknown-elf/8.3.0/../../../../riscv64-unknown-elf/lib/rv32imac/ilp32\libc_nano.a(lib_a-stdio.o)
                0x00000000200118bc                __swrite
 .text.__sseek  0x000000002001190a       0x36 d:/hifive1-revb/freedomstudio-2019-08-2-win64/sifive/riscv64-unknown-elf-gcc-8.3.0-2019.08.0/bin/../lib/gcc/riscv64-unknown-elf/8.3.0/../../../../riscv64-unknown-elf/lib/rv32imac/ilp32\libc_nano.a(lib_a-stdio.o)
                0x000000002001190a                __sseek
 .text.__sclose
                0x0000000020011940        0x6 d:/hifive1-revb/freedomstudio-2019-08-2-win64/sifive/riscv64-unknown-elf-gcc-8.3.0-2019.08.0/bin/../lib/gcc/riscv64-unknown-elf/8.3.0/../../../../riscv64-unknown-elf/lib/rv32imac/ilp32\libc_nano.a(lib_a-stdio.o)
                0x0000000020011940                __sclose
 .text._write_r
                0x0000000020011946       0x2e d:/hifive1-revb/freedomstudio-2019-08-2-win64/sifive/riscv64-unknown-elf-gcc-8.3.0-2019.08.0/bin/../lib/gcc/riscv64-unknown-elf/8.3.0/../../../../riscv64-unknown-elf/lib/rv32imac/ilp32\libc_nano.a(lib_a-writer.o)
                0x0000000020011946                _write_r
 .text._close_r
                0x0000000020011974       0x2a d:/hifive1-revb/freedomstudio-2019-08-2-win64/sifive/riscv64-unknown-elf-gcc-8.3.0-2019.08.0/bin/../lib/gcc/riscv64-unknown-elf/8.3.0/../../../../riscv64-unknown-elf/lib/rv32imac/ilp32\libc_nano.a(lib_a-closer.o)
                0x0000000020011974                _close_r
 .text._fstat_r
                0x000000002001199e       0x2c d:/hifive1-revb/freedomstudio-2019-08-2-win64/sifive/riscv64-unknown-elf-gcc-8.3.0-2019.08.0/bin/../lib/gcc/riscv64-unknown-elf/8.3.0/../../../../riscv64-unknown-elf/lib/rv32imac/ilp32\libc_nano.a(lib_a-fstatr.o)
                0x000000002001199e                _fstat_r
 .text._isatty_r
                0x00000000200119ca       0x2a d:/hifive1-revb/freedomstudio-2019-08-2-win64/sifive/riscv64-unknown-elf-gcc-8.3.0-2019.08.0/bin/../lib/gcc/riscv64-unknown-elf/8.3.0/../../../../riscv64-unknown-elf/lib/rv32imac/ilp32\libc_nano.a(lib_a-isattyr.o)
                0x00000000200119ca                _isatty_r
 .text._lseek_r
                0x00000000200119f4       0x2e d:/hifive1-revb/freedomstudio-2019-08-2-win64/sifive/riscv64-unknown-elf-gcc-8.3.0-2019.08.0/bin/../lib/gcc/riscv64-unknown-elf/8.3.0/../../../../riscv64-unknown-elf/lib/rv32imac/ilp32\libc_nano.a(lib_a-lseekr.o)
                0x00000000200119f4                _lseek_r
 .text.memchr   0x0000000020011a22       0x1a d:/hifive1-revb/freedomstudio-2019-08-2-win64/sifive/riscv64-unknown-elf-gcc-8.3.0-2019.08.0/bin/../lib/gcc/riscv64-unknown-elf/8.3.0/../../../../riscv64-unknown-elf/lib/rv32imac/ilp32\libc_nano.a(lib_a-memchr.o)
                0x0000000020011a22                memchr
 .text.__malloc_lock
                0x0000000020011a3c        0x2 d:/hifive1-revb/freedomstudio-2019-08-2-win64/sifive/riscv64-unknown-elf-gcc-8.3.0-2019.08.0/bin/../lib/gcc/riscv64-unknown-elf/8.3.0/../../../../riscv64-unknown-elf/lib/rv32imac/ilp32\libc_nano.a(lib_a-mlock.o)
                0x0000000020011a3c                __malloc_lock
 .text.__malloc_unlock
                0x0000000020011a3e        0x2 d:/hifive1-revb/freedomstudio-2019-08-2-win64/sifive/riscv64-unknown-elf-gcc-8.3.0-2019.08.0/bin/../lib/gcc/riscv64-unknown-elf/8.3.0/../../../../riscv64-unknown-elf/lib/rv32imac/ilp32\libc_nano.a(lib_a-mlock.o)
                0x0000000020011a3e                __malloc_unlock
 .text._read_r  0x0000000020011a40       0x2e d:/hifive1-revb/freedomstudio-2019-08-2-win64/sifive/riscv64-unknown-elf-gcc-8.3.0-2019.08.0/bin/../lib/gcc/riscv64-unknown-elf/8.3.0/../../../../riscv64-unknown-elf/lib/rv32imac/ilp32\libc_nano.a(lib_a-readr.o)
                0x0000000020011a40                _read_r
 .text.__metal_driver_sifive_clint0_control_base
                0x0000000020011a6e       0x2a D:/hifive1-revb/hifive1-revb-test-i2c-with-arduino/SiFive/sifive-hifive1-revb-i2c/bsp/install/lib/debug/\libmetal.a(libriscv__mmachine__sifive-hifive1-revb_a-riscv_clint0.o)
 .text.__metal_driver_sifive_clint0_num_interrupts
                0x0000000020011a98       0x28 D:/hifive1-revb/hifive1-revb-test-i2c-with-arduino/SiFive/sifive-hifive1-revb-i2c/bsp/install/lib/debug/\libmetal.a(libriscv__mmachine__sifive-hifive1-revb_a-riscv_clint0.o)
 .text.__metal_driver_sifive_clint0_interrupt_parents
                0x0000000020011ac0       0x3c D:/hifive1-revb/hifive1-revb-test-i2c-with-arduino/SiFive/sifive-hifive1-revb-i2c/bsp/install/lib/debug/\libmetal.a(libriscv__mmachine__sifive-hifive1-revb_a-riscv_clint0.o)
 .text.__metal_driver_sifive_clint0_interrupt_lines
                0x0000000020011afc       0x30 D:/hifive1-revb/hifive1-revb-test-i2c-with-arduino/SiFive/sifive-hifive1-revb-i2c/bsp/install/lib/debug/\libmetal.a(libriscv__mmachine__sifive-hifive1-revb_a-riscv_clint0.o)
 .text.__metal_clint0_mtime_get
                0x0000000020011b2c       0x9a D:/hifive1-revb/hifive1-revb-test-i2c-with-arduino/SiFive/sifive-hifive1-revb-i2c/bsp/install/lib/debug/\libmetal.a(libriscv__mmachine__sifive-hifive1-revb_a-riscv_clint0.o)
                0x0000000020011b2c                __metal_clint0_mtime_get
 .text.__metal_driver_riscv_clint0_mtimecmp_set
                0x0000000020011bc6       0x96 D:/hifive1-revb/hifive1-revb-test-i2c-with-arduino/SiFive/sifive-hifive1-revb-i2c/bsp/install/lib/debug/\libmetal.a(libriscv__mmachine__sifive-hifive1-revb_a-riscv_clint0.o)
                0x0000000020011bc6                __metal_driver_riscv_clint0_mtimecmp_set
 .text._get_cpu_intc
                0x0000000020011c5c       0x36 D:/hifive1-revb/hifive1-revb-test-i2c-with-arduino/SiFive/sifive-hifive1-revb-i2c/bsp/install/lib/debug/\libmetal.a(libriscv__mmachine__sifive-hifive1-revb_a-riscv_clint0.o)
 .text.__metal_driver_riscv_clint0_init
                0x0000000020011c92       0x88 D:/hifive1-revb/hifive1-revb-test-i2c-with-arduino/SiFive/sifive-hifive1-revb-i2c/bsp/install/lib/debug/\libmetal.a(libriscv__mmachine__sifive-hifive1-revb_a-riscv_clint0.o)
                0x0000000020011c92                __metal_driver_riscv_clint0_init
 .text.__metal_driver_riscv_clint0_register
                0x0000000020011d1a       0xda D:/hifive1-revb/hifive1-revb-test-i2c-with-arduino/SiFive/sifive-hifive1-revb-i2c/bsp/install/lib/debug/\libmetal.a(libriscv__mmachine__sifive-hifive1-revb_a-riscv_clint0.o)
                0x0000000020011d1a                __metal_driver_riscv_clint0_register
 .text.__metal_driver_riscv_clint0_vector_register
                0x0000000020011df4       0x28 D:/hifive1-revb/hifive1-revb-test-i2c-with-arduino/SiFive/sifive-hifive1-revb-i2c/bsp/install/lib/debug/\libmetal.a(libriscv__mmachine__sifive-hifive1-revb_a-riscv_clint0.o)
                0x0000000020011df4                __metal_driver_riscv_clint0_vector_register
 .text.__metal_driver_riscv_clint0_get_vector_mode
                0x0000000020011e1c       0x1c D:/hifive1-revb/hifive1-revb-test-i2c-with-arduino/SiFive/sifive-hifive1-revb-i2c/bsp/install/lib/debug/\libmetal.a(libriscv__mmachine__sifive-hifive1-revb_a-riscv_clint0.o)
                0x0000000020011e1c                __metal_driver_riscv_clint0_get_vector_mode
 .text.__metal_driver_riscv_clint0_set_vector_mode
                0x0000000020011e38       0x54 D:/hifive1-revb/hifive1-revb-test-i2c-with-arduino/SiFive/sifive-hifive1-revb-i2c/bsp/install/lib/debug/\libmetal.a(libriscv__mmachine__sifive-hifive1-revb_a-riscv_clint0.o)
                0x0000000020011e38                __metal_driver_riscv_clint0_set_vector_mode
 .text.__metal_driver_riscv_clint0_enable
                0x0000000020011e8c       0xb2 D:/hifive1-revb/hifive1-revb-test-i2c-with-arduino/SiFive/sifive-hifive1-revb-i2c/bsp/install/lib/debug/\libmetal.a(libriscv__mmachine__sifive-hifive1-revb_a-riscv_clint0.o)
                0x0000000020011e8c                __metal_driver_riscv_clint0_enable
 .text.__metal_driver_riscv_clint0_disable
                0x0000000020011f3e       0xb2 D:/hifive1-revb/hifive1-revb-test-i2c-with-arduino/SiFive/sifive-hifive1-revb-i2c/bsp/install/lib/debug/\libmetal.a(libriscv__mmachine__sifive-hifive1-revb_a-riscv_clint0.o)
                0x0000000020011f3e                __metal_driver_riscv_clint0_disable
 .text.__metal_driver_riscv_clint0_command_request
                0x0000000020011ff0      0x132 D:/hifive1-revb/hifive1-revb-test-i2c-with-arduino/SiFive/sifive-hifive1-revb-i2c/bsp/install/lib/debug/\libmetal.a(libriscv__mmachine__sifive-hifive1-revb_a-riscv_clint0.o)
                0x0000000020011ff0                __metal_driver_riscv_clint0_command_request
 .text.__metal_driver_riscv_clint0_clear_interrupt
                0x0000000020012122       0x34 D:/hifive1-revb/hifive1-revb-test-i2c-with-arduino/SiFive/sifive-hifive1-revb-i2c/bsp/install/lib/debug/\libmetal.a(libriscv__mmachine__sifive-hifive1-revb_a-riscv_clint0.o)
                0x0000000020012122                __metal_driver_riscv_clint0_clear_interrupt
 .text.__metal_driver_riscv_clint0_set_interrupt
                0x0000000020012156       0x34 D:/hifive1-revb/hifive1-revb-test-i2c-with-arduino/SiFive/sifive-hifive1-revb-i2c/bsp/install/lib/debug/\libmetal.a(libriscv__mmachine__sifive-hifive1-revb_a-riscv_clint0.o)
                0x0000000020012156                __metal_driver_riscv_clint0_set_interrupt
 .text.__metal_driver_cpu_hartid
                0x000000002001218a       0x24 D:/hifive1-revb/hifive1-revb-test-i2c-with-arduino/SiFive/sifive-hifive1-revb-i2c/bsp/install/lib/debug/\libmetal.a(libriscv__mmachine__sifive-hifive1-revb_a-riscv_cpu.o)
 .text.__metal_driver_cpu_timebase
                0x00000000200121ae       0x2a D:/hifive1-revb/hifive1-revb-test-i2c-with-arduino/SiFive/sifive-hifive1-revb-i2c/bsp/install/lib/debug/\libmetal.a(libriscv__mmachine__sifive-hifive1-revb_a-riscv_cpu.o)
 .text.__metal_driver_cpu_interrupt_controller
                0x00000000200121d8       0x2a D:/hifive1-revb/hifive1-revb-test-i2c-with-arduino/SiFive/sifive-hifive1-revb-i2c/bsp/install/lib/debug/\libmetal.a(libriscv__mmachine__sifive-hifive1-revb_a-riscv_cpu.o)
 .text.__metal_driver_cpu_get
                0x0000000020012202       0x30 D:/hifive1-revb/hifive1-revb-test-i2c-with-arduino/SiFive/sifive-hifive1-revb-i2c/bsp/install/lib/debug/\libmetal.a(libriscv__mmachine__sifive-hifive1-revb_a-riscv_cpu.o)
                0x0000000020012202                __metal_driver_cpu_get
 .text.__metal_myhart_id
                0x0000000020012232       0x1a D:/hifive1-revb/hifive1-revb-test-i2c-with-arduino/SiFive/sifive-hifive1-revb-i2c/bsp/install/lib/debug/\libmetal.a(libriscv__mmachine__sifive-hifive1-revb_a-riscv_cpu.o)
                0x0000000020012232                __metal_myhart_id
 .text.__metal_interrupt_global_enable
                0x000000002001224c       0x18 D:/hifive1-revb/hifive1-revb-test-i2c-with-arduino/SiFive/sifive-hifive1-revb-i2c/bsp/install/lib/debug/\libmetal.a(libriscv__mmachine__sifive-hifive1-revb_a-riscv_cpu.o)
                0x000000002001224c                __metal_interrupt_global_enable
 .text.__metal_interrupt_global_disable
                0x0000000020012264       0x18 D:/hifive1-revb/hifive1-revb-test-i2c-with-arduino/SiFive/sifive-hifive1-revb-i2c/bsp/install/lib/debug/\libmetal.a(libriscv__mmachine__sifive-hifive1-revb_a-riscv_cpu.o)
                0x0000000020012264                __metal_interrupt_global_disable
 .text.__metal_interrupt_software_enable
                0x000000002001227c       0x18 D:/hifive1-revb/hifive1-revb-test-i2c-with-arduino/SiFive/sifive-hifive1-revb-i2c/bsp/install/lib/debug/\libmetal.a(libriscv__mmachine__sifive-hifive1-revb_a-riscv_cpu.o)
                0x000000002001227c                __metal_interrupt_software_enable
 .text.__metal_interrupt_software_disable
                0x0000000020012294       0x18 D:/hifive1-revb/hifive1-revb-test-i2c-with-arduino/SiFive/sifive-hifive1-revb-i2c/bsp/install/lib/debug/\libmetal.a(libriscv__mmachine__sifive-hifive1-revb_a-riscv_cpu.o)
                0x0000000020012294                __metal_interrupt_software_disable
 .text.__metal_interrupt_timer_enable
                0x00000000200122ac       0x1a D:/hifive1-revb/hifive1-revb-test-i2c-with-arduino/SiFive/sifive-hifive1-revb-i2c/bsp/install/lib/debug/\libmetal.a(libriscv__mmachine__sifive-hifive1-revb_a-riscv_cpu.o)
                0x00000000200122ac                __metal_interrupt_timer_enable
 .text.__metal_interrupt_timer_disable
                0x00000000200122c6       0x1a D:/hifive1-revb/hifive1-revb-test-i2c-with-arduino/SiFive/sifive-hifive1-revb-i2c/bsp/install/lib/debug/\libmetal.a(libriscv__mmachine__sifive-hifive1-revb_a-riscv_cpu.o)
                0x00000000200122c6                __metal_interrupt_timer_disable
 .text.__metal_interrupt_external_enable
                0x00000000200122e0       0x1c D:/hifive1-revb/hifive1-revb-test-i2c-with-arduino/SiFive/sifive-hifive1-revb-i2c/bsp/install/lib/debug/\libmetal.a(libriscv__mmachine__sifive-hifive1-revb_a-riscv_cpu.o)
                0x00000000200122e0                __metal_interrupt_external_enable
 .text.__metal_interrupt_external_disable
                0x00000000200122fc       0x1c D:/hifive1-revb/hifive1-revb-test-i2c-with-arduino/SiFive/sifive-hifive1-revb-i2c/bsp/install/lib/debug/\libmetal.a(libriscv__mmachine__sifive-hifive1-revb_a-riscv_cpu.o)
                0x00000000200122fc                __metal_interrupt_external_disable
 .text.__metal_interrupt_local_enable
                0x0000000020012318       0x2c D:/hifive1-revb/hifive1-revb-test-i2c-with-arduino/SiFive/sifive-hifive1-revb-i2c/bsp/install/lib/debug/\libmetal.a(libriscv__mmachine__sifive-hifive1-revb_a-riscv_cpu.o)
                0x0000000020012318                __metal_interrupt_local_enable
 .text.__metal_interrupt_local_disable
                0x0000000020012344       0x2c D:/hifive1-revb/hifive1-revb-test-i2c-with-arduino/SiFive/sifive-hifive1-revb-i2c/bsp/install/lib/debug/\libmetal.a(libriscv__mmachine__sifive-hifive1-revb_a-riscv_cpu.o)
                0x0000000020012344                __metal_interrupt_local_disable
 .text.__metal_default_exception_handler
                0x0000000020012370       0x18 D:/hifive1-revb/hifive1-revb-test-i2c-with-arduino/SiFive/sifive-hifive1-revb-i2c/bsp/install/lib/debug/\libmetal.a(libriscv__mmachine__sifive-hifive1-revb_a-riscv_cpu.o)
                0x0000000020012370                __metal_default_exception_handler
 .text.__metal_default_interrupt_handler
                0x0000000020012388       0x18 D:/hifive1-revb/hifive1-revb-test-i2c-with-arduino/SiFive/sifive-hifive1-revb-i2c/bsp/install/lib/debug/\libmetal.a(libriscv__mmachine__sifive-hifive1-revb_a-riscv_cpu.o)
                0x0000000020012388                __metal_default_interrupt_handler
 .text.metal_interrupt_vector_handler
                0x00000000200123a0       0x2e D:/hifive1-revb/hifive1-revb-test-i2c-with-arduino/SiFive/sifive-hifive1-revb-i2c/bsp/install/lib/debug/\libmetal.a(libriscv__mmachine__sifive-hifive1-revb_a-riscv_cpu.o)
                0x00000000200123a0                metal_interrupt_vector_handler
 .text.metal_software_interrupt_vector_handler
                0x00000000200123ce       0x92 D:/hifive1-revb/hifive1-revb-test-i2c-with-arduino/SiFive/sifive-hifive1-revb-i2c/bsp/install/lib/debug/\libmetal.a(libriscv__mmachine__sifive-hifive1-revb_a-riscv_cpu.o)
                0x00000000200123ce                metal_software_interrupt_vector_handler
 .text.__metal_default_sw_handler
                0x0000000020012460       0x68 D:/hifive1-revb/hifive1-revb-test-i2c-with-arduino/SiFive/sifive-hifive1-revb-i2c/bsp/install/lib/debug/\libmetal.a(libriscv__mmachine__sifive-hifive1-revb_a-riscv_cpu.o)
                0x0000000020012460                __metal_default_sw_handler
 .text.metal_timer_interrupt_vector_handler
                0x00000000200124c8       0x92 D:/hifive1-revb/hifive1-revb-test-i2c-with-arduino/SiFive/sifive-hifive1-revb-i2c/bsp/install/lib/debug/\libmetal.a(libriscv__mmachine__sifive-hifive1-revb_a-riscv_cpu.o)
                0x00000000200124c8                metal_timer_interrupt_vector_handler
 .text.__metal_default_timer_handler
                0x000000002001255a       0x66 D:/hifive1-revb/hifive1-revb-test-i2c-with-arduino/SiFive/sifive-hifive1-revb-i2c/bsp/install/lib/debug/\libmetal.a(libriscv__mmachine__sifive-hifive1-revb_a-riscv_cpu.o)
                0x000000002001255a                __metal_default_timer_handler
 *fill*         0x00000000200125c0       0x40 
 .text.__metal_exception_handler
                0x0000000020012600      0x176 D:/hifive1-revb/hifive1-revb-test-i2c-with-arduino/SiFive/sifive-hifive1-revb-i2c/bsp/install/lib/debug/\libmetal.a(libriscv__mmachine__sifive-hifive1-revb_a-riscv_cpu.o)
                0x0000000020012600                __metal_exception_handler
 .text.metal_lc0_interrupt_vector_handler
                0x0000000020012776       0x96 D:/hifive1-revb/hifive1-revb-test-i2c-with-arduino/SiFive/sifive-hifive1-revb-i2c/bsp/install/lib/debug/\libmetal.a(libriscv__mmachine__sifive-hifive1-revb_a-riscv_cpu.o)
                0x0000000020012776                metal_lc0_interrupt_vector_handler
 .text.metal_lc1_interrupt_vector_handler
                0x000000002001280c       0x96 D:/hifive1-revb/hifive1-revb-test-i2c-with-arduino/SiFive/sifive-hifive1-revb-i2c/bsp/install/lib/debug/\libmetal.a(libriscv__mmachine__sifive-hifive1-revb_a-riscv_cpu.o)
                0x000000002001280c                metal_lc1_interrupt_vector_handler
 .text.metal_lc2_interrupt_vector_handler
                0x00000000200128a2       0x96 D:/hifive1-revb/hifive1-revb-test-i2c-with-arduino/SiFive/sifive-hifive1-revb-i2c/bsp/install/lib/debug/\libmetal.a(libriscv__mmachine__sifive-hifive1-revb_a-riscv_cpu.o)
                0x00000000200128a2                metal_lc2_interrupt_vector_handler
 .text.metal_lc3_interrupt_vector_handler
                0x0000000020012938       0x96 D:/hifive1-revb/hifive1-revb-test-i2c-with-arduino/SiFive/sifive-hifive1-revb-i2c/bsp/install/lib/debug/\libmetal.a(libriscv__mmachine__sifive-hifive1-revb_a-riscv_cpu.o)
                0x0000000020012938                metal_lc3_interrupt_vector_handler
 .text.metal_lc4_interrupt_vector_handler
                0x00000000200129ce       0x96 D:/hifive1-revb/hifive1-revb-test-i2c-with-arduino/SiFive/sifive-hifive1-revb-i2c/bsp/install/lib/debug/\libmetal.a(libriscv__mmachine__sifive-hifive1-revb_a-riscv_cpu.o)
                0x00000000200129ce                metal_lc4_interrupt_vector_handler
 .text.metal_lc5_interrupt_vector_handler
                0x0000000020012a64       0x96 D:/hifive1-revb/hifive1-revb-test-i2c-with-arduino/SiFive/sifive-hifive1-revb-i2c/bsp/install/lib/debug/\libmetal.a(libriscv__mmachine__sifive-hifive1-revb_a-riscv_cpu.o)
                0x0000000020012a64                metal_lc5_interrupt_vector_handler
 .text.metal_lc6_interrupt_vector_handler
                0x0000000020012afa       0x96 D:/hifive1-revb/hifive1-revb-test-i2c-with-arduino/SiFive/sifive-hifive1-revb-i2c/bsp/install/lib/debug/\libmetal.a(libriscv__mmachine__sifive-hifive1-revb_a-riscv_cpu.o)
                0x0000000020012afa                metal_lc6_interrupt_vector_handler
 .text.metal_lc7_interrupt_vector_handler
                0x0000000020012b90       0x96 D:/hifive1-revb/hifive1-revb-test-i2c-with-arduino/SiFive/sifive-hifive1-revb-i2c/bsp/install/lib/debug/\libmetal.a(libriscv__mmachine__sifive-hifive1-revb_a-riscv_cpu.o)
                0x0000000020012b90                metal_lc7_interrupt_vector_handler
 .text.metal_lc8_interrupt_vector_handler
                0x0000000020012c26       0x96 D:/hifive1-revb/hifive1-revb-test-i2c-with-arduino/SiFive/sifive-hifive1-revb-i2c/bsp/install/lib/debug/\libmetal.a(libriscv__mmachine__sifive-hifive1-revb_a-riscv_cpu.o)
                0x0000000020012c26                metal_lc8_interrupt_vector_handler
 .text.metal_lc9_interrupt_vector_handler
                0x0000000020012cbc       0x96 D:/hifive1-revb/hifive1-revb-test-i2c-with-arduino/SiFive/sifive-hifive1-revb-i2c/bsp/install/lib/debug/\libmetal.a(libriscv__mmachine__sifive-hifive1-revb_a-riscv_cpu.o)
                0x0000000020012cbc                metal_lc9_interrupt_vector_handler
 .text.metal_lc10_interrupt_vector_handler
                0x0000000020012d52       0x96 D:/hifive1-revb/hifive1-revb-test-i2c-with-arduino/SiFive/sifive-hifive1-revb-i2c/bsp/install/lib/debug/\libmetal.a(libriscv__mmachine__sifive-hifive1-revb_a-riscv_cpu.o)
                0x0000000020012d52                metal_lc10_interrupt_vector_handler
 .text.metal_lc11_interrupt_vector_handler
                0x0000000020012de8       0x96 D:/hifive1-revb/hifive1-revb-test-i2c-with-arduino/SiFive/sifive-hifive1-revb-i2c/bsp/install/lib/debug/\libmetal.a(libriscv__mmachine__sifive-hifive1-revb_a-riscv_cpu.o)
                0x0000000020012de8                metal_lc11_interrupt_vector_handler
 .text.metal_lc12_interrupt_vector_handler
                0x0000000020012e7e       0x96 D:/hifive1-revb/hifive1-revb-test-i2c-with-arduino/SiFive/sifive-hifive1-revb-i2c/bsp/install/lib/debug/\libmetal.a(libriscv__mmachine__sifive-hifive1-revb_a-riscv_cpu.o)
                0x0000000020012e7e                metal_lc12_interrupt_vector_handler
 .text.metal_lc13_interrupt_vector_handler
                0x0000000020012f14       0x96 D:/hifive1-revb/hifive1-revb-test-i2c-with-arduino/SiFive/sifive-hifive1-revb-i2c/bsp/install/lib/debug/\libmetal.a(libriscv__mmachine__sifive-hifive1-revb_a-riscv_cpu.o)
                0x0000000020012f14                metal_lc13_interrupt_vector_handler
 .text.metal_lc14_interrupt_vector_handler
                0x0000000020012faa       0x96 D:/hifive1-revb/hifive1-revb-test-i2c-with-arduino/SiFive/sifive-hifive1-revb-i2c/bsp/install/lib/debug/\libmetal.a(libriscv__mmachine__sifive-hifive1-revb_a-riscv_cpu.o)
                0x0000000020012faa                metal_lc14_interrupt_vector_handler
 .text.metal_lc15_interrupt_vector_handler
                0x0000000020013040       0x96 D:/hifive1-revb/hifive1-revb-test-i2c-with-arduino/SiFive/sifive-hifive1-revb-i2c/bsp/install/lib/debug/\libmetal.a(libriscv__mmachine__sifive-hifive1-revb_a-riscv_cpu.o)
                0x0000000020013040                metal_lc15_interrupt_vector_handler
 .text.__metal_controller_interrupt_vector_mode
                0x00000000200130d6       0x50 D:/hifive1-revb/hifive1-revb-test-i2c-with-arduino/SiFive/sifive-hifive1-revb-i2c/bsp/install/lib/debug/\libmetal.a(libriscv__mmachine__sifive-hifive1-revb_a-riscv_cpu.o)
                0x00000000200130d6                __metal_controller_interrupt_vector_mode
 .text.__metal_controller_interrupt_vector
                0x0000000020013126       0x98 D:/hifive1-revb/hifive1-revb-test-i2c-with-arduino/SiFive/sifive-hifive1-revb-i2c/bsp/install/lib/debug/\libmetal.a(libriscv__mmachine__sifive-hifive1-revb_a-riscv_cpu.o)
                0x0000000020013126                __metal_controller_interrupt_vector
 .text.__metal_valid_interrupt_id
                0x00000000200131be       0x38 D:/hifive1-revb/hifive1-revb-test-i2c-with-arduino/SiFive/sifive-hifive1-revb-i2c/bsp/install/lib/debug/\libmetal.a(libriscv__mmachine__sifive-hifive1-revb_a-riscv_cpu.o)
                0x00000000200131be                __metal_valid_interrupt_id
 .text.__metal_local_interrupt_enable
                0x00000000200131f6       0xbc D:/hifive1-revb/hifive1-revb-test-i2c-with-arduino/SiFive/sifive-hifive1-revb-i2c/bsp/install/lib/debug/\libmetal.a(libriscv__mmachine__sifive-hifive1-revb_a-riscv_cpu.o)
                0x00000000200131f6                __metal_local_interrupt_enable
 .text.__metal_exception_register
                0x00000000200132b2       0x4e D:/hifive1-revb/hifive1-revb-test-i2c-with-arduino/SiFive/sifive-hifive1-revb-i2c/bsp/install/lib/debug/\libmetal.a(libriscv__mmachine__sifive-hifive1-revb_a-riscv_cpu.o)
                0x00000000200132b2                __metal_exception_register
 .text.__metal_driver_riscv_cpu_controller_interrupt_init
                0x0000000020013300      0x13e D:/hifive1-revb/hifive1-revb-test-i2c-with-arduino/SiFive/sifive-hifive1-revb-i2c/bsp/install/lib/debug/\libmetal.a(libriscv__mmachine__sifive-hifive1-revb_a-riscv_cpu.o)
                0x0000000020013300                __metal_driver_riscv_cpu_controller_interrupt_init
 .text.__metal_driver_riscv_cpu_controller_interrupt_register
                0x000000002001343e      0x14e D:/hifive1-revb/hifive1-revb-test-i2c-with-arduino/SiFive/sifive-hifive1-revb-i2c/bsp/install/lib/debug/\libmetal.a(libriscv__mmachine__sifive-hifive1-revb_a-riscv_cpu.o)
                0x000000002001343e                __metal_driver_riscv_cpu_controller_interrupt_register
 .text.__metal_driver_riscv_cpu_controller_interrupt_enable
                0x000000002001358c       0x2a D:/hifive1-revb/hifive1-revb-test-i2c-with-arduino/SiFive/sifive-hifive1-revb-i2c/bsp/install/lib/debug/\libmetal.a(libriscv__mmachine__sifive-hifive1-revb_a-riscv_cpu.o)
                0x000000002001358c                __metal_driver_riscv_cpu_controller_interrupt_enable
 .text.__metal_driver_riscv_cpu_controller_interrupt_disable
                0x00000000200135b6       0x2a D:/hifive1-revb/hifive1-revb-test-i2c-with-arduino/SiFive/sifive-hifive1-revb-i2c/bsp/install/lib/debug/\libmetal.a(libriscv__mmachine__sifive-hifive1-revb_a-riscv_cpu.o)
                0x00000000200135b6                __metal_driver_riscv_cpu_controller_interrupt_disable
 .text.__metal_driver_riscv_cpu_controller_get_vector_mode
                0x00000000200135e0       0x1c D:/hifive1-revb/hifive1-revb-test-i2c-with-arduino/SiFive/sifive-hifive1-revb-i2c/bsp/install/lib/debug/\libmetal.a(libriscv__mmachine__sifive-hifive1-revb_a-riscv_cpu.o)
                0x00000000200135e0                __metal_driver_riscv_cpu_controller_get_vector_mode
 .text.__metal_driver_riscv_cpu_controller_set_vector_mode
                0x00000000200135fc       0x5c D:/hifive1-revb/hifive1-revb-test-i2c-with-arduino/SiFive/sifive-hifive1-revb-i2c/bsp/install/lib/debug/\libmetal.a(libriscv__mmachine__sifive-hifive1-revb_a-riscv_cpu.o)
                0x00000000200135fc                __metal_driver_riscv_cpu_controller_set_vector_mode
 .text.__metal_driver_riscv_cpu_controller_command_request
                0x0000000020013658       0x1c D:/hifive1-revb/hifive1-revb-test-i2c-with-arduino/SiFive/sifive-hifive1-revb-i2c/bsp/install/lib/debug/\libmetal.a(libriscv__mmachine__sifive-hifive1-revb_a-riscv_cpu.o)
                0x0000000020013658                __metal_driver_riscv_cpu_controller_command_request
 .text.__metal_driver_cpu_mcycle_get
                0x0000000020013674       0x72 D:/hifive1-revb/hifive1-revb-test-i2c-with-arduino/SiFive/sifive-hifive1-revb-i2c/bsp/install/lib/debug/\libmetal.a(libriscv__mmachine__sifive-hifive1-revb_a-riscv_cpu.o)
                0x0000000020013674                __metal_driver_cpu_mcycle_get
 .text.__metal_driver_cpu_timebase_get
                0x00000000200136e6       0x46 D:/hifive1-revb/hifive1-revb-test-i2c-with-arduino/SiFive/sifive-hifive1-revb-i2c/bsp/install/lib/debug/\libmetal.a(libriscv__mmachine__sifive-hifive1-revb_a-riscv_cpu.o)
                0x00000000200136e6                __metal_driver_cpu_timebase_get
 .text.__metal_driver_cpu_mtime_get
                0x000000002001372c       0x66 D:/hifive1-revb/hifive1-revb-test-i2c-with-arduino/SiFive/sifive-hifive1-revb-i2c/bsp/install/lib/debug/\libmetal.a(libriscv__mmachine__sifive-hifive1-revb_a-riscv_cpu.o)
                0x000000002001372c                __metal_driver_cpu_mtime_get
 .text.__metal_driver_cpu_mtimecmp_set
                0x0000000020013792       0x76 D:/hifive1-revb/hifive1-revb-test-i2c-with-arduino/SiFive/sifive-hifive1-revb-i2c/bsp/install/lib/debug/\libmetal.a(libriscv__mmachine__sifive-hifive1-revb_a-riscv_cpu.o)
                0x0000000020013792                __metal_driver_cpu_mtimecmp_set
 .text.__metal_driver_cpu_timer_controller_interrupt
                0x0000000020013808       0x1a D:/hifive1-revb/hifive1-revb-test-i2c-with-arduino/SiFive/sifive-hifive1-revb-i2c/bsp/install/lib/debug/\libmetal.a(libriscv__mmachine__sifive-hifive1-revb_a-riscv_cpu.o)
                0x0000000020013808                __metal_driver_cpu_timer_controller_interrupt
 .text.__metal_driver_cpu_get_timer_interrupt_id
                0x0000000020013822       0x14 D:/hifive1-revb/hifive1-revb-test-i2c-with-arduino/SiFive/sifive-hifive1-revb-i2c/bsp/install/lib/debug/\libmetal.a(libriscv__mmachine__sifive-hifive1-revb_a-riscv_cpu.o)
                0x0000000020013822                __metal_driver_cpu_get_timer_interrupt_id
 .text.__metal_driver_cpu_sw_controller_interrupt
                0x0000000020013836       0x1a D:/hifive1-revb/hifive1-revb-test-i2c-with-arduino/SiFive/sifive-hifive1-revb-i2c/bsp/install/lib/debug/\libmetal.a(libriscv__mmachine__sifive-hifive1-revb_a-riscv_cpu.o)
                0x0000000020013836                __metal_driver_cpu_sw_controller_interrupt
 .text.__metal_driver_cpu_get_sw_interrupt_id
                0x0000000020013850       0x14 D:/hifive1-revb/hifive1-revb-test-i2c-with-arduino/SiFive/sifive-hifive1-revb-i2c/bsp/install/lib/debug/\libmetal.a(libriscv__mmachine__sifive-hifive1-revb_a-riscv_cpu.o)
                0x0000000020013850                __metal_driver_cpu_get_sw_interrupt_id
 .text.__metal_driver_cpu_set_sw_ipi
                0x0000000020013864       0x62 D:/hifive1-revb/hifive1-revb-test-i2c-with-arduino/SiFive/sifive-hifive1-revb-i2c/bsp/install/lib/debug/\libmetal.a(libriscv__mmachine__sifive-hifive1-revb_a-riscv_cpu.o)
                0x0000000020013864                __metal_driver_cpu_set_sw_ipi
 .text.__metal_driver_cpu_clear_sw_ipi
                0x00000000200138c6       0x62 D:/hifive1-revb/hifive1-revb-test-i2c-with-arduino/SiFive/sifive-hifive1-revb-i2c/bsp/install/lib/debug/\libmetal.a(libriscv__mmachine__sifive-hifive1-revb_a-riscv_cpu.o)
                0x00000000200138c6                __metal_driver_cpu_clear_sw_ipi
 .text.__metal_driver_cpu_get_msip
                0x0000000020013928       0x60 D:/hifive1-revb/hifive1-revb-test-i2c-with-arduino/SiFive/sifive-hifive1-revb-i2c/bsp/install/lib/debug/\libmetal.a(libriscv__mmachine__sifive-hifive1-revb_a-riscv_cpu.o)
                0x0000000020013928                __metal_driver_cpu_get_msip
 .text.__metal_driver_cpu_controller_interrupt
                0x0000000020013988       0x20 D:/hifive1-revb/hifive1-revb-test-i2c-with-arduino/SiFive/sifive-hifive1-revb-i2c/bsp/install/lib/debug/\libmetal.a(libriscv__mmachine__sifive-hifive1-revb_a-riscv_cpu.o)
                0x0000000020013988                __metal_driver_cpu_controller_interrupt
 .text.__metal_driver_cpu_exception_register
                0x00000000200139a8       0x46 D:/hifive1-revb/hifive1-revb-test-i2c-with-arduino/SiFive/sifive-hifive1-revb-i2c/bsp/install/lib/debug/\libmetal.a(libriscv__mmachine__sifive-hifive1-revb_a-riscv_cpu.o)
                0x00000000200139a8                __metal_driver_cpu_exception_register
 .text.__metal_driver_cpu_get_instruction_length
                0x00000000200139ee       0x2e D:/hifive1-revb/hifive1-revb-test-i2c-with-arduino/SiFive/sifive-hifive1-revb-i2c/bsp/install/lib/debug/\libmetal.a(libriscv__mmachine__sifive-hifive1-revb_a-riscv_cpu.o)
                0x00000000200139ee                __metal_driver_cpu_get_instruction_length
 .text.__metal_driver_cpu_get_exception_pc
                0x0000000020013a1c       0x1e D:/hifive1-revb/hifive1-revb-test-i2c-with-arduino/SiFive/sifive-hifive1-revb-i2c/bsp/install/lib/debug/\libmetal.a(libriscv__mmachine__sifive-hifive1-revb_a-riscv_cpu.o)
                0x0000000020013a1c                __metal_driver_cpu_get_exception_pc
 .text.__metal_driver_cpu_set_exception_pc
                0x0000000020013a3a       0x20 D:/hifive1-revb/hifive1-revb-test-i2c-with-arduino/SiFive/sifive-hifive1-revb-i2c/bsp/install/lib/debug/\libmetal.a(libriscv__mmachine__sifive-hifive1-revb_a-riscv_cpu.o)
                0x0000000020013a3a                __metal_driver_cpu_set_exception_pc
 .text.__metal_driver_sifive_plic0_control_base
                0x0000000020013a5a       0x2a D:/hifive1-revb/hifive1-revb-test-i2c-with-arduino/SiFive/sifive-hifive1-revb-i2c/bsp/install/lib/debug/\libmetal.a(libriscv__mmachine__sifive-hifive1-revb_a-riscv_plic0.o)
 .text.__metal_driver_sifive_plic0_num_interrupts
                0x0000000020013a84       0x2a D:/hifive1-revb/hifive1-revb-test-i2c-with-arduino/SiFive/sifive-hifive1-revb-i2c/bsp/install/lib/debug/\libmetal.a(libriscv__mmachine__sifive-hifive1-revb_a-riscv_plic0.o)
 .text.__metal_driver_sifive_plic0_max_priority
                0x0000000020013aae       0x28 D:/hifive1-revb/hifive1-revb-test-i2c-with-arduino/SiFive/sifive-hifive1-revb-i2c/bsp/install/lib/debug/\libmetal.a(libriscv__mmachine__sifive-hifive1-revb_a-riscv_plic0.o)
 .text.__metal_driver_sifive_plic0_interrupt_parents
                0x0000000020013ad6       0x28 D:/hifive1-revb/hifive1-revb-test-i2c-with-arduino/SiFive/sifive-hifive1-revb-i2c/bsp/install/lib/debug/\libmetal.a(libriscv__mmachine__sifive-hifive1-revb_a-riscv_plic0.o)
 .text.__metal_driver_sifive_plic0_interrupt_lines
                0x0000000020013afe       0x22 D:/hifive1-revb/hifive1-revb-test-i2c-with-arduino/SiFive/sifive-hifive1-revb-i2c/bsp/install/lib/debug/\libmetal.a(libriscv__mmachine__sifive-hifive1-revb_a-riscv_plic0.o)
 .text.__metal_plic0_claim_interrupt
                0x0000000020013b20       0x2e D:/hifive1-revb/hifive1-revb-test-i2c-with-arduino/SiFive/sifive-hifive1-revb-i2c/bsp/install/lib/debug/\libmetal.a(libriscv__mmachine__sifive-hifive1-revb_a-riscv_plic0.o)
                0x0000000020013b20                __metal_plic0_claim_interrupt
 .text.__metal_plic0_complete_interrupt
                0x0000000020013b4e       0x38 D:/hifive1-revb/hifive1-revb-test-i2c-with-arduino/SiFive/sifive-hifive1-revb-i2c/bsp/install/lib/debug/\libmetal.a(libriscv__mmachine__sifive-hifive1-revb_a-riscv_plic0.o)
                0x0000000020013b4e                __metal_plic0_complete_interrupt
 .text.__metal_plic0_set_threshold
                0x0000000020013b86       0x38 D:/hifive1-revb/hifive1-revb-test-i2c-with-arduino/SiFive/sifive-hifive1-revb-i2c/bsp/install/lib/debug/\libmetal.a(libriscv__mmachine__sifive-hifive1-revb_a-riscv_plic0.o)
                0x0000000020013b86                __metal_plic0_set_threshold
 .text.__metal_plic0_get_threshold
                0x0000000020013bbe       0x2c D:/hifive1-revb/hifive1-revb-test-i2c-with-arduino/SiFive/sifive-hifive1-revb-i2c/bsp/install/lib/debug/\libmetal.a(libriscv__mmachine__sifive-hifive1-revb_a-riscv_plic0.o)
                0x0000000020013bbe                __metal_plic0_get_threshold
 .text.__metal_plic0_set_priority
                0x0000000020013bea       0x62 D:/hifive1-revb/hifive1-revb-test-i2c-with-arduino/SiFive/sifive-hifive1-revb-i2c/bsp/install/lib/debug/\libmetal.a(libriscv__mmachine__sifive-hifive1-revb_a-riscv_plic0.o)
                0x0000000020013bea                __metal_plic0_set_priority
 .text.__metal_plic0_get_priority
                0x0000000020013c4c       0x34 D:/hifive1-revb/hifive1-revb-test-i2c-with-arduino/SiFive/sifive-hifive1-revb-i2c/bsp/install/lib/debug/\libmetal.a(libriscv__mmachine__sifive-hifive1-revb_a-riscv_plic0.o)
                0x0000000020013c4c                __metal_plic0_get_priority
 .text.__metal_plic0_enable
                0x0000000020013c80       0x8c D:/hifive1-revb/hifive1-revb-test-i2c-with-arduino/SiFive/sifive-hifive1-revb-i2c/bsp/install/lib/debug/\libmetal.a(libriscv__mmachine__sifive-hifive1-revb_a-riscv_plic0.o)
                0x0000000020013c80                __metal_plic0_enable
 .text.__metal_plic0_default_handler
                0x0000000020013d0c       0x18 D:/hifive1-revb/hifive1-revb-test-i2c-with-arduino/SiFive/sifive-hifive1-revb-i2c/bsp/install/lib/debug/\libmetal.a(libriscv__mmachine__sifive-hifive1-revb_a-riscv_plic0.o)
                0x0000000020013d0c                __metal_plic0_default_handler
 .text.__metal_plic0_handler
                0x0000000020013d24       0x8e D:/hifive1-revb/hifive1-revb-test-i2c-with-arduino/SiFive/sifive-hifive1-revb-i2c/bsp/install/lib/debug/\libmetal.a(libriscv__mmachine__sifive-hifive1-revb_a-riscv_plic0.o)
                0x0000000020013d24                __metal_plic0_handler
 .text.__metal_driver_riscv_plic0_init
                0x0000000020013db2      0x13c D:/hifive1-revb/hifive1-revb-test-i2c-with-arduino/SiFive/sifive-hifive1-revb-i2c/bsp/install/lib/debug/\libmetal.a(libriscv__mmachine__sifive-hifive1-revb_a-riscv_plic0.o)
                0x0000000020013db2                __metal_driver_riscv_plic0_init
 .text.__metal_driver_riscv_plic0_register
                0x0000000020013eee       0xbe D:/hifive1-revb/hifive1-revb-test-i2c-with-arduino/SiFive/sifive-hifive1-revb-i2c/bsp/install/lib/debug/\libmetal.a(libriscv__mmachine__sifive-hifive1-revb_a-riscv_plic0.o)
                0x0000000020013eee                __metal_driver_riscv_plic0_register
 .text.__metal_driver_riscv_plic0_enable
                0x0000000020013fac       0x46 D:/hifive1-revb/hifive1-revb-test-i2c-with-arduino/SiFive/sifive-hifive1-revb-i2c/bsp/install/lib/debug/\libmetal.a(libriscv__mmachine__sifive-hifive1-revb_a-riscv_plic0.o)
                0x0000000020013fac                __metal_driver_riscv_plic0_enable
 .text.__metal_driver_riscv_plic0_disable
                0x0000000020013ff2       0x48 D:/hifive1-revb/hifive1-revb-test-i2c-with-arduino/SiFive/sifive-hifive1-revb-i2c/bsp/install/lib/debug/\libmetal.a(libriscv__mmachine__sifive-hifive1-revb_a-riscv_plic0.o)
                0x0000000020013ff2                __metal_driver_riscv_plic0_disable
 .text.__metal_driver_sifive_fe310_g000_hfrosc_ref
                0x000000002001403a       0x1a D:/hifive1-revb/hifive1-revb-test-i2c-with-arduino/SiFive/sifive-hifive1-revb-i2c/bsp/install/lib/debug/\libmetal.a(libriscv__mmachine__sifive-hifive1-revb_a-sifive_fe310-g000_hfrosc.o)
 .text.__metal_driver_sifive_fe310_g000_hfrosc_config_base
                0x0000000020014054       0x16 D:/hifive1-revb/hifive1-revb-test-i2c-with-arduino/SiFive/sifive-hifive1-revb-i2c/bsp/install/lib/debug/\libmetal.a(libriscv__mmachine__sifive-hifive1-revb_a-sifive_fe310-g000_hfrosc.o)
 .text.__metal_driver_sifive_fe310_g000_hfrosc_config_offset
                0x000000002001406a       0x14 D:/hifive1-revb/hifive1-revb-test-i2c-with-arduino/SiFive/sifive-hifive1-revb-i2c/bsp/install/lib/debug/\libmetal.a(libriscv__mmachine__sifive-hifive1-revb_a-sifive_fe310-g000_hfrosc.o)
 .text.__metal_driver_sifive_fe310_g000_prci_vtable
                0x000000002001407e       0x12 D:/hifive1-revb/hifive1-revb-test-i2c-with-arduino/SiFive/sifive-hifive1-revb-i2c/bsp/install/lib/debug/\libmetal.a(libriscv__mmachine__sifive-hifive1-revb_a-sifive_fe310-g000_hfrosc.o)
 .text.__metal_driver_sifive_fe310_g000_hfrosc_get_rate_hz
                0x0000000020014090       0x84 D:/hifive1-revb/hifive1-revb-test-i2c-with-arduino/SiFive/sifive-hifive1-revb-i2c/bsp/install/lib/debug/\libmetal.a(libriscv__mmachine__sifive-hifive1-revb_a-sifive_fe310-g000_hfrosc.o)
                0x0000000020014090                __metal_driver_sifive_fe310_g000_hfrosc_get_rate_hz
 .text.__metal_driver_sifive_fe310_g000_hfrosc_set_rate_hz
                0x0000000020014114       0x22 D:/hifive1-revb/hifive1-revb-test-i2c-with-arduino/SiFive/sifive-hifive1-revb-i2c/bsp/install/lib/debug/\libmetal.a(libriscv__mmachine__sifive-hifive1-revb_a-sifive_fe310-g000_hfrosc.o)
                0x0000000020014114                __metal_driver_sifive_fe310_g000_hfrosc_set_rate_hz
 .text.__metal_driver_sifive_fe310_g000_hfxosc_ref
                0x0000000020014136       0x1a D:/hifive1-revb/hifive1-revb-test-i2c-with-arduino/SiFive/sifive-hifive1-revb-i2c/bsp/install/lib/debug/\libmetal.a(libriscv__mmachine__sifive-hifive1-revb_a-sifive_fe310-g000_hfxosc.o)
 .text.__metal_driver_sifive_fe310_g000_hfxosc_config_base
                0x0000000020014150       0x16 D:/hifive1-revb/hifive1-revb-test-i2c-with-arduino/SiFive/sifive-hifive1-revb-i2c/bsp/install/lib/debug/\libmetal.a(libriscv__mmachine__sifive-hifive1-revb_a-sifive_fe310-g000_hfxosc.o)
 .text.__metal_driver_sifive_fe310_g000_hfxosc_config_offset
                0x0000000020014166       0x14 D:/hifive1-revb/hifive1-revb-test-i2c-with-arduino/SiFive/sifive-hifive1-revb-i2c/bsp/install/lib/debug/\libmetal.a(libriscv__mmachine__sifive-hifive1-revb_a-sifive_fe310-g000_hfxosc.o)
 .text.__metal_driver_sifive_fe310_g000_prci_vtable
                0x000000002001417a       0x12 D:/hifive1-revb/hifive1-revb-test-i2c-with-arduino/SiFive/sifive-hifive1-revb-i2c/bsp/install/lib/debug/\libmetal.a(libriscv__mmachine__sifive-hifive1-revb_a-sifive_fe310-g000_hfxosc.o)
 .text.__metal_driver_sifive_fe310_g000_hfxosc_get_rate_hz
                0x000000002001418c       0x74 D:/hifive1-revb/hifive1-revb-test-i2c-with-arduino/SiFive/sifive-hifive1-revb-i2c/bsp/install/lib/debug/\libmetal.a(libriscv__mmachine__sifive-hifive1-revb_a-sifive_fe310-g000_hfxosc.o)
                0x000000002001418c                __metal_driver_sifive_fe310_g000_hfxosc_get_rate_hz
 .text.__metal_driver_sifive_fe310_g000_hfxosc_set_rate_hz
                0x0000000020014200       0x22 D:/hifive1-revb/hifive1-revb-test-i2c-with-arduino/SiFive/sifive-hifive1-revb-i2c/bsp/install/lib/debug/\libmetal.a(libriscv__mmachine__sifive-hifive1-revb_a-sifive_fe310-g000_hfxosc.o)
                0x0000000020014200                __metal_driver_sifive_fe310_g000_hfxosc_set_rate_hz
 .text.__metal_driver_sifive_fe310_g000_pll_pllsel0
                0x0000000020014222       0x1a D:/hifive1-revb/hifive1-revb-test-i2c-with-arduino/SiFive/sifive-hifive1-revb-i2c/bsp/install/lib/debug/\libmetal.a(libriscv__mmachine__sifive-hifive1-revb_a-sifive_fe310-g000_pll.o)
 .text.__metal_driver_sifive_fe310_g000_pll_pllref
                0x000000002001423c       0x1a D:/hifive1-revb/hifive1-revb-test-i2c-with-arduino/SiFive/sifive-hifive1-revb-i2c/bsp/install/lib/debug/\libmetal.a(libriscv__mmachine__sifive-hifive1-revb_a-sifive_fe310-g000_pll.o)
 .text.__metal_driver_sifive_fe310_g000_pll_divider_base
                0x0000000020014256       0x16 D:/hifive1-revb/hifive1-revb-test-i2c-with-arduino/SiFive/sifive-hifive1-revb-i2c/bsp/install/lib/debug/\libmetal.a(libriscv__mmachine__sifive-hifive1-revb_a-sifive_fe310-g000_pll.o)
 .text.__metal_driver_sifive_fe310_g000_pll_divider_offset
                0x000000002001426c       0x14 D:/hifive1-revb/hifive1-revb-test-i2c-with-arduino/SiFive/sifive-hifive1-revb-i2c/bsp/install/lib/debug/\libmetal.a(libriscv__mmachine__sifive-hifive1-revb_a-sifive_fe310-g000_pll.o)
 .text.__metal_driver_sifive_fe310_g000_pll_config_base
                0x0000000020014280       0x12 D:/hifive1-revb/hifive1-revb-test-i2c-with-arduino/SiFive/sifive-hifive1-revb-i2c/bsp/install/lib/debug/\libmetal.a(libriscv__mmachine__sifive-hifive1-revb_a-sifive_fe310-g000_pll.o)
 .text.__metal_driver_sifive_fe310_g000_pll_config_offset
                0x0000000020014292       0x10 D:/hifive1-revb/hifive1-revb-test-i2c-with-arduino/SiFive/sifive-hifive1-revb-i2c/bsp/install/lib/debug/\libmetal.a(libriscv__mmachine__sifive-hifive1-revb_a-sifive_fe310-g000_pll.o)
 .text.__metal_driver_sifive_fe310_g000_pll_init_rate
                0x00000000200142a2       0x16 D:/hifive1-revb/hifive1-revb-test-i2c-with-arduino/SiFive/sifive-hifive1-revb-i2c/bsp/install/lib/debug/\libmetal.a(libriscv__mmachine__sifive-hifive1-revb_a-sifive_fe310-g000_pll.o)
 .text.__metal_driver_sifive_fe310_g000_prci_base
                0x00000000200142b8       0x12 D:/hifive1-revb/hifive1-revb-test-i2c-with-arduino/SiFive/sifive-hifive1-revb-i2c/bsp/install/lib/debug/\libmetal.a(libriscv__mmachine__sifive-hifive1-revb_a-sifive_fe310-g000_pll.o)
 .text.__metal_driver_sifive_fe310_g000_prci_vtable
                0x00000000200142ca       0x12 D:/hifive1-revb/hifive1-revb-test-i2c-with-arduino/SiFive/sifive-hifive1-revb-i2c/bsp/install/lib/debug/\libmetal.a(libriscv__mmachine__sifive-hifive1-revb_a-sifive_fe310-g000_pll.o)
 .text.get_pll_config_freq
                0x00000000200142dc       0x4e D:/hifive1-revb/hifive1-revb-test-i2c-with-arduino/SiFive/sifive-hifive1-revb-i2c/bsp/install/lib/debug/\libmetal.a(libriscv__mmachine__sifive-hifive1-revb_a-sifive_fe310-g000_pll.o)
 .text.metal_sifive_fe310_g000_pll_init
                0x000000002001432a       0x28 D:/hifive1-revb/hifive1-revb-test-i2c-with-arduino/SiFive/sifive-hifive1-revb-i2c/bsp/install/lib/debug/\libmetal.a(libriscv__mmachine__sifive-hifive1-revb_a-sifive_fe310-g000_pll.o)
 .text.__metal_driver_sifive_fe310_g000_pll_init
                0x0000000020014352       0xa4 D:/hifive1-revb/hifive1-revb-test-i2c-with-arduino/SiFive/sifive-hifive1-revb-i2c/bsp/install/lib/debug/\libmetal.a(libriscv__mmachine__sifive-hifive1-revb_a-sifive_fe310-g000_pll.o)
                0x0000000020014352                __metal_driver_sifive_fe310_g000_pll_init
 .text.__metal_driver_sifive_fe310_g000_pll_get_rate_hz
                0x00000000200143f6      0x170 D:/hifive1-revb/hifive1-revb-test-i2c-with-arduino/SiFive/sifive-hifive1-revb-i2c/bsp/install/lib/debug/\libmetal.a(libriscv__mmachine__sifive-hifive1-revb_a-sifive_fe310-g000_pll.o)
                0x00000000200143f6                __metal_driver_sifive_fe310_g000_pll_get_rate_hz
 .text.find_closest_config
                0x0000000020014566       0xac D:/hifive1-revb/hifive1-revb-test-i2c-with-arduino/SiFive/sifive-hifive1-revb-i2c/bsp/install/lib/debug/\libmetal.a(libriscv__mmachine__sifive-hifive1-revb_a-sifive_fe310-g000_pll.o)
 .text.configure_pll
                0x0000000020014612      0x132 D:/hifive1-revb/hifive1-revb-test-i2c-with-arduino/SiFive/sifive-hifive1-revb-i2c/bsp/install/lib/debug/\libmetal.a(libriscv__mmachine__sifive-hifive1-revb_a-sifive_fe310-g000_pll.o)
 .text.__metal_driver_sifive_fe310_g000_pll_set_rate_hz
                0x0000000020014744      0x164 D:/hifive1-revb/hifive1-revb-test-i2c-with-arduino/SiFive/sifive-hifive1-revb-i2c/bsp/install/lib/debug/\libmetal.a(libriscv__mmachine__sifive-hifive1-revb_a-sifive_fe310-g000_pll.o)
                0x0000000020014744                __metal_driver_sifive_fe310_g000_pll_set_rate_hz
 .text.use_hfxosc
                0x00000000200148a8       0x2a D:/hifive1-revb/hifive1-revb-test-i2c-with-arduino/SiFive/sifive-hifive1-revb-i2c/bsp/install/lib/debug/\libmetal.a(libriscv__mmachine__sifive-hifive1-revb_a-sifive_fe310-g000_pll.o)
 .text.__metal_driver_sifive_fe310_g000_prci_base
                0x00000000200148d2       0x12 D:/hifive1-revb/hifive1-revb-test-i2c-with-arduino/SiFive/sifive-hifive1-revb-i2c/bsp/install/lib/debug/\libmetal.a(libriscv__mmachine__sifive-hifive1-revb_a-sifive_fe310-g000_prci.o)
 .text.__metal_driver_sifive_fe310_g000_prci_get_reg
                0x00000000200148e4       0x2e D:/hifive1-revb/hifive1-revb-test-i2c-with-arduino/SiFive/sifive-hifive1-revb-i2c/bsp/install/lib/debug/\libmetal.a(libriscv__mmachine__sifive-hifive1-revb_a-sifive_fe310-g000_prci.o)
                0x00000000200148e4                __metal_driver_sifive_fe310_g000_prci_get_reg
 .text.__metal_driver_sifive_fe310_g000_prci_set_reg
                0x0000000020014912       0x38 D:/hifive1-revb/hifive1-revb-test-i2c-with-arduino/SiFive/sifive-hifive1-revb-i2c/bsp/install/lib/debug/\libmetal.a(libriscv__mmachine__sifive-hifive1-revb_a-sifive_fe310-g000_prci.o)
                0x0000000020014912                __metal_driver_sifive_fe310_g000_prci_set_reg
 .text.__metal_driver_sifive_gpio0_base
                0x000000002001494a       0x26 D:/hifive1-revb/hifive1-revb-test-i2c-with-arduino/SiFive/sifive-hifive1-revb-i2c/bsp/install/lib/debug/\libmetal.a(libriscv__mmachine__sifive-hifive1-revb_a-sifive_gpio0.o)
 .text.__metal_driver_sifive_gpio0_interrupt_parent
                0x0000000020014970       0x2a D:/hifive1-revb/hifive1-revb-test-i2c-with-arduino/SiFive/sifive-hifive1-revb-i2c/bsp/install/lib/debug/\libmetal.a(libriscv__mmachine__sifive-hifive1-revb_a-sifive_gpio0.o)
 .text.__metal_driver_sifive_gpio0_interrupt_lines
                0x000000002001499a      0x35e D:/hifive1-revb/hifive1-revb-test-i2c-with-arduino/SiFive/sifive-hifive1-revb-i2c/bsp/install/lib/debug/\libmetal.a(libriscv__mmachine__sifive-hifive1-revb_a-sifive_gpio0.o)
 .text.__metal_driver_sifive_gpio0_enable_input
                0x0000000020014cf8       0x40 D:/hifive1-revb/hifive1-revb-test-i2c-with-arduino/SiFive/sifive-hifive1-revb-i2c/bsp/install/lib/debug/\libmetal.a(libriscv__mmachine__sifive-hifive1-revb_a-sifive_gpio0.o)
                0x0000000020014cf8                __metal_driver_sifive_gpio0_enable_input
 .text.__metal_driver_sifive_gpio0_disable_input
                0x0000000020014d38       0x46 D:/hifive1-revb/hifive1-revb-test-i2c-with-arduino/SiFive/sifive-hifive1-revb-i2c/bsp/install/lib/debug/\libmetal.a(libriscv__mmachine__sifive-hifive1-revb_a-sifive_gpio0.o)
                0x0000000020014d38                __metal_driver_sifive_gpio0_disable_input
 .text.__metal_driver_sifive_gpio0_input
                0x0000000020014d7e       0x2a D:/hifive1-revb/hifive1-revb-test-i2c-with-arduino/SiFive/sifive-hifive1-revb-i2c/bsp/install/lib/debug/\libmetal.a(libriscv__mmachine__sifive-hifive1-revb_a-sifive_gpio0.o)
                0x0000000020014d7e                __metal_driver_sifive_gpio0_input
 .text.__metal_driver_sifive_gpio0_output
                0x0000000020014da8       0x2c D:/hifive1-revb/hifive1-revb-test-i2c-with-arduino/SiFive/sifive-hifive1-revb-i2c/bsp/install/lib/debug/\libmetal.a(libriscv__mmachine__sifive-hifive1-revb_a-sifive_gpio0.o)
                0x0000000020014da8                __metal_driver_sifive_gpio0_output
 .text.__metal_driver_sifive_gpio0_disable_output
                0x0000000020014dd4       0x46 D:/hifive1-revb/hifive1-revb-test-i2c-with-arduino/SiFive/sifive-hifive1-revb-i2c/bsp/install/lib/debug/\libmetal.a(libriscv__mmachine__sifive-hifive1-revb_a-sifive_gpio0.o)
                0x0000000020014dd4                __metal_driver_sifive_gpio0_disable_output
 .text.__metal_driver_sifive_gpio0_enable_output
                0x0000000020014e1a       0x40 D:/hifive1-revb/hifive1-revb-test-i2c-with-arduino/SiFive/sifive-hifive1-revb-i2c/bsp/install/lib/debug/\libmetal.a(libriscv__mmachine__sifive-hifive1-revb_a-sifive_gpio0.o)
                0x0000000020014e1a                __metal_driver_sifive_gpio0_enable_output
 .text.__metal_driver_sifive_gpio0_output_set
                0x0000000020014e5a       0x40 D:/hifive1-revb/hifive1-revb-test-i2c-with-arduino/SiFive/sifive-hifive1-revb-i2c/bsp/install/lib/debug/\libmetal.a(libriscv__mmachine__sifive-hifive1-revb_a-sifive_gpio0.o)
                0x0000000020014e5a                __metal_driver_sifive_gpio0_output_set
 .text.__metal_driver_sifive_gpio0_output_clear
                0x0000000020014e9a       0x46 D:/hifive1-revb/hifive1-revb-test-i2c-with-arduino/SiFive/sifive-hifive1-revb-i2c/bsp/install/lib/debug/\libmetal.a(libriscv__mmachine__sifive-hifive1-revb_a-sifive_gpio0.o)
                0x0000000020014e9a                __metal_driver_sifive_gpio0_output_clear
 .text.__metal_driver_sifive_gpio0_output_toggle
                0x0000000020014ee0       0x40 D:/hifive1-revb/hifive1-revb-test-i2c-with-arduino/SiFive/sifive-hifive1-revb-i2c/bsp/install/lib/debug/\libmetal.a(libriscv__mmachine__sifive-hifive1-revb_a-sifive_gpio0.o)
                0x0000000020014ee0                __metal_driver_sifive_gpio0_output_toggle
 .text.__metal_driver_sifive_gpio0_enable_io
                0x0000000020014f20       0x68 D:/hifive1-revb/hifive1-revb-test-i2c-with-arduino/SiFive/sifive-hifive1-revb-i2c/bsp/install/lib/debug/\libmetal.a(libriscv__mmachine__sifive-hifive1-revb_a-sifive_gpio0.o)
                0x0000000020014f20                __metal_driver_sifive_gpio0_enable_io
 .text.__metal_driver_sifive_gpio0_disable_io
                0x0000000020014f88       0x4a D:/hifive1-revb/hifive1-revb-test-i2c-with-arduino/SiFive/sifive-hifive1-revb-i2c/bsp/install/lib/debug/\libmetal.a(libriscv__mmachine__sifive-hifive1-revb_a-sifive_gpio0.o)
                0x0000000020014f88                __metal_driver_sifive_gpio0_disable_io
 .text.__metal_driver_sifive_gpio0_config_int
                0x0000000020014fd2      0x206 D:/hifive1-revb/hifive1-revb-test-i2c-with-arduino/SiFive/sifive-hifive1-revb-i2c/bsp/install/lib/debug/\libmetal.a(libriscv__mmachine__sifive-hifive1-revb_a-sifive_gpio0.o)
                0x0000000020014fd2                __metal_driver_sifive_gpio0_config_int
 .text.__metal_driver_sifive_gpio0_clear_int
                0x00000000200151d8      0x188 D:/hifive1-revb/hifive1-revb-test-i2c-with-arduino/SiFive/sifive-hifive1-revb-i2c/bsp/install/lib/debug/\libmetal.a(libriscv__mmachine__sifive-hifive1-revb_a-sifive_gpio0.o)
                0x00000000200151d8                __metal_driver_sifive_gpio0_clear_int
 .text.__metal_driver_gpio_interrupt_controller
                0x0000000020015360       0x20 D:/hifive1-revb/hifive1-revb-test-i2c-with-arduino/SiFive/sifive-hifive1-revb-i2c/bsp/install/lib/debug/\libmetal.a(libriscv__mmachine__sifive-hifive1-revb_a-sifive_gpio0.o)
                0x0000000020015360                __metal_driver_gpio_interrupt_controller
 .text.__metal_driver_gpio_get_interrupt_id
                0x0000000020015380       0x2e D:/hifive1-revb/hifive1-revb-test-i2c-with-arduino/SiFive/sifive-hifive1-revb-i2c/bsp/install/lib/debug/\libmetal.a(libriscv__mmachine__sifive-hifive1-revb_a-sifive_gpio0.o)
                0x0000000020015380                __metal_driver_gpio_get_interrupt_id
 .text.__metal_driver_sifive_uart0_control_base
                0x00000000200153ae       0x40 D:/hifive1-revb/hifive1-revb-test-i2c-with-arduino/SiFive/sifive-hifive1-revb-i2c/bsp/install/lib/debug/\libmetal.a(libriscv__mmachine__sifive-hifive1-revb_a-sifive_uart0.o)
 .text.__metal_driver_sifive_uart0_interrupt_parent
                0x00000000200153ee       0x42 D:/hifive1-revb/hifive1-revb-test-i2c-with-arduino/SiFive/sifive-hifive1-revb-i2c/bsp/install/lib/debug/\libmetal.a(libriscv__mmachine__sifive-hifive1-revb_a-sifive_uart0.o)
 .text.__metal_driver_sifive_uart0_interrupt_line
                0x0000000020015430       0x3c D:/hifive1-revb/hifive1-revb-test-i2c-with-arduino/SiFive/sifive-hifive1-revb-i2c/bsp/install/lib/debug/\libmetal.a(libriscv__mmachine__sifive-hifive1-revb_a-sifive_uart0.o)
 .text.__metal_driver_sifive_uart0_clock
                0x000000002001546c       0x48 D:/hifive1-revb/hifive1-revb-test-i2c-with-arduino/SiFive/sifive-hifive1-revb-i2c/bsp/install/lib/debug/\libmetal.a(libriscv__mmachine__sifive-hifive1-revb_a-sifive_uart0.o)
 .text.__metal_driver_sifive_uart0_pinmux
                0x00000000200154b4       0x40 D:/hifive1-revb/hifive1-revb-test-i2c-with-arduino/SiFive/sifive-hifive1-revb-i2c/bsp/install/lib/debug/\libmetal.a(libriscv__mmachine__sifive-hifive1-revb_a-sifive_uart0.o)
 .text.__metal_driver_sifive_uart0_pinmux_output_selector
                0x00000000200154f4       0x40 D:/hifive1-revb/hifive1-revb-test-i2c-with-arduino/SiFive/sifive-hifive1-revb-i2c/bsp/install/lib/debug/\libmetal.a(libriscv__mmachine__sifive-hifive1-revb_a-sifive_uart0.o)
 .text.__metal_driver_sifive_uart0_pinmux_source_selector
                0x0000000020015534       0x40 D:/hifive1-revb/hifive1-revb-test-i2c-with-arduino/SiFive/sifive-hifive1-revb-i2c/bsp/install/lib/debug/\libmetal.a(libriscv__mmachine__sifive-hifive1-revb_a-sifive_uart0.o)
 .text.__metal_driver_sifive_uart0_interrupt_controller
                0x0000000020015574       0x1e D:/hifive1-revb/hifive1-revb-test-i2c-with-arduino/SiFive/sifive-hifive1-revb-i2c/bsp/install/lib/debug/\libmetal.a(libriscv__mmachine__sifive-hifive1-revb_a-sifive_uart0.o)
                0x0000000020015574                __metal_driver_sifive_uart0_interrupt_controller
 .text.__metal_driver_sifive_uart0_get_interrupt_id
                0x0000000020015592       0x22 D:/hifive1-revb/hifive1-revb-test-i2c-with-arduino/SiFive/sifive-hifive1-revb-i2c/bsp/install/lib/debug/\libmetal.a(libriscv__mmachine__sifive-hifive1-revb_a-sifive_uart0.o)
                0x0000000020015592                __metal_driver_sifive_uart0_get_interrupt_id
 .text.__metal_driver_sifive_uart0_txready
                0x00000000200155b4       0x34 D:/hifive1-revb/hifive1-revb-test-i2c-with-arduino/SiFive/sifive-hifive1-revb-i2c/bsp/install/lib/debug/\libmetal.a(libriscv__mmachine__sifive-hifive1-revb_a-sifive_uart0.o)
                0x00000000200155b4                __metal_driver_sifive_uart0_txready
 .text.__metal_driver_sifive_uart0_putc
                0x00000000200155e8       0x40 D:/hifive1-revb/hifive1-revb-test-i2c-with-arduino/SiFive/sifive-hifive1-revb-i2c/bsp/install/lib/debug/\libmetal.a(libriscv__mmachine__sifive-hifive1-revb_a-sifive_uart0.o)
                0x00000000200155e8                __metal_driver_sifive_uart0_putc
 .text.__metal_driver_sifive_uart0_getc
                0x0000000020015628       0x56 D:/hifive1-revb/hifive1-revb-test-i2c-with-arduino/SiFive/sifive-hifive1-revb-i2c/bsp/install/lib/debug/\libmetal.a(libriscv__mmachine__sifive-hifive1-revb_a-sifive_uart0.o)
                0x0000000020015628                __metal_driver_sifive_uart0_getc
 .text.__metal_driver_sifive_uart0_get_baud_rate
                0x000000002001567e       0x20 D:/hifive1-revb/hifive1-revb-test-i2c-with-arduino/SiFive/sifive-hifive1-revb-i2c/bsp/install/lib/debug/\libmetal.a(libriscv__mmachine__sifive-hifive1-revb_a-sifive_uart0.o)
                0x000000002001567e                __metal_driver_sifive_uart0_get_baud_rate
 .text.__metal_driver_sifive_uart0_set_baud_rate
                0x000000002001569e       0xa0 D:/hifive1-revb/hifive1-revb-test-i2c-with-arduino/SiFive/sifive-hifive1-revb-i2c/bsp/install/lib/debug/\libmetal.a(libriscv__mmachine__sifive-hifive1-revb_a-sifive_uart0.o)
                0x000000002001569e                __metal_driver_sifive_uart0_set_baud_rate
 .text.pre_rate_change_callback_func
                0x000000002001573e       0xd8 D:/hifive1-revb/hifive1-revb-test-i2c-with-arduino/SiFive/sifive-hifive1-revb-i2c/bsp/install/lib/debug/\libmetal.a(libriscv__mmachine__sifive-hifive1-revb_a-sifive_uart0.o)
 .text.post_rate_change_callback_func
                0x0000000020015816       0x2e D:/hifive1-revb/hifive1-revb-test-i2c-with-arduino/SiFive/sifive-hifive1-revb-i2c/bsp/install/lib/debug/\libmetal.a(libriscv__mmachine__sifive-hifive1-revb_a-sifive_uart0.o)
 .text.__metal_driver_sifive_uart0_init
                0x0000000020015844       0xd0 D:/hifive1-revb/hifive1-revb-test-i2c-with-arduino/SiFive/sifive-hifive1-revb-i2c/bsp/install/lib/debug/\libmetal.a(libriscv__mmachine__sifive-hifive1-revb_a-sifive_uart0.o)
                0x0000000020015844                __metal_driver_sifive_uart0_init
 .text._metal_clock_call_all_callbacks
                0x0000000020015914       0x40 D:/hifive1-revb/hifive1-revb-test-i2c-with-arduino/SiFive/sifive-hifive1-revb-i2c/bsp/install/lib/debug/\libmetal.a(libriscv__mmachine__sifive-hifive1-revb_a-clock.o)
                0x0000000020015914                _metal_clock_call_all_callbacks
 .text._metal_clock_append_to_callbacks
                0x0000000020015954       0x54 D:/hifive1-revb/hifive1-revb-test-i2c-with-arduino/SiFive/sifive-hifive1-revb-i2c/bsp/install/lib/debug/\libmetal.a(libriscv__mmachine__sifive-hifive1-revb_a-clock.o)
                0x0000000020015954                _metal_clock_append_to_callbacks
 .text.metal_clock_get_rate_hz
                0x00000000200159a8       0x26 D:/hifive1-revb/hifive1-revb-test-i2c-with-arduino/SiFive/sifive-hifive1-revb-i2c/bsp/install/lib/debug/\libmetal.a(libriscv__mmachine__sifive-hifive1-revb_a-clock.o)
                0x00000000200159a8                metal_clock_get_rate_hz
 .text.metal_clock_set_rate_hz
                0x00000000200159ce       0x48 D:/hifive1-revb/hifive1-revb-test-i2c-with-arduino/SiFive/sifive-hifive1-revb-i2c/bsp/install/lib/debug/\libmetal.a(libriscv__mmachine__sifive-hifive1-revb_a-clock.o)
                0x00000000200159ce                metal_clock_set_rate_hz
 .text.metal_clock_register_pre_rate_change_callback
                0x0000000020015a16       0x30 D:/hifive1-revb/hifive1-revb-test-i2c-with-arduino/SiFive/sifive-hifive1-revb-i2c/bsp/install/lib/debug/\libmetal.a(libriscv__mmachine__sifive-hifive1-revb_a-clock.o)
                0x0000000020015a16                metal_clock_register_pre_rate_change_callback
 .text.metal_clock_register_post_rate_change_callback
                0x0000000020015a46       0x30 D:/hifive1-revb/hifive1-revb-test-i2c-with-arduino/SiFive/sifive-hifive1-revb-i2c/bsp/install/lib/debug/\libmetal.a(libriscv__mmachine__sifive-hifive1-revb_a-clock.o)
                0x0000000020015a46                metal_clock_register_post_rate_change_callback
 .text.metal_cpu_get_timer
                0x0000000020015a76       0x2a D:/hifive1-revb/hifive1-revb-test-i2c-with-arduino/SiFive/sifive-hifive1-revb-i2c/bsp/install/lib/debug/\libmetal.a(libriscv__mmachine__sifive-hifive1-revb_a-cpu.o)
                0x0000000020015a76                metal_cpu_get_timer
 .text.metal_cpu_get_timebase
                0x0000000020015aa0       0x2a D:/hifive1-revb/hifive1-revb-test-i2c-with-arduino/SiFive/sifive-hifive1-revb-i2c/bsp/install/lib/debug/\libmetal.a(libriscv__mmachine__sifive-hifive1-revb_a-cpu.o)
                0x0000000020015aa0                metal_cpu_get_timebase
 .text.metal_cpu_interrupt_controller
                0x0000000020015aca       0x26 D:/hifive1-revb/hifive1-revb-test-i2c-with-arduino/SiFive/sifive-hifive1-revb-i2c/bsp/install/lib/debug/\libmetal.a(libriscv__mmachine__sifive-hifive1-revb_a-cpu.o)
                0x0000000020015aca                metal_cpu_interrupt_controller
 .text.metal_cpu_get
                0x0000000020015af0       0x2e D:/hifive1-revb/hifive1-revb-test-i2c-with-arduino/SiFive/sifive-hifive1-revb-i2c/bsp/install/lib/debug/\libmetal.a(libriscv__mmachine__sifive-hifive1-revb_a-cpu.o)
                0x0000000020015af0                metal_cpu_get
 .text.metal_cpu_get_current_hartid
                0x0000000020015b1e       0x1a D:/hifive1-revb/hifive1-revb-test-i2c-with-arduino/SiFive/sifive-hifive1-revb-i2c/bsp/install/lib/debug/\libmetal.a(libriscv__mmachine__sifive-hifive1-revb_a-cpu.o)
                0x0000000020015b1e                metal_cpu_get_current_hartid
 .text.metal_shutdown
                0x0000000020015b38        0xe D:/hifive1-revb/hifive1-revb-test-i2c-with-arduino/SiFive/sifive-hifive1-revb-i2c/bsp/install/lib/debug/\libmetal.a(libriscv__mmachine__sifive-hifive1-revb_a-shutdown.o)
                0x0000000020015b38                metal_shutdown
 .text.metal_gettimeofday
                0x0000000020015b46       0xea D:/hifive1-revb/hifive1-revb-test-i2c-with-arduino/SiFive/sifive-hifive1-revb-i2c/bsp/install/lib/debug/\libmetal.a(libriscv__mmachine__sifive-hifive1-revb_a-time.o)
                0x0000000020015b46                metal_gettimeofday
 .text.metal_time
                0x0000000020015c30       0x38 D:/hifive1-revb/hifive1-revb-test-i2c-with-arduino/SiFive/sifive-hifive1-revb-i2c/bsp/install/lib/debug/\libmetal.a(libriscv__mmachine__sifive-hifive1-revb_a-time.o)
                0x0000000020015c30                metal_time
 .text.metal_uart_init
                0x0000000020015c68       0x2c D:/hifive1-revb/hifive1-revb-test-i2c-with-arduino/SiFive/sifive-hifive1-revb-i2c/bsp/install/lib/debug/\libmetal.a(libriscv__mmachine__sifive-hifive1-revb_a-uart.o)
                0x0000000020015c68                metal_uart_init
 .text.metal_uart_putc
                0x0000000020015c94       0x2e D:/hifive1-revb/hifive1-revb-test-i2c-with-arduino/SiFive/sifive-hifive1-revb-i2c/bsp/install/lib/debug/\libmetal.a(libriscv__mmachine__sifive-hifive1-revb_a-uart.o)
                0x0000000020015c94                metal_uart_putc
 .text.metal_uart_set_baud_rate
                0x0000000020015cc2       0x2e D:/hifive1-revb/hifive1-revb-test-i2c-with-arduino/SiFive/sifive-hifive1-revb-i2c/bsp/install/lib/debug/\libmetal.a(libriscv__mmachine__sifive-hifive1-revb_a-uart.o)
                0x0000000020015cc2                metal_uart_set_baud_rate
 *fill*         0x0000000020015cf0       0x10 
 .text          0x0000000020015d00       0x80 D:/hifive1-revb/hifive1-revb-test-i2c-with-arduino/SiFive/sifive-hifive1-revb-i2c/bsp/install/lib/debug/\libmetal.a(libriscv__mmachine__sifive-hifive1-revb_a-vector.o)
                0x0000000020015d00                __metal_vector_table
 .text.__metal_driver_fixed_clock_rate
                0x0000000020015d80       0x70 D:/hifive1-revb/hifive1-revb-test-i2c-with-arduino/SiFive/sifive-hifive1-revb-i2c/bsp/install/lib/debug/\libmetal.a(libriscv__mmachine__sifive-hifive1-revb_a-fixed-clock.o)
 .text.__metal_driver_fixed_clock_get_rate_hz
                0x0000000020015df0       0x1e D:/hifive1-revb/hifive1-revb-test-i2c-with-arduino/SiFive/sifive-hifive1-revb-i2c/bsp/install/lib/debug/\libmetal.a(libriscv__mmachine__sifive-hifive1-revb_a-fixed-clock.o)
                0x0000000020015df0                __metal_driver_fixed_clock_get_rate_hz
 .text.__metal_driver_fixed_clock_set_rate_hz
                0x0000000020015e0e       0x22 D:/hifive1-revb/hifive1-revb-test-i2c-with-arduino/SiFive/sifive-hifive1-revb-i2c/bsp/install/lib/debug/\libmetal.a(libriscv__mmachine__sifive-hifive1-revb_a-fixed-clock.o)
                0x0000000020015e0e                __metal_driver_fixed_clock_set_rate_hz
 .text.metal_timer_get_cyclecount
                0x0000000020015e30       0x4a D:/hifive1-revb/hifive1-revb-test-i2c-with-arduino/SiFive/sifive-hifive1-revb-i2c/bsp/install/lib/debug/\libmetal.a(libriscv__mmachine__sifive-hifive1-revb_a-timer.o)
                0x0000000020015e30                metal_timer_get_cyclecount
 .text.metal_timer_get_timebase_frequency
                0x0000000020015e7a       0x4a D:/hifive1-revb/hifive1-revb-test-i2c-with-arduino/SiFive/sifive-hifive1-revb-i2c/bsp/install/lib/debug/\libmetal.a(libriscv__mmachine__sifive-hifive1-revb_a-timer.o)
                0x0000000020015e7a                metal_timer_get_timebase_frequency
 .text._close   0x0000000020015ec4       0x22 D:/hifive1-revb/hifive1-revb-test-i2c-with-arduino/SiFive/sifive-hifive1-revb-i2c/bsp/install/lib/debug/\libmetal-gloss.a(sys_close.o)
                0x0000000020015ec4                _close
 .text._fstat   0x0000000020015ee6       0x26 D:/hifive1-revb/hifive1-revb-test-i2c-with-arduino/SiFive/sifive-hifive1-revb-i2c/bsp/install/lib/debug/\libmetal-gloss.a(sys_fstat.o)
                0x0000000020015ee6                _fstat
 .text._gettimeofday
                0x0000000020015f0c       0xe6 D:/hifive1-revb/hifive1-revb-test-i2c-with-arduino/SiFive/sifive-hifive1-revb-i2c/bsp/install/lib/debug/\libmetal-gloss.a(sys_gettimeofday.o)
                0x0000000020015f0c                _gettimeofday
 .text._isatty  0x0000000020015ff2       0x20 D:/hifive1-revb/hifive1-revb-test-i2c-with-arduino/SiFive/sifive-hifive1-revb-i2c/bsp/install/lib/debug/\libmetal-gloss.a(sys_isatty.o)
                0x0000000020015ff2                _isatty
 .text._lseek   0x0000000020016012       0x2a D:/hifive1-revb/hifive1-revb-test-i2c-with-arduino/SiFive/sifive-hifive1-revb-i2c/bsp/install/lib/debug/\libmetal-gloss.a(sys_lseek.o)
                0x0000000020016012                _lseek
 .text._read    0x000000002001603c       0x2a D:/hifive1-revb/hifive1-revb-test-i2c-with-arduino/SiFive/sifive-hifive1-revb-i2c/bsp/install/lib/debug/\libmetal-gloss.a(sys_read.o)
                0x000000002001603c                _read
 .text._sbrk    0x0000000020016066       0x5a D:/hifive1-revb/hifive1-revb-test-i2c-with-arduino/SiFive/sifive-hifive1-revb-i2c/bsp/install/lib/debug/\libmetal-gloss.a(sys_sbrk.o)
                0x0000000020016066                _sbrk
 .text._write   0x00000000200160c0       0x70 D:/hifive1-revb/hifive1-revb-test-i2c-with-arduino/SiFive/sifive-hifive1-revb-i2c/bsp/install/lib/debug/\libmetal-gloss.a(sys_write.o)
                0x00000000200160c0                _write
 .text.atexit   0x0000000020016130        0xa d:/hifive1-revb/freedomstudio-2019-08-2-win64/sifive/riscv64-unknown-elf-gcc-8.3.0-2019.08.0/bin/../lib/gcc/riscv64-unknown-elf/8.3.0/../../../../riscv64-unknown-elf/lib/rv32imac/ilp32\libc_nano.a(lib_a-atexit.o)
                0x0000000020016130                atexit
 .text.__errno  0x000000002001613a        0xc d:/hifive1-revb/freedomstudio-2019-08-2-win64/sifive/riscv64-unknown-elf-gcc-8.3.0-2019.08.0/bin/../lib/gcc/riscv64-unknown-elf/8.3.0/../../../../riscv64-unknown-elf/lib/rv32imac/ilp32\libc_nano.a(lib_a-errno.o)
                0x000000002001613a                __errno
 .text.exit     0x0000000020016146       0x2c d:/hifive1-revb/freedomstudio-2019-08-2-win64/sifive/riscv64-unknown-elf-gcc-8.3.0-2019.08.0/bin/../lib/gcc/riscv64-unknown-elf/8.3.0/../../../../riscv64-unknown-elf/lib/rv32imac/ilp32\libc_nano.a(lib_a-exit.o)
                0x0000000020016146                exit
 .text.__libc_fini_array
                0x0000000020016172       0x38 d:/hifive1-revb/freedomstudio-2019-08-2-win64/sifive/riscv64-unknown-elf-gcc-8.3.0-2019.08.0/bin/../lib/gcc/riscv64-unknown-elf/8.3.0/../../../../riscv64-unknown-elf/lib/rv32imac/ilp32\libc_nano.a(lib_a-fini.o)
                0x0000000020016172                __libc_fini_array
 .text.__libc_init_array
                0x00000000200161aa       0x6a d:/hifive1-revb/freedomstudio-2019-08-2-win64/sifive/riscv64-unknown-elf-gcc-8.3.0-2019.08.0/bin/../lib/gcc/riscv64-unknown-elf/8.3.0/../../../../riscv64-unknown-elf/lib/rv32imac/ilp32\libc_nano.a(lib_a-init.o)
                0x00000000200161aa                __libc_init_array
 .text.__register_exitproc
                0x0000000020016214       0x88 d:/hifive1-revb/freedomstudio-2019-08-2-win64/sifive/riscv64-unknown-elf-gcc-8.3.0-2019.08.0/bin/../lib/gcc/riscv64-unknown-elf/8.3.0/../../../../riscv64-unknown-elf/lib/rv32imac/ilp32\libc_nano.a(lib_a-__atexit.o)
                0x0000000020016214                __register_exitproc
 .text.__call_exitprocs
                0x000000002001629c       0xc8 d:/hifive1-revb/freedomstudio-2019-08-2-win64/sifive/riscv64-unknown-elf-gcc-8.3.0-2019.08.0/bin/../lib/gcc/riscv64-unknown-elf/8.3.0/../../../../riscv64-unknown-elf/lib/rv32imac/ilp32\libc_nano.a(lib_a-__call_atexit.o)
                0x000000002001629c                __call_exitprocs
 .text          0x0000000020016364      0x35e d:/hifive1-revb/freedomstudio-2019-08-2-win64/sifive/riscv64-unknown-elf-gcc-8.3.0-2019.08.0/bin/../lib/gcc/riscv64-unknown-elf/8.3.0/rv32imac/ilp32\libgcc.a(_udivdi3.o)
                0x0000000020016364                __udivdi3
 .text          0x00000000200166c2      0x352 d:/hifive1-revb/freedomstudio-2019-08-2-win64/sifive/riscv64-unknown-elf-gcc-8.3.0-2019.08.0/bin/../lib/gcc/riscv64-unknown-elf/8.3.0/rv32imac/ilp32\libgcc.a(_umoddi3.o)
                0x00000000200166c2                __umoddi3
 .text.metal_tty_putc
                0x0000000020016a14       0x2c D:/hifive1-revb/hifive1-revb-test-i2c-with-arduino/SiFive/sifive-hifive1-revb-i2c/bsp/install/lib/debug/\libmetal.a(libriscv__mmachine__sifive-hifive1-revb_a-tty.o)
                0x0000000020016a14                metal_tty_putc
 .text.metal_tty_putc_raw
                0x0000000020016a40       0x28 D:/hifive1-revb/hifive1-revb-test-i2c-with-arduino/SiFive/sifive-hifive1-revb-i2c/bsp/install/lib/debug/\libmetal.a(libriscv__mmachine__sifive-hifive1-revb_a-tty.o)
                0x0000000020016a40                metal_tty_putc_raw
 .text.metal_tty_init
                0x0000000020016a68       0x24 D:/hifive1-revb/hifive1-revb-test-i2c-with-arduino/SiFive/sifive-hifive1-revb-i2c/bsp/install/lib/debug/\libmetal.a(libriscv__mmachine__sifive-hifive1-revb_a-tty.o)
 .text._exit    0x0000000020016a8c       0x14 D:/hifive1-revb/hifive1-revb-test-i2c-with-arduino/SiFive/sifive-hifive1-revb-i2c/bsp/install/lib/debug/\libmetal-gloss.a(sys_exit.o)
                0x0000000020016a8c                _exit
 *(.gnu.linkonce.t.*)
                [!provide]                        PROVIDE (__etext = .)
                [!provide]                        PROVIDE (_etext = .)
                [!provide]                        PROVIDE (etext = .)

.rodata         0x0000000020016aa0      0xe98
 *(.rdata)
 *(.rodata .rodata.*)
 .rodata        0x0000000020016aa0      0x11f C:\Users\win10\AppData\Local\Temp\cc46eepe.o
 *fill*         0x0000000020016bbf        0x1 
 .rodata.__sf_fake_stderr
                0x0000000020016bc0       0x20 d:/hifive1-revb/freedomstudio-2019-08-2-win64/sifive/riscv64-unknown-elf-gcc-8.3.0-2019.08.0/bin/../lib/gcc/riscv64-unknown-elf/8.3.0/../../../../riscv64-unknown-elf/lib/rv32imac/ilp32\libc_nano.a(lib_a-findfp.o)
                0x0000000020016bc0                __sf_fake_stderr
 .rodata.__sf_fake_stdin
                0x0000000020016be0       0x20 d:/hifive1-revb/freedomstudio-2019-08-2-win64/sifive/riscv64-unknown-elf-gcc-8.3.0-2019.08.0/bin/../lib/gcc/riscv64-unknown-elf/8.3.0/../../../../riscv64-unknown-elf/lib/rv32imac/ilp32\libc_nano.a(lib_a-findfp.o)
                0x0000000020016be0                __sf_fake_stdin
 .rodata.__sf_fake_stdout
                0x0000000020016c00       0x20 d:/hifive1-revb/freedomstudio-2019-08-2-win64/sifive/riscv64-unknown-elf-gcc-8.3.0-2019.08.0/bin/../lib/gcc/riscv64-unknown-elf/8.3.0/../../../../riscv64-unknown-elf/lib/rv32imac/ilp32\libc_nano.a(lib_a-findfp.o)
                0x0000000020016c00                __sf_fake_stdout
 .rodata._printf_i.str1.4
                0x0000000020016c20       0x25 d:/hifive1-revb/freedomstudio-2019-08-2-win64/sifive/riscv64-unknown-elf-gcc-8.3.0-2019.08.0/bin/../lib/gcc/riscv64-unknown-elf/8.3.0/../../../../riscv64-unknown-elf/lib/rv32imac/ilp32\libc_nano.a(lib_a-nano-vfprintf_i.o)
 *fill*         0x0000000020016c45        0x3 
 .rodata._vfprintf_r.str1.4
                0x0000000020016c48       0x14 d:/hifive1-revb/freedomstudio-2019-08-2-win64/sifive/riscv64-unknown-elf-gcc-8.3.0-2019.08.0/bin/../lib/gcc/riscv64-unknown-elf/8.3.0/../../../../riscv64-unknown-elf/lib/rv32imac/ilp32\libc_nano.a(lib_a-nano-vfprintf.o)
                                         0x13 (size before relaxing)
 .rodata.__metal_driver_vtable_riscv_clint0
                0x0000000020016c5c       0x4c D:/hifive1-revb/hifive1-revb-test-i2c-with-arduino/SiFive/sifive-hifive1-revb-i2c/bsp/install/lib/debug/\libmetal.a(libriscv__mmachine__sifive-hifive1-revb_a-riscv_clint0.o)
                0x0000000020016c5c                __metal_driver_vtable_riscv_clint0
 .rodata.__metal_controller_interrupt_vector
                0x0000000020016ca8       0x14 D:/hifive1-revb/hifive1-revb-test-i2c-with-arduino/SiFive/sifive-hifive1-revb-i2c/bsp/install/lib/debug/\libmetal.a(libriscv__mmachine__sifive-hifive1-revb_a-riscv_cpu.o)
 .rodata.__metal_valid_interrupt_id
                0x0000000020016cbc       0x74 D:/hifive1-revb/hifive1-revb-test-i2c-with-arduino/SiFive/sifive-hifive1-revb-i2c/bsp/install/lib/debug/\libmetal.a(libriscv__mmachine__sifive-hifive1-revb_a-riscv_cpu.o)
 .rodata.__metal_local_interrupt_enable
                0x0000000020016d30       0x80 D:/hifive1-revb/hifive1-revb-test-i2c-with-arduino/SiFive/sifive-hifive1-revb-i2c/bsp/install/lib/debug/\libmetal.a(libriscv__mmachine__sifive-hifive1-revb_a-riscv_cpu.o)
 .rodata.__metal_driver_riscv_cpu_controller_interrupt_register
                0x0000000020016db0       0x74 D:/hifive1-revb/hifive1-revb-test-i2c-with-arduino/SiFive/sifive-hifive1-revb-i2c/bsp/install/lib/debug/\libmetal.a(libriscv__mmachine__sifive-hifive1-revb_a-riscv_cpu.o)
 .rodata.__metal_driver_vtable_riscv_cpu_intc
                0x0000000020016e24       0x4c D:/hifive1-revb/hifive1-revb-test-i2c-with-arduino/SiFive/sifive-hifive1-revb-i2c/bsp/install/lib/debug/\libmetal.a(libriscv__mmachine__sifive-hifive1-revb_a-riscv_cpu.o)
                0x0000000020016e24                __metal_driver_vtable_riscv_cpu_intc
 .rodata.__metal_driver_vtable_cpu
                0x0000000020016e70       0x40 D:/hifive1-revb/hifive1-revb-test-i2c-with-arduino/SiFive/sifive-hifive1-revb-i2c/bsp/install/lib/debug/\libmetal.a(libriscv__mmachine__sifive-hifive1-revb_a-riscv_cpu.o)
                0x0000000020016e70                __metal_driver_vtable_cpu
 .rodata.__metal_driver_vtable_riscv_plic0
                0x0000000020016eb0       0x4c D:/hifive1-revb/hifive1-revb-test-i2c-with-arduino/SiFive/sifive-hifive1-revb-i2c/bsp/install/lib/debug/\libmetal.a(libriscv__mmachine__sifive-hifive1-revb_a-riscv_plic0.o)
                0x0000000020016eb0                __metal_driver_vtable_riscv_plic0
 .rodata.pll_configs
                0x0000000020016efc      0x880 D:/hifive1-revb/hifive1-revb-test-i2c-with-arduino/SiFive/sifive-hifive1-revb-i2c/bsp/install/lib/debug/\libmetal.a(libriscv__mmachine__sifive-hifive1-revb_a-sifive_fe310-g000_pll.o)
 .rodata.__metal_driver_vtable_sifive_fe310_g000_pll
                0x000000002001777c        0xc D:/hifive1-revb/hifive1-revb-test-i2c-with-arduino/SiFive/sifive-hifive1-revb-i2c/bsp/install/lib/debug/\libmetal.a(libriscv__mmachine__sifive-hifive1-revb_a-sifive_fe310-g000_pll.o)
                0x000000002001777c                __metal_driver_vtable_sifive_fe310_g000_pll
 .rodata.__metal_driver_sifive_gpio0_config_int
                0x0000000020017788       0x20 D:/hifive1-revb/hifive1-revb-test-i2c-with-arduino/SiFive/sifive-hifive1-revb-i2c/bsp/install/lib/debug/\libmetal.a(libriscv__mmachine__sifive-hifive1-revb_a-sifive_gpio0.o)
 .rodata.__metal_driver_sifive_gpio0_clear_int
                0x00000000200177a8       0x20 D:/hifive1-revb/hifive1-revb-test-i2c-with-arduino/SiFive/sifive-hifive1-revb-i2c/bsp/install/lib/debug/\libmetal.a(libriscv__mmachine__sifive-hifive1-revb_a-sifive_gpio0.o)
 .rodata.__metal_driver_vtable_sifive_gpio0
                0x00000000200177c8       0x3c D:/hifive1-revb/hifive1-revb-test-i2c-with-arduino/SiFive/sifive-hifive1-revb-i2c/bsp/install/lib/debug/\libmetal.a(libriscv__mmachine__sifive-hifive1-revb_a-sifive_gpio0.o)
                0x00000000200177c8                __metal_driver_vtable_sifive_gpio0
 .rodata.__metal_driver_vtable_sifive_uart0
                0x0000000020017804       0x20 D:/hifive1-revb/hifive1-revb-test-i2c-with-arduino/SiFive/sifive-hifive1-revb-i2c/bsp/install/lib/debug/\libmetal.a(libriscv__mmachine__sifive-hifive1-revb_a-sifive_uart0.o)
                0x0000000020017804                __metal_driver_vtable_sifive_uart0
 .rodata.libgloss.start
                0x0000000020017824       0x11 D:/hifive1-revb/hifive1-revb-test-i2c-with-arduino/SiFive/sifive-hifive1-revb-i2c/bsp/install/lib/debug/\libmetal-gloss.a(crt0.o)
 *fill*         0x0000000020017835        0x3 
 .rodata        0x0000000020017838      0x100 d:/hifive1-revb/freedomstudio-2019-08-2-win64/sifive/riscv64-unknown-elf-gcc-8.3.0-2019.08.0/bin/../lib/gcc/riscv64-unknown-elf/8.3.0/rv32imac/ilp32\libgcc.a(_clz.o)
                0x0000000020017838                __clz_tab
 *(.gnu.linkonce.r.*)
                0x0000000020017938                . = ALIGN (0x8)
 *fill*         0x0000000020017938        0x0 
 *(.srodata.cst16)
 *(.srodata.cst8)
 *(.srodata.cst4)
 *(.srodata.cst2)
 *(.srodata .srodata.*)

.rela.dyn       0x0000000020017938        0x0
 .rela.text._gettimeofday_r
                0x0000000020017938        0x0 C:\Users\win10\AppData\Local\Temp\cc46eepe.o
 .rela.text._vfprintf_r
                0x0000000020017938        0x0 C:\Users\win10\AppData\Local\Temp\cc46eepe.o
 .rela.text._sbrk_r
                0x0000000020017938        0x0 C:\Users\win10\AppData\Local\Temp\cc46eepe.o
 .rela.text._write_r
                0x0000000020017938        0x0 C:\Users\win10\AppData\Local\Temp\cc46eepe.o
 .rela.text._close_r
                0x0000000020017938        0x0 C:\Users\win10\AppData\Local\Temp\cc46eepe.o
 .rela.text._fstat_r
                0x0000000020017938        0x0 C:\Users\win10\AppData\Local\Temp\cc46eepe.o
 .rela.text._isatty_r
                0x0000000020017938        0x0 C:\Users\win10\AppData\Local\Temp\cc46eepe.o
 .rela.text._lseek_r
                0x0000000020017938        0x0 C:\Users\win10\AppData\Local\Temp\cc46eepe.o
 .rela.text._read_r
                0x0000000020017938        0x0 C:\Users\win10\AppData\Local\Temp\cc46eepe.o
 .rela.text.__metal_driver_cpu_get
                0x0000000020017938        0x0 C:\Users\win10\AppData\Local\Temp\cc46eepe.o