Archive member included to satisfy reference by file (symbol)

e:/freedomstudio-2019-08-2-win64/sifive/riscv64-unknown-elf-gcc-8.3.0-2019.08.0/bin/../lib/gcc/riscv64-unknown-elf/8.3.0/../../../../riscv64-unknown-elf/lib/rv32imac/ilp32\libc_nano.a(lib_a-memset.o)
                              C:\Users\HoangSHC\AppData\Local\Temp\cciYgQPb.o (memset)
e:/freedomstudio-2019-08-2-win64/sifive/riscv64-unknown-elf-gcc-8.3.0-2019.08.0/bin/../lib/gcc/riscv64-unknown-elf/8.3.0/../../../../riscv64-unknown-elf/lib/rv32imac/ilp32\libc_nano.a(lib_a-printf.o)
                              C:\Users\HoangSHC\AppData\Local\Temp\cciYgQPb.o (printf)
e:/freedomstudio-2019-08-2-win64/sifive/riscv64-unknown-elf-gcc-8.3.0-2019.08.0/bin/../lib/gcc/riscv64-unknown-elf/8.3.0/../../../../riscv64-unknown-elf/lib/rv32imac/ilp32\libc_nano.a(lib_a-puts.o)
                              C:\Users\HoangSHC\AppData\Local\Temp\cciYgQPb.o (puts)
e:/freedomstudio-2019-08-2-win64/sifive/riscv64-unknown-elf-gcc-8.3.0-2019.08.0/bin/../lib/gcc/riscv64-unknown-elf/8.3.0/../../../../riscv64-unknown-elf/lib/rv32imac/ilp32\libc_nano.a(lib_a-time.o)
                              C:\Users\HoangSHC\AppData\Local\Temp\cciYgQPb.o (time)
e:/freedomstudio-2019-08-2-win64/sifive/riscv64-unknown-elf-gcc-8.3.0-2019.08.0/bin/../lib/gcc/riscv64-unknown-elf/8.3.0/../../../../riscv64-unknown-elf/lib/rv32imac/ilp32\libc_nano.a(lib_a-wbuf.o)
                              e:/freedomstudio-2019-08-2-win64/sifive/riscv64-unknown-elf-gcc-8.3.0-2019.08.0/bin/../lib/gcc/riscv64-unknown-elf/8.3.0/../../../../riscv64-unknown-elf/lib/rv32imac/ilp32\libc_nano.a(lib_a-puts.o) (__swbuf_r)
e:/freedomstudio-2019-08-2-win64/sifive/riscv64-unknown-elf-gcc-8.3.0-2019.08.0/bin/../lib/gcc/riscv64-unknown-elf/8.3.0/../../../../riscv64-unknown-elf/lib/rv32imac/ilp32\libc_nano.a(lib_a-wsetup.o)
                              e:/freedomstudio-2019-08-2-win64/sifive/riscv64-unknown-elf-gcc-8.3.0-2019.08.0/bin/../lib/gcc/riscv64-unknown-elf/8.3.0/../../../../riscv64-unknown-elf/lib/rv32imac/ilp32\libc_nano.a(lib_a-puts.o) (__swsetup_r)
e:/freedomstudio-2019-08-2-win64/sifive/riscv64-unknown-elf-gcc-8.3.0-2019.08.0/bin/../lib/gcc/riscv64-unknown-elf/8.3.0/../../../../riscv64-unknown-elf/lib/rv32imac/ilp32\libc_nano.a(lib_a-fflush.o)
                              e:/freedomstudio-2019-08-2-win64/sifive/riscv64-unknown-elf-gcc-8.3.0-2019.08.0/bin/../lib/gcc/riscv64-unknown-elf/8.3.0/../../../../riscv64-unknown-elf/lib/rv32imac/ilp32\libc_nano.a(lib_a-wbuf.o) (_fflush_r)
e:/freedomstudio-2019-08-2-win64/sifive/riscv64-unknown-elf-gcc-8.3.0-2019.08.0/bin/../lib/gcc/riscv64-unknown-elf/8.3.0/../../../../riscv64-unknown-elf/lib/rv32imac/ilp32\libc_nano.a(lib_a-findfp.o)
                              e:/freedomstudio-2019-08-2-win64/sifive/riscv64-unknown-elf-gcc-8.3.0-2019.08.0/bin/../lib/gcc/riscv64-unknown-elf/8.3.0/../../../../riscv64-unknown-elf/lib/rv32imac/ilp32\libc_nano.a(lib_a-printf.o) (__sinit)
e:/freedomstudio-2019-08-2-win64/sifive/riscv64-unknown-elf-gcc-8.3.0-2019.08.0/bin/../lib/gcc/riscv64-unknown-elf/8.3.0/../../../../riscv64-unknown-elf/lib/rv32imac/ilp32\libc_nano.a(lib_a-fwalk.o)
                              e:/freedomstudio-2019-08-2-win64/sifive/riscv64-unknown-elf-gcc-8.3.0-2019.08.0/bin/../lib/gcc/riscv64-unknown-elf/8.3.0/../../../../riscv64-unknown-elf/lib/rv32imac/ilp32\libc_nano.a(lib_a-findfp.o) (_fwalk)
e:/freedomstudio-2019-08-2-win64/sifive/riscv64-unknown-elf-gcc-8.3.0-2019.08.0/bin/../lib/gcc/riscv64-unknown-elf/8.3.0/../../../../riscv64-unknown-elf/lib/rv32imac/ilp32\libc_nano.a(lib_a-gettimeofdayr.o)
                              e:/freedomstudio-2019-08-2-win64/sifive/riscv64-unknown-elf-gcc-8.3.0-2019.08.0/bin/../lib/gcc/riscv64-unknown-elf/8.3.0/../../../../riscv64-unknown-elf/lib/rv32imac/ilp32\libc_nano.a(lib_a-time.o) (_gettimeofday_r)
e:/freedomstudio-2019-08-2-win64/sifive/riscv64-unknown-elf-gcc-8.3.0-2019.08.0/bin/../lib/gcc/riscv64-unknown-elf/8.3.0/../../../../riscv64-unknown-elf/lib/rv32imac/ilp32\libc_nano.a(lib_a-impure.o)
                              e:/freedomstudio-2019-08-2-win64/sifive/riscv64-unknown-elf-gcc-8.3.0-2019.08.0/bin/../lib/gcc/riscv64-unknown-elf/8.3.0/../../../../riscv64-unknown-elf/lib/rv32imac/ilp32\libc_nano.a(lib_a-fflush.o) (_global_impure_ptr)
e:/freedomstudio-2019-08-2-win64/sifive/riscv64-unknown-elf-gcc-8.3.0-2019.08.0/bin/../lib/gcc/riscv64-unknown-elf/8.3.0/../../../../riscv64-unknown-elf/lib/rv32imac/ilp32\libc_nano.a(lib_a-makebuf.o)
                              e:/freedomstudio-2019-08-2-win64/sifive/riscv64-unknown-elf-gcc-8.3.0-2019.08.0/bin/../lib/gcc/riscv64-unknown-elf/8.3.0/../../../../riscv64-unknown-elf/lib/rv32imac/ilp32\libc_nano.a(lib_a-wsetup.o) (__smakebuf_r)
e:/freedomstudio-2019-08-2-win64/sifive/riscv64-unknown-elf-gcc-8.3.0-2019.08.0/bin/../lib/gcc/riscv64-unknown-elf/8.3.0/../../../../riscv64-unknown-elf/lib/rv32imac/ilp32\libc_nano.a(lib_a-nano-freer.o)
[...]
Memory Configuration

Name             Origin             Length             Attributes
flash            0x0000000020010000 0x000000000006a120 axrl !w
itim             0x0000000008000000 0x0000000000002000 xw !arl
ram              0x0000000080000000 0x0000000000004000 axw !rl
*default*        0x0000000000000000 0xffffffffffffffff

Linker script and memory map

LOAD C:\Users\HoangSHC\AppData\Local\Temp\cciYgQPb.o
LOAD C:\Users\HoangSHC\AppData\Local\Temp\ccNWn0tc.o
START GROUP
LOAD e:/freedomstudio-2019-08-2-win64/sifive/riscv64-unknown-elf-gcc-8.3.0-2019.08.0/bin/../lib/gcc/riscv64-unknown-elf/8.3.0/../../../../riscv64-unknown-elf/lib/rv32imac/ilp32\libc_nano.a
LOAD e:/freedomstudio-2019-08-2-win64/sifive/riscv64-unknown-elf-gcc-8.3.0-2019.08.0/bin/../lib/gcc/riscv64-unknown-elf/8.3.0/rv32imac/ilp32\libgcc.a
LOAD e:/freedomstudio-2019-08-2-win64/sifive/riscv64-unknown-elf-gcc-8.3.0-2019.08.0/bin/../lib/gcc/riscv64-unknown-elf/8.3.0/../../../../riscv64-unknown-elf/lib/rv32imac/ilp32\libm.a
LOAD E:/8.AWS-FreeRTOS-HiFive1/Workspace/sifive-hifive1-revb-i2c/bsp/install/lib/debug/\libmetal.a
LOAD E:/8.AWS-FreeRTOS-HiFive1/Workspace/sifive-hifive1-revb-i2c/bsp/install/lib/debug/\libmetal-gloss.a
END GROUP
                0x0000000000000400                __stack_size = DEFINED (__stack_size)?__stack_size:0x400
                [!provide]                        PROVIDE (__stack_size = __stack_size)
                0x0000000000000800                __heap_size = DEFINED (__heap_size)?__heap_size:0x800
                0x0000000000000000                PROVIDE (__metal_boot_hart = 0x0)
                0x0000000000000000                PROVIDE (__metal_chicken_bit = 0x0)

.init           0x0000000020010000      0x194
 *(.text.metal.init.enter)
 .text.metal.init.enter
                0x0000000020010000       0x60 E:/8.AWS-FreeRTOS-HiFive1/Workspace/sifive-hifive1-revb-i2c/bsp/install/lib/debug/\libmetal.a(libriscv__mmachine__sifive-hifive1-revb_a-entry.o)
                0x0000000020010000                _enter
 *(.text.metal.init.*)
 *fill*         0x0000000020010060        0x0 
 .text.metal.init.trapvec
                0x0000000020010060        0xe E:/8.AWS-FreeRTOS-HiFive1/Workspace/sifive-hifive1-revb-i2c/bsp/install/lib/debug/\libmetal.a(libriscv__mmachine__sifive-hifive1-revb_a-entry.o)
 .text.metal.init.__register_frame_info
                0x000000002001006e        0x2 E:/8.AWS-FreeRTOS-HiFive1/Workspace/sifive-hifive1-revb-i2c/bsp/install/lib/debug/\libmetal.a(libriscv__mmachine__sifive-hifive1-revb_a-entry.o)
                0x000000002001006e                __register_frame_info
 *(SORT_NONE(.init))
 .init          0x0000000020010070        0xe E:/8.AWS-FreeRTOS-HiFive1/Workspace/sifive-hifive1-revb-i2c/bsp/install/lib/debug/\libmetal.a(libriscv__mmachine__sifive-hifive1-revb_a-synchronize_harts.o)
                0x0000000020010070                __metal_synchronize_harts
 *(.text.libgloss.start)
 .text.libgloss.start
                0x000000002001007e      0x116 E:/8.AWS-FreeRTOS-HiFive1/Workspace/sifive-hifive1-revb-i2c/bsp/install/lib/debug/\libmetal-gloss.a(crt0.o)
                0x000000002001007e                _start
                0x0000000020010174                _fini
                0x0000000020010174                _init
                0x0000000020010176                secondary_main

.fini
 *(SORT_NONE(.fini))

.text           0x0000000020010200     0x6ba0
 *(.text.unlikely .text.unlikely.*)
 *(.text.startup .text.startup.*)
 *(.text .text.*)
 .text.main     0x0000000020010200      0x244 C:\Users\HoangSHC\AppData\Local\Temp\cciYgQPb.o
                0x0000000020010200                main
 .text.driver_i2c0_write_addr
                0x0000000020010444      0x148 C:\Users\HoangSHC\AppData\Local\Temp\ccNWn0tc.o
 .text.driver_sifive_gpio0_enable_io
                0x000000002001058c       0x5a C:\Users\HoangSHC\AppData\Local\Temp\ccNWn0tc.o
 .text.driver_i2c0_init
                0x00000000200105e6       0x60 C:\Users\HoangSHC\AppData\Local\Temp\ccNWn0tc.o
                0x00000000200105e6                driver_i2c0_init
 .text.driver_i2c0_set_baud_rate
                0x0000000020010646       0xfa C:\Users\HoangSHC\AppData\Local\Temp\ccNWn0tc.o
                0x0000000020010646                driver_i2c0_set_baud_rate
 .text.driver_i2c0_write
                0x0000000020010740      0x142 C:\Users\HoangSHC\AppData\Local\Temp\ccNWn0tc.o
                0x0000000020010740                driver_i2c0_write
 .text.driver_i2c0_read
                0x0000000020010882      0x132 C:\Users\HoangSHC\AppData\Local\Temp\ccNWn0tc.o
                0x0000000020010882                driver_i2c0_read
 .text          0x00000000200109b4       0xa8 e:/freedomstudio-2019-08-2-win64/sifive/riscv64-unknown-elf-gcc-8.3.0-2019.08.0/bin/../lib/gcc/riscv64-unknown-elf/8.3.0/../../../../riscv64-unknown-elf/lib/rv32imac/ilp32\libc_nano.a(lib_a-memset.o)
                0x00000000200109b4                memset
 .text.printf   0x0000000020010a5c       0x44 e:/freedomstudio-2019-08-2-win64/sifive/riscv64-unknown-elf-gcc-8.3.0-2019.08.0/bin/../lib/gcc/riscv64-unknown-elf/8.3.0/../../../../riscv64-unknown-elf/lib/rv32imac/ilp32\libc_nano.a(lib_a-printf.o)
                0x0000000020010a5c                iprintf
                0x0000000020010a5c                printf
 .text._puts_r  0x0000000020010aa0       0xda e:/freedomstudio-2019-08-2-win64/sifive/riscv64-unknown-elf-gcc-8.3.0-2019.08.0/bin/../lib/gcc/riscv64-unknown-elf/8.3.0/../../../../riscv64-unknown-elf/lib/rv32imac/ilp32\libc_nano.a(lib_a-puts.o)
                0x0000000020010aa0                _puts_r
 .text.puts     0x0000000020010b7a        0xe e:/freedomstudio-2019-08-2-win64/sifive/riscv64-unknown-elf-gcc-8.3.0-2019.08.0/bin/../lib/gcc/riscv64-unknown-elf/8.3.0/../../../../riscv64-unknown-elf/lib/rv32imac/ilp32\libc_nano.a(lib_a-puts.o)
                0x0000000020010b7a                puts
 .text.time     0x0000000020010b88       0x36 e:/freedomstudio-2019-08-2-win64/sifive/riscv64-unknown-elf-gcc-8.3.0-2019.08.0/bin/../lib/gcc/riscv64-unknown-elf/8.3.0/../../../../riscv64-unknown-elf/lib/rv32imac/ilp32\libc_nano.a(lib_a-time.o)
                0x0000000020010b88                time
 .text.__swbuf_r
                0x0000000020010bbe       0xc0 e:/freedomstudio-2019-08-2-win64/sifive/riscv64-unknown-elf-gcc-8.3.0-2019.08.0/bin/../lib/gcc/riscv64-unknown-elf/8.3.0/../../../../riscv64-unknown-elf/lib/rv32imac/ilp32\libc_nano.a(lib_a-wbuf.o)
                0x0000000020010bbe                __swbuf_r
 .text.__swsetup_r
                0x0000000020010c7e      0x110 e:/freedomstudio-2019-08-2-win64/sifive/riscv64-unknown-elf-gcc-8.3.0-2019.08.0/bin/../lib/gcc/riscv64-unknown-elf/8.3.0/../../../../riscv64-unknown-elf/lib/rv32imac/ilp32\libc_nano.a(lib_a-wsetup.o)
                0x0000000020010c7e                __swsetup_r
 .text.__sflush_r
                0x0000000020010d8e      0x14a e:/freedomstudio-2019-08-2-win64/sifive/riscv64-unknown-elf-gcc-8.3.0-2019.08.0/bin/../lib/gcc/riscv64-unknown-elf/8.3.0/../../../../riscv64-unknown-elf/lib/rv32imac/ilp32\libc_nano.a(lib_a-fflush.o)
                0x0000000020010d8e                __sflush_r
 .text._fflush_r
                0x0000000020010ed8       0x64 e:/freedomstudio-2019-08-2-win64/sifive/riscv64-unknown-elf-gcc-8.3.0-2019.08.0/bin/../lib/gcc/riscv64-unknown-elf/8.3.0/../../../../riscv64-unknown-elf/lib/rv32imac/ilp32\libc_nano.a(lib_a-fflush.o)
                0x0000000020010ed8                _fflush_r
 .text.std      0x0000000020010f3c       0x68 e:/freedomstudio-2019-08-2-win64/sifive/riscv64-unknown-elf-gcc-8.3.0-2019.08.0/bin/../lib/gcc/riscv64-unknown-elf/8.3.0/../../../../riscv64-unknown-elf/lib/rv32imac/ilp32\libc_nano.a(lib_a-findfp.o)
 .text._cleanup_r
                0x0000000020010fa4        0xa e:/freedomstudio-2019-08-2-win64/sifive/riscv64-unknown-elf-gcc-8.3.0-2019.08.0/bin/../lib/gcc/riscv64-unknown-elf/8.3.0/../../../../riscv64-unknown-elf/lib/rv32imac/ilp32\libc_nano.a(lib_a-findfp.o)
                0x0000000020010fa4                _cleanup_r
 .text.__sfmoreglue
                0x0000000020010fae       0x44 e:/freedomstudio-2019-08-2-win64/sifive/riscv64-unknown-elf-gcc-8.3.0-2019.08.0/bin/../lib/gcc/riscv64-unknown-elf/8.3.0/../../../../riscv64-unknown-elf/lib/rv32imac/ilp32\libc_nano.a(lib_a-findfp.o)
                0x0000000020010fae                __sfmoreglue
 .text.__sinit  0x0000000020010ff2       0x6a e:/freedomstudio-2019-08-2-win64/sifive/riscv64-unknown-elf-gcc-8.3.0-2019.08.0/bin/../lib/gcc/riscv64-unknown-elf/8.3.0/../../../../riscv64-unknown-elf/lib/rv32imac/ilp32\libc_nano.a(lib_a-findfp.o)
                0x0000000020010ff2                __sinit
 .text.__sfp    0x000000002001105c       0xa0 e:/freedomstudio-2019-08-2-win64/sifive/riscv64-unknown-elf-gcc-8.3.0-2019.08.0/bin/../lib/gcc/riscv64-unknown-elf/8.3.0/../../../../riscv64-unknown-elf/lib/rv32imac/ilp32\libc_nano.a(lib_a-findfp.o)
                0x000000002001105c                __sfp
 .text._fwalk_reent
                0x00000000200110fc       0x6c e:/freedomstudio-2019-08-2-win64/sifive/riscv64-unknown-elf-gcc-8.3.0-2019.08.0/bin/../lib/gcc/riscv64-unknown-elf/8.3.0/../../../../riscv64-unknown-elf/lib/rv32imac/ilp32\libc_nano.a(lib_a-fwalk.o)
                0x00000000200110fc                _fwalk_reent
 .text._gettimeofday_r
                0x0000000020011168       0x2c e:/freedomstudio-2019-08-2-win64/sifive/riscv64-unknown-elf-gcc-8.3.0-2019.08.0/bin/../lib/gcc/riscv64-unknown-elf/8.3.0/../../../../riscv64-unknown-elf/lib/rv32imac/ilp32\libc_nano.a(lib_a-gettimeofdayr.o)
                0x0000000020011168                _gettimeofday_r
 .text.__swhatbuf_r
                0x0000000020011194       0x58 e:/freedomstudio-2019-08-2-win64/sifive/riscv64-unknown-elf-gcc-8.3.0-2019.08.0/bin/../lib/gcc/riscv64-unknown-elf/8.3.0/../../../../riscv64-unknown-elf/lib/rv32imac/ilp32\libc_nano.a(lib_a-makebuf.o)
                0x0000000020011194                __swhatbuf_r
 .text.__smakebuf_r
                0x00000000200111ec       0x9c e:/freedomstudio-2019-08-2-win64/sifive/riscv64-unknown-elf-gcc-8.3.0-2019.08.0/bin/../lib/gcc/riscv64-unknown-elf/8.3.0/../../../../riscv64-unknown-elf/lib/rv32imac/ilp32\libc_nano.a(lib_a-makebuf.o)
                0x00000000200111ec                __smakebuf_r
 .text._free_r  0x0000000020011288       0xac e:/freedomstudio-2019-08-2-win64/sifive/riscv64-unknown-elf-gcc-8.3.0-2019.08.0/bin/../lib/gcc/riscv64-unknown-elf/8.3.0/../../../../riscv64-unknown-elf/lib/rv32imac/ilp32\libc_nano.a(lib_a-nano-freer.o)
                0x0000000020011288                _free_r
 .text._malloc_r
                0x0000000020011334       0xde e:/freedomstudio-2019-08-2-win64/sifive/riscv64-unknown-elf-gcc-8.3.0-2019.08.0/bin/../lib/gcc/riscv64-unknown-elf/8.3.0/../../../../riscv64-unknown-elf/lib/rv32imac/ilp32\libc_nano.a(lib_a-nano-mallocr.o)
                0x0000000020011334                _malloc_r
 .text.__sfputc_r
                0x0000000020011412       0x2a e:/freedomstudio-2019-08-2-win64/sifive/riscv64-unknown-elf-gcc-8.3.0-2019.08.0/bin/../lib/gcc/riscv64-unknown-elf/8.3.0/../../../../riscv64-unknown-elf/lib/rv32imac/ilp32\libc_nano.a(lib_a-nano-vfprintf.o)
 .text.__sfputs_r
                0x000000002001143c       0x42 e:/freedomstudio-2019-08-2-win64/sifive/riscv64-unknown-elf-gcc-8.3.0-2019.08.0/bin/../lib/gcc/riscv64-unknown-elf/8.3.0/../../../../riscv64-unknown-elf/lib/rv32imac/ilp32\libc_nano.a(lib_a-nano-vfprintf.o)
                0x000000002001143c                __sfputs_r
 .text._vfprintf_r
                0x000000002001147e      0x298 e:/freedomstudio-2019-08-2-win64/sifive/riscv64-unknown-elf-gcc-8.3.0-2019.08.0/bin/../lib/gcc/riscv64-unknown-elf/8.3.0/../../../../riscv64-unknown-elf/lib/rv32imac/ilp32\libc_nano.a(lib_a-nano-vfprintf.o)
                0x000000002001147e                _vfprintf_r
                0x000000002001147e                _vfiprintf_r
 .text._sbrk_r  0x0000000020011716       0x2a e:/freedomstudio-2019-08-2-win64/sifive/riscv64-unknown-elf-gcc-8.3.0-2019.08.0/bin/../lib/gcc/riscv64-unknown-elf/8.3.0/../../../../riscv64-unknown-elf/lib/rv32imac/ilp32\libc_nano.a(lib_a-sbrkr.o)
                0x0000000020011716                _sbrk_r
 .text.__sread  0x0000000020011740       0x30 e:/freedomstudio-2019-08-2-win64/sifive/riscv64-unknown-elf-gcc-8.3.0-2019.08.0/bin/../lib/gcc/riscv64-unknown-elf/8.3.0/../../../../riscv64-unknown-elf/lib/rv32imac/ilp32\libc_nano.a(lib_a-stdio.o)
                0x0000000020011740                __sread
 .text.__swrite
                0x0000000020011770       0x4e e:/freedomstudio-2019-08-2-win64/sifive/riscv64-unknown-elf-gcc-8.3.0-2019.08.0/bin/../lib/gcc/riscv64-unknown-elf/8.3.0/../../../../riscv64-unknown-elf/lib/rv32imac/ilp32\libc_nano.a(lib_a-stdio.o)
                0x0000000020011770                __swrite
 .text.__sseek  0x00000000200117be       0x36 e:/freedomstudio-2019-08-2-win64/sifive/riscv64-unknown-elf-gcc-8.3.0-2019.08.0/bin/../lib/gcc/riscv64-unknown-elf/8.3.0/../../../../riscv64-unknown-elf/lib/rv32imac/ilp32\libc_nano.a(lib_a-stdio.o)
                0x00000000200117be                __sseek
 .text.__sclose
                0x00000000200117f4        0x6 e:/freedomstudio-2019-08-2-win64/sifive/riscv64-unknown-elf-gcc-8.3.0-2019.08.0/bin/../lib/gcc/riscv64-unknown-elf/8.3.0/../../../../riscv64-unknown-elf/lib/rv32imac/ilp32\libc_nano.a(lib_a-stdio.o)
                0x00000000200117f4                __sclose
 .text._write_r
                0x00000000200117fa       0x2e e:/freedomstudio-2019-08-2-win64/sifive/riscv64-unknown-elf-gcc-8.3.0-2019.08.0/bin/../lib/gcc/riscv64-unknown-elf/8.3.0/../../../../riscv64-unknown-elf/lib/rv32imac/ilp32\libc_nano.a(lib_a-writer.o)
                0x00000000200117fa                _write_r
 .text._close_r
                0x0000000020011828       0x2a e:/freedomstudio-2019-08-2-win64/sifive/riscv64-unknown-elf-gcc-8.3.0-2019.08.0/bin/../lib/gcc/riscv64-unknown-elf/8.3.0/../../../../riscv64-unknown-elf/lib/rv32imac/ilp32\libc_nano.a(lib_a-closer.o)
                0x0000000020011828                _close_r
 .text._fstat_r
                0x0000000020011852       0x2c e:/freedomstudio-2019-08-2-win64/sifive/riscv64-unknown-elf-gcc-8.3.0-2019.08.0/bin/../lib/gcc/riscv64-unknown-elf/8.3.0/../../../../riscv64-unknown-elf/lib/rv32imac/ilp32\libc_nano.a(lib_a-fstatr.o)
                0x0000000020011852                _fstat_r
 .text._isatty_r
                0x000000002001187e       0x2a e:/freedomstudio-2019-08-2-win64/sifive/riscv64-unknown-elf-gcc-8.3.0-2019.08.0/bin/../lib/gcc/riscv64-unknown-elf/8.3.0/../../../../riscv64-unknown-elf/lib/rv32imac/ilp32\libc_nano.a(lib_a-isattyr.o)
                0x000000002001187e                _isatty_r
 .text._lseek_r
                0x00000000200118a8       0x2e e:/freedomstudio-2019-08-2-win64/sifive/riscv64-unknown-elf-gcc-8.3.0-2019.08.0/bin/../lib/gcc/riscv64-unknown-elf/8.3.0/../../../../riscv64-unknown-elf/lib/rv32imac/ilp32\libc_nano.a(lib_a-lseekr.o)
                0x00000000200118a8                _lseek_r
 .text.memchr   0x00000000200118d6       0x1a e:/freedomstudio-2019-08-2-win64/sifive/riscv64-unknown-elf-gcc-8.3.0-2019.08.0/bin/../lib/gcc/riscv64-unknown-elf/8.3.0/../../../../riscv64-unknown-elf/lib/rv32imac/ilp32\libc_nano.a(lib_a-memchr.o)
                0x00000000200118d6                memchr
 .text.__malloc_lock
                0x00000000200118f0        0x2 e:/freedomstudio-2019-08-2-win64/sifive/riscv64-unknown-elf-gcc-8.3.0-2019.08.0/bin/../lib/gcc/riscv64-unknown-elf/8.3.0/../../../../riscv64-unknown-elf/lib/rv32imac/ilp32\libc_nano.a(lib_a-mlock.o)
                0x00000000200118f0                __malloc_lock
 .text.__malloc_unlock
                0x00000000200118f2        0x2 e:/freedomstudio-2019-08-2-win64/sifive/riscv64-unknown-elf-gcc-8.3.0-2019.08.0/bin/../lib/gcc/riscv64-unknown-elf/8.3.0/../../../../riscv64-unknown-elf/lib/rv32imac/ilp32\libc_nano.a(lib_a-mlock.o)
                0x00000000200118f2                __malloc_unlock
 .text._printf_common
                0x00000000200118f4      0x10c e:/freedomstudio-2019-08-2-win64/sifive/riscv64-unknown-elf-gcc-8.3.0-2019.08.0/bin/../lib/gcc/riscv64-unknown-elf/8.3.0/../../../../riscv64-unknown-elf/lib/rv32imac/ilp32\libc_nano.a(lib_a-nano-vfprintf_i.o)
                0x00000000200118f4                _printf_common
 .text._printf_i
                0x0000000020011a00      0x2a2 e:/freedomstudio-2019-08-2-win64/sifive/riscv64-unknown-elf-gcc-8.3.0-2019.08.0/bin/../lib/gcc/riscv64-unknown-elf/8.3.0/../../../../riscv64-unknown-elf/lib/rv32imac/ilp32\libc_nano.a(lib_a-nano-vfprintf_i.o)
                0x0000000020011a00                _printf_i
 .text._read_r  0x0000000020011ca2       0x2e e:/freedomstudio-2019-08-2-win64/sifive/riscv64-unknown-elf-gcc-8.3.0-2019.08.0/bin/../lib/gcc/riscv64-unknown-elf/8.3.0/../../../../riscv64-unknown-elf/lib/rv32imac/ilp32\libc_nano.a(lib_a-readr.o)
                0x0000000020011ca2                _read_r
 .text.__metal_driver_sifive_clint0_control_base
                0x0000000020011cd0       0x2a E:/8.AWS-FreeRTOS-HiFive1/Workspace/sifive-hifive1-revb-i2c/bsp/install/lib/debug/\libmetal.a(libriscv__mmachine__sifive-hifive1-revb_a-riscv_clint0.o)
 .text.__metal_driver_sifive_clint0_num_interrupts
                0x0000000020011cfa       0x28 E:/8.AWS-FreeRTOS-HiFive1/Workspace/sifive-hifive1-revb-i2c/bsp/install/lib/debug/\libmetal.a(libriscv__mmachine__sifive-hifive1-revb_a-riscv_clint0.o)
 .text.__metal_driver_sifive_clint0_interrupt_parents
                0x0000000020011d22       0x3c E:/8.AWS-FreeRTOS-HiFive1/Workspace/sifive-hifive1-revb-i2c/bsp/install/lib/debug/\libmetal.a(libriscv__mmachine__sifive-hifive1-revb_a-riscv_clint0.o)
 .text.__metal_driver_sifive_clint0_interrupt_lines
                0x0000000020011d5e       0x30 E:/8.AWS-FreeRTOS-HiFive1/Workspace/sifive-hifive1-revb-i2c/bsp/install/lib/debug/\libmetal.a(libriscv__mmachine__sifive-hifive1-revb_a-riscv_clint0.o)
 .text.__metal_clint0_mtime_get
                0x0000000020011d8e       0x9a E:/8.AWS-FreeRTOS-HiFive1/Workspace/sifive-hifive1-revb-i2c/bsp/install/lib/debug/\libmetal.a(libriscv__mmachine__sifive-hifive1-revb_a-riscv_clint0.o)
                0x0000000020011d8e                __metal_clint0_mtime_get
 .text.__metal_driver_riscv_clint0_mtimecmp_set
                0x0000000020011e28       0x96 E:/8.AWS-FreeRTOS-HiFive1/Workspace/sifive-hifive1-revb-i2c/bsp/install/lib/debug/\libmetal.a(libriscv__mmachine__sifive-hifive1-revb_a-riscv_clint0.o)
                0x0000000020011e28                __metal_driver_riscv_clint0_mtimecmp_set
 .text._get_cpu_intc
                0x0000000020011ebe       0x36 E:/8.AWS-FreeRTOS-HiFive1/Workspace/sifive-hifive1-revb-i2c/bsp/install/lib/debug/\libmetal.a(libriscv__mmachine__sifive-hifive1-revb_a-riscv_clint0.o)
 .text.__metal_driver_riscv_clint0_init
                0x0000000020011ef4       0x88 E:/8.AWS-FreeRTOS-HiFive1/Workspace/sifive-hifive1-revb-i2c/bsp/install/lib/debug/\libmetal.a(libriscv__mmachine__sifive-hifive1-revb_a-riscv_clint0.o)
                0x0000000020011ef4                __metal_driver_riscv_clint0_init
 .text.__metal_driver_riscv_clint0_register
                0x0000000020011f7c       0xda E:/8.AWS-FreeRTOS-HiFive1/Workspace/sifive-hifive1-revb-i2c/bsp/install/lib/debug/\libmetal.a(libriscv__mmachine__sifive-hifive1-revb_a-riscv_clint0.o)
                0x0000000020011f7c                __metal_driver_riscv_clint0_register
 .text.__metal_driver_riscv_clint0_vector_register
                0x0000000020012056       0x28 E:/8.AWS-FreeRTOS-HiFive1/Workspace/sifive-hifive1-revb-i2c/bsp/install/lib/debug/\libmetal.a(libriscv__mmachine__sifive-hifive1-revb_a-riscv_clint0.o)
                0x0000000020012056                __metal_driver_riscv_clint0_vector_register
 .text.__metal_driver_riscv_clint0_get_vector_mode
                0x000000002001207e       0x1c E:/8.AWS-FreeRTOS-HiFive1/Workspace/sifive-hifive1-revb-i2c/bsp/install/lib/debug/\libmetal.a(libriscv__mmachine__sifive-hifive1-revb_a-riscv_clint0.o)
                0x000000002001207e                __metal_driver_riscv_clint0_get_vector_mode
 .text.__metal_driver_riscv_clint0_set_vector_mode
                0x000000002001209a       0x54 E:/8.AWS-FreeRTOS-HiFive1/Workspace/sifive-hifive1-revb-i2c/bsp/install/lib/debug/\libmetal.a(libriscv__mmachine__sifive-hifive1-revb_a-riscv_clint0.o)
                0x000000002001209a                __metal_driver_riscv_clint0_set_vector_mode
 .text.__metal_driver_riscv_clint0_enable
                0x00000000200120ee       0xb2 E:/8.AWS-FreeRTOS-HiFive1/Workspace/sifive-hifive1-revb-i2c/bsp/install/lib/debug/\libmetal.a(libriscv__mmachine__sifive-hifive1-revb_a-riscv_clint0.o)
                0x00000000200120ee                __metal_driver_riscv_clint0_enable
 .text.__metal_driver_riscv_clint0_disable
                0x00000000200121a0       0xb2 E:/8.AWS-FreeRTOS-HiFive1/Workspace/sifive-hifive1-revb-i2c/bsp/install/lib/debug/\libmetal.a(libriscv__mmachine__sifive-hifive1-revb_a-riscv_clint0.o)
                0x00000000200121a0                __metal_driver_riscv_clint0_disable
 .text.__metal_driver_riscv_clint0_command_request
                0x0000000020012252      0x136 E:/8.AWS-FreeRTOS-HiFive1/Workspace/sifive-hifive1-revb-i2c/bsp/install/lib/debug/\libmetal.a(libriscv__mmachine__sifive-hifive1-revb_a-riscv_clint0.o)
                0x0000000020012252                __metal_driver_riscv_clint0_command_request
 .text.__metal_driver_riscv_clint0_clear_interrupt
                0x0000000020012388       0x34 E:/8.AWS-FreeRTOS-HiFive1/Workspace/sifive-hifive1-revb-i2c/bsp/install/lib/debug/\libmetal.a(libriscv__mmachine__sifive-hifive1-revb_a-riscv_clint0.o)
                0x0000000020012388                __metal_driver_riscv_clint0_clear_interrupt
 .text.__metal_driver_riscv_clint0_set_interrupt
                0x00000000200123bc       0x34 E:/8.AWS-FreeRTOS-HiFive1/Workspace/sifive-hifive1-revb-i2c/bsp/install/lib/debug/\libmetal.a(libriscv__mmachine__sifive-hifive1-revb_a-riscv_clint0.o)
                0x00000000200123bc                __metal_driver_riscv_clint0_set_interrupt
 .text.__metal_driver_cpu_hartid
                0x00000000200123f0       0x24 E:/8.AWS-FreeRTOS-HiFive1/Workspace/sifive-hifive1-revb-i2c/bsp/install/lib/debug/\libmetal.a(libriscv__mmachine__sifive-hifive1-revb_a-riscv_cpu.o)
 .text.__metal_driver_cpu_timebase
                0x0000000020012414       0x2a E:/8.AWS-FreeRTOS-HiFive1/Workspace/sifive-hifive1-revb-i2c/bsp/install/lib/debug/\libmetal.a(libriscv__mmachine__sifive-hifive1-revb_a-riscv_cpu.o)
 .text.__metal_driver_cpu_interrupt_controller
                0x000000002001243e       0x2a E:/8.AWS-FreeRTOS-HiFive1/Workspace/sifive-hifive1-revb-i2c/bsp/install/lib/debug/\libmetal.a(libriscv__mmachine__sifive-hifive1-revb_a-riscv_cpu.o)
 .text.__metal_driver_cpu_get
                0x0000000020012468       0x30 E:/8.AWS-FreeRTOS-HiFive1/Workspace/sifive-hifive1-revb-i2c/bsp/install/lib/debug/\libmetal.a(libriscv__mmachine__sifive-hifive1-revb_a-riscv_cpu.o)
                0x0000000020012468                __metal_driver_cpu_get
 .text.__metal_myhart_id
                0x0000000020012498       0x1a E:/8.AWS-FreeRTOS-HiFive1/Workspace/sifive-hifive1-revb-i2c/bsp/install/lib/debug/\libmetal.a(libriscv__mmachine__sifive-hifive1-revb_a-riscv_cpu.o)
                0x0000000020012498                __metal_myhart_id
 .text.__metal_interrupt_global_enable
                0x00000000200124b2       0x18 E:/8.AWS-FreeRTOS-HiFive1/Workspace/sifive-hifive1-revb-i2c/bsp/install/lib/debug/\libmetal.a(libriscv__mmachine__sifive-hifive1-revb_a-riscv_cpu.o)
                0x00000000200124b2                __metal_interrupt_global_enable
 .text.__metal_interrupt_global_disable
                0x00000000200124ca       0x18 E:/8.AWS-FreeRTOS-HiFive1/Workspace/sifive-hifive1-revb-i2c/bsp/install/lib/debug/\libmetal.a(libriscv__mmachine__sifive-hifive1-revb_a-riscv_cpu.o)
                0x00000000200124ca                __metal_interrupt_global_disable
 .text.__metal_interrupt_software_enable
                0x00000000200124e2       0x18 E:/8.AWS-FreeRTOS-HiFive1/Workspace/sifive-hifive1-revb-i2c/bsp/install/lib/debug/\libmetal.a(libriscv__mmachine__sifive-hifive1-revb_a-riscv_cpu.o)
                0x00000000200124e2                __metal_interrupt_software_enable
 .text.__metal_interrupt_software_disable
                0x00000000200124fa       0x18 E:/8.AWS-FreeRTOS-HiFive1/Workspace/sifive-hifive1-revb-i2c/bsp/install/lib/debug/\libmetal.a(libriscv__mmachine__sifive-hifive1-revb_a-riscv_cpu.o)
                0x00000000200124fa                __metal_interrupt_software_disable
 .text.__metal_interrupt_timer_enable
                0x0000000020012512       0x1a E:/8.AWS-FreeRTOS-HiFive1/Workspace/sifive-hifive1-revb-i2c/bsp/install/lib/debug/\libmetal.a(libriscv__mmachine__sifive-hifive1-revb_a-riscv_cpu.o)
                0x0000000020012512                __metal_interrupt_timer_enable
 .text.__metal_interrupt_timer_disable
                0x000000002001252c       0x1a E:/8.AWS-FreeRTOS-HiFive1/Workspace/sifive-hifive1-revb-i2c/bsp/install/lib/debug/\libmetal.a(libriscv__mmachine__sifive-hifive1-revb_a-riscv_cpu.o)
                0x000000002001252c                __metal_interrupt_timer_disable
 .text.__metal_interrupt_external_enable
                0x0000000020012546       0x1c E:/8.AWS-FreeRTOS-HiFive1/Workspace/sifive-hifive1-revb-i2c/bsp/install/lib/debug/\libmetal.a(libriscv__mmachine__sifive-hifive1-revb_a-riscv_cpu.o)
                0x0000000020012546                __metal_interrupt_external_enable
 .text.__metal_interrupt_external_disable
                0x0000000020012562       0x1c E:/8.AWS-FreeRTOS-HiFive1/Workspace/sifive-hifive1-revb-i2c/bsp/install/lib/debug/\libmetal.a(libriscv__mmachine__sifive-hifive1-revb_a-riscv_cpu.o)
                0x0000000020012562                __metal_interrupt_external_disable
 .text.__metal_interrupt_local_enable
                0x000000002001257e       0x2c E:/8.AWS-FreeRTOS-HiFive1/Workspace/sifive-hifive1-revb-i2c/bsp/install/lib/debug/\libmetal.a(libriscv__mmachine__sifive-hifive1-revb_a-riscv_cpu.o)
                0x000000002001257e                __metal_interrupt_local_enable
 .text.__metal_interrupt_local_disable
                0x00000000200125aa       0x2c E:/8.AWS-FreeRTOS-HiFive1/Workspace/sifive-hifive1-revb-i2c/bsp/install/lib/debug/\libmetal.a(libriscv__mmachine__sifive-hifive1-revb_a-riscv_cpu.o)
                0x00000000200125aa                __metal_interrupt_local_disable
 .text.__metal_default_exception_handler
                0x00000000200125d6       0x18 E:/8.AWS-FreeRTOS-HiFive1/Workspace/sifive-hifive1-revb-i2c/bsp/install/lib/debug/\libmetal.a(libriscv__mmachine__sifive-hifive1-revb_a-riscv_cpu.o)
                0x00000000200125d6                __metal_default_exception_handler
 .text.__metal_default_interrupt_handler
                0x00000000200125ee       0x18 E:/8.AWS-FreeRTOS-HiFive1/Workspace/sifive-hifive1-revb-i2c/bsp/install/lib/debug/\libmetal.a(libriscv__mmachine__sifive-hifive1-revb_a-riscv_cpu.o)
                0x00000000200125ee                __metal_default_interrupt_handler
 .text.metal_interrupt_vector_handler
                0x0000000020012606       0x2e E:/8.AWS-FreeRTOS-HiFive1/Workspace/sifive-hifive1-revb-i2c/bsp/install/lib/debug/\libmetal.a(libriscv__mmachine__sifive-hifive1-revb_a-riscv_cpu.o)
                0x0000000020012606                metal_interrupt_vector_handler
 .text.metal_software_interrupt_vector_handler
                0x0000000020012634       0x92 E:/8.AWS-FreeRTOS-HiFive1/Workspace/sifive-hifive1-revb-i2c/bsp/install/lib/debug/\libmetal.a(libriscv__mmachine__sifive-hifive1-revb_a-riscv_cpu.o)
                0x0000000020012634                metal_software_interrupt_vector_handler
 .text.__metal_default_sw_handler
                0x00000000200126c6       0x68 E:/8.AWS-FreeRTOS-HiFive1/Workspace/sifive-hifive1-revb-i2c/bsp/install/lib/debug/\libmetal.a(libriscv__mmachine__sifive-hifive1-revb_a-riscv_cpu.o)
                0x00000000200126c6                __metal_default_sw_handler
 .text.metal_timer_interrupt_vector_handler
                0x000000002001272e       0x92 E:/8.AWS-FreeRTOS-HiFive1/Workspace/sifive-hifive1-revb-i2c/bsp/install/lib/debug/\libmetal.a(libriscv__mmachine__sifive-hifive1-revb_a-riscv_cpu.o)
                0x000000002001272e                metal_timer_interrupt_vector_handler
 .text.__metal_default_timer_handler
                0x00000000200127c0       0x66 E:/8.AWS-FreeRTOS-HiFive1/Workspace/sifive-hifive1-revb-i2c/bsp/install/lib/debug/\libmetal.a(libriscv__mmachine__sifive-hifive1-revb_a-riscv_cpu.o)
                0x00000000200127c0                __metal_default_timer_handler
 *fill*         0x0000000020012826       0x5a 
 .text.__metal_exception_handler
                0x0000000020012880      0x178 E:/8.AWS-FreeRTOS-HiFive1/Workspace/sifive-hifive1-revb-i2c/bsp/install/lib/debug/\libmetal.a(libriscv__mmachine__sifive-hifive1-revb_a-riscv_cpu.o)
                0x0000000020012880                __metal_exception_handler
 .text.metal_lc0_interrupt_vector_handler
                0x00000000200129f8       0x96 E:/8.AWS-FreeRTOS-HiFive1/Workspace/sifive-hifive1-revb-i2c/bsp/install/lib/debug/\libmetal.a(libriscv__mmachine__sifive-hifive1-revb_a-riscv_cpu.o)
                0x00000000200129f8                metal_lc0_interrupt_vector_handler
 .text.metal_lc1_interrupt_vector_handler
                0x0000000020012a8e       0x96 E:/8.AWS-FreeRTOS-HiFive1/Workspace/sifive-hifive1-revb-i2c/bsp/install/lib/debug/\libmetal.a(libriscv__mmachine__sifive-hifive1-revb_a-riscv_cpu.o)
                0x0000000020012a8e                metal_lc1_interrupt_vector_handler
 .text.metal_lc2_interrupt_vector_handler
                0x0000000020012b24       0x96 E:/8.AWS-FreeRTOS-HiFive1/Workspace/sifive-hifive1-revb-i2c/bsp/install/lib/debug/\libmetal.a(libriscv__mmachine__sifive-hifive1-revb_a-riscv_cpu.o)
                0x0000000020012b24                metal_lc2_interrupt_vector_handler
 .text.metal_lc3_interrupt_vector_handler
                0x0000000020012bba       0x96 E:/8.AWS-FreeRTOS-HiFive1/Workspace/sifive-hifive1-revb-i2c/bsp/install/lib/debug/\libmetal.a(libriscv__mmachine__sifive-hifive1-revb_a-riscv_cpu.o)
                0x0000000020012bba                metal_lc3_interrupt_vector_handler
 .text.metal_lc4_interrupt_vector_handler
                0x0000000020012c50       0x96 E:/8.AWS-FreeRTOS-HiFive1/Workspace/sifive-hifive1-revb-i2c/bsp/install/lib/debug/\libmetal.a(libriscv__mmachine__sifive-hifive1-revb_a-riscv_cpu.o)
                0x0000000020012c50                metal_lc4_interrupt_vector_handler
 .text.metal_lc5_interrupt_vector_handler
                0x0000000020012ce6       0x96 E:/8.AWS-FreeRTOS-HiFive1/Workspace/sifive-hifive1-revb-i2c/bsp/install/lib/debug/\libmetal.a(libriscv__mmachine__sifive-hifive1-revb_a-riscv_cpu.o)
                0x0000000020012ce6                metal_lc5_interrupt_vector_handler
 .text.metal_lc6_interrupt_vector_handler
                0x0000000020012d7c       0x96 E:/8.AWS-FreeRTOS-HiFive1/Workspace/sifive-hifive1-revb-i2c/bsp/install/lib/debug/\libmetal.a(libriscv__mmachine__sifive-hifive1-revb_a-riscv_cpu.o)
                0x0000000020012d7c                metal_lc6_interrupt_vector_handler
 .text.metal_lc7_interrupt_vector_handler
                0x0000000020012e12       0x96 E:/8.AWS-FreeRTOS-HiFive1/Workspace/sifive-hifive1-revb-i2c/bsp/install/lib/debug/\libmetal.a(libriscv__mmachine__sifive-hifive1-revb_a-riscv_cpu.o)
                0x0000000020012e12                metal_lc7_interrupt_vector_handler
 .text.metal_lc8_interrupt_vector_handler
                0x0000000020012ea8       0x96 E:/8.AWS-FreeRTOS-HiFive1/Workspace/sifive-hifive1-revb-i2c/bsp/install/lib/debug/\libmetal.a(libriscv__mmachine__sifive-hifive1-revb_a-riscv_cpu.o)
                0x0000000020012ea8                metal_lc8_interrupt_vector_handler
 .text.metal_lc9_interrupt_vector_handler
                0x0000000020012f3e       0x96 E:/8.AWS-FreeRTOS-HiFive1/Workspace/sifive-hifive1-revb-i2c/bsp/install/lib/debug/\libmetal.a(libriscv__mmachine__sifive-hifive1-revb_a-riscv_cpu.o)
                0x0000000020012f3e                metal_lc9_interrupt_vector_handler
 .text.metal_lc10_interrupt_vector_handler
                0x0000000020012fd4       0x96 E:/8.AWS-FreeRTOS-HiFive1/Workspace/sifive-hifive1-revb-i2c/bsp/install/lib/debug/\libmetal.a(libriscv__mmachine__sifive-hifive1-revb_a-riscv_cpu.o)
                0x0000000020012fd4                metal_lc10_interrupt_vector_handler
 .text.metal_lc11_interrupt_vector_handler
                0x000000002001306a       0x96 E:/8.AWS-FreeRTOS-HiFive1/Workspace/sifive-hifive1-revb-i2c/bsp/install/lib/debug/\libmetal.a(libriscv__mmachine__sifive-hifive1-revb_a-riscv_cpu.o)
                0x000000002001306a                metal_lc11_interrupt_vector_handler
 .text.metal_lc12_interrupt_vector_handler
                0x0000000020013100       0x96 E:/8.AWS-FreeRTOS-HiFive1/Workspace/sifive-hifive1-revb-i2c/bsp/install/lib/debug/\libmetal.a(libriscv__mmachine__sifive-hifive1-revb_a-riscv_cpu.o)
                0x0000000020013100                metal_lc12_interrupt_vector_handler
 .text.metal_lc13_interrupt_vector_handler
                0x0000000020013196       0x96 E:/8.AWS-FreeRTOS-HiFive1/Workspace/sifive-hifive1-revb-i2c/bsp/install/lib/debug/\libmetal.a(libriscv__mmachine__sifive-hifive1-revb_a-riscv_cpu.o)
                0x0000000020013196                metal_lc13_interrupt_vector_handler
 .text.metal_lc14_interrupt_vector_handler
                0x000000002001322c       0x96 E:/8.AWS-FreeRTOS-HiFive1/Workspace/sifive-hifive1-revb-i2c/bsp/install/lib/debug/\libmetal.a(libriscv__mmachine__sifive-hifive1-revb_a-riscv_cpu.o)
                0x000000002001322c                metal_lc14_interrupt_vector_handler
 .text.metal_lc15_interrupt_vector_handler
                0x00000000200132c2       0x96 E:/8.AWS-FreeRTOS-HiFive1/Workspace/sifive-hifive1-revb-i2c/bsp/install/lib/debug/\libmetal.a(libriscv__mmachine__sifive-hifive1-revb_a-riscv_cpu.o)
                0x00000000200132c2                metal_lc15_interrupt_vector_handler
 .text.__metal_controller_interrupt_vector_mode
                0x0000000020013358       0x50 E:/8.AWS-FreeRTOS-HiFive1/Workspace/sifive-hifive1-revb-i2c/bsp/install/lib/debug/\libmetal.a(libriscv__mmachine__sifive-hifive1-revb_a-riscv_cpu.o)
                0x0000000020013358                __metal_controller_interrupt_vector_mode
 .text.__metal_controller_interrupt_vector
                0x00000000200133a8       0x98 E:/8.AWS-FreeRTOS-HiFive1/Workspace/sifive-hifive1-revb-i2c/bsp/install/lib/debug/\libmetal.a(libriscv__mmachine__sifive-hifive1-revb_a-riscv_cpu.o)
                0x00000000200133a8                __metal_controller_interrupt_vector
 .text.__metal_valid_interrupt_id
                0x0000000020013440       0x38 E:/8.AWS-FreeRTOS-HiFive1/Workspace/sifive-hifive1-revb-i2c/bsp/install/lib/debug/\libmetal.a(libriscv__mmachine__sifive-hifive1-revb_a-riscv_cpu.o)
                0x0000000020013440                __metal_valid_interrupt_id
 .text.__metal_local_interrupt_enable
                0x0000000020013478       0xbc E:/8.AWS-FreeRTOS-HiFive1/Workspace/sifive-hifive1-revb-i2c/bsp/install/lib/debug/\libmetal.a(libriscv__mmachine__sifive-hifive1-revb_a-riscv_cpu.o)
                0x0000000020013478                __metal_local_interrupt_enable
 .text.__metal_exception_register
                0x0000000020013534       0x4e E:/8.AWS-FreeRTOS-HiFive1/Workspace/sifive-hifive1-revb-i2c/bsp/install/lib/debug/\libmetal.a(libriscv__mmachine__sifive-hifive1-revb_a-riscv_cpu.o)
                0x0000000020013534                __metal_exception_register
 .text.__metal_driver_riscv_cpu_controller_interrupt_init
                0x0000000020013582      0x13e E:/8.AWS-FreeRTOS-HiFive1/Workspace/sifive-hifive1-revb-i2c/bsp/install/lib/debug/\libmetal.a(libriscv__mmachine__sifive-hifive1-revb_a-riscv_cpu.o)
                0x0000000020013582                __metal_driver_riscv_cpu_controller_interrupt_init
 .text.__metal_driver_riscv_cpu_controller_interrupt_register
                0x00000000200136c0      0x14e E:/8.AWS-FreeRTOS-HiFive1/Workspace/sifive-hifive1-revb-i2c/bsp/install/lib/debug/\libmetal.a(libriscv__mmachine__sifive-hifive1-revb_a-riscv_cpu.o)
                0x00000000200136c0                __metal_driver_riscv_cpu_controller_interrupt_register
 .text.__metal_driver_riscv_cpu_controller_interrupt_enable
                0x000000002001380e       0x2a E:/8.AWS-FreeRTOS-HiFive1/Workspace/sifive-hifive1-revb-i2c/bsp/install/lib/debug/\libmetal.a(libriscv__mmachine__sifive-hifive1-revb_a-riscv_cpu.o)
                0x000000002001380e                __metal_driver_riscv_cpu_controller_interrupt_enable
 .text.__metal_driver_riscv_cpu_controller_interrupt_disable
                0x0000000020013838       0x2c E:/8.AWS-FreeRTOS-HiFive1/Workspace/sifive-hifive1-revb-i2c/bsp/install/lib/debug/\libmetal.a(libriscv__mmachine__sifive-hifive1-revb_a-riscv_cpu.o)
                0x0000000020013838                __metal_driver_riscv_cpu_controller_interrupt_disable
 .text.__metal_driver_riscv_cpu_controller_get_vector_mode
                0x0000000020013864       0x1c E:/8.AWS-FreeRTOS-HiFive1/Workspace/sifive-hifive1-revb-i2c/bsp/install/lib/debug/\libmetal.a(libriscv__mmachine__sifive-hifive1-revb_a-riscv_cpu.o)
                0x0000000020013864                __metal_driver_riscv_cpu_controller_get_vector_mode
 .text.__metal_driver_riscv_cpu_controller_set_vector_mode
                0x0000000020013880       0x5c E:/8.AWS-FreeRTOS-HiFive1/Workspace/sifive-hifive1-revb-i2c/bsp/install/lib/debug/\libmetal.a(libriscv__mmachine__sifive-hifive1-revb_a-riscv_cpu.o)
                0x0000000020013880                __metal_driver_riscv_cpu_controller_set_vector_mode
 .text.__metal_driver_riscv_cpu_controller_command_request
                0x00000000200138dc       0x1c E:/8.AWS-FreeRTOS-HiFive1/Workspace/sifive-hifive1-revb-i2c/bsp/install/lib/debug/\libmetal.a(libriscv__mmachine__sifive-hifive1-revb_a-riscv_cpu.o)
                0x00000000200138dc                __metal_driver_riscv_cpu_controller_command_request
 .text.__metal_driver_cpu_mcycle_get
                0x00000000200138f8       0x72 E:/8.AWS-FreeRTOS-HiFive1/Workspace/sifive-hifive1-revb-i2c/bsp/install/lib/debug/\libmetal.a(libriscv__mmachine__sifive-hifive1-revb_a-riscv_cpu.o)
                0x00000000200138f8                __metal_driver_cpu_mcycle_get
 .text.__metal_driver_cpu_timebase_get
                0x000000002001396a       0x46 E:/8.AWS-FreeRTOS-HiFive1/Workspace/sifive-hifive1-revb-i2c/bsp/install/lib/debug/\libmetal.a(libriscv__mmachine__sifive-hifive1-revb_a-riscv_cpu.o)
                0x000000002001396a                __metal_driver_cpu_timebase_get
 .text.__metal_driver_cpu_mtime_get
                0x00000000200139b0       0x66 E:/8.AWS-FreeRTOS-HiFive1/Workspace/sifive-hifive1-revb-i2c/bsp/install/lib/debug/\libmetal.a(libriscv__mmachine__sifive-hifive1-revb_a-riscv_cpu.o)
                0x00000000200139b0                __metal_driver_cpu_mtime_get
 .text.__metal_driver_cpu_mtimecmp_set
                0x0000000020013a16       0x76 E:/8.AWS-FreeRTOS-HiFive1/Workspace/sifive-hifive1-revb-i2c/bsp/install/lib/debug/\libmetal.a(libriscv__mmachine__sifive-hifive1-revb_a-riscv_cpu.o)
                0x0000000020013a16                __metal_driver_cpu_mtimecmp_set
 .text.__metal_driver_cpu_timer_controller_interrupt
                0x0000000020013a8c       0x1a E:/8.AWS-FreeRTOS-HiFive1/Workspace/sifive-hifive1-revb-i2c/bsp/install/lib/debug/\libmetal.a(libriscv__mmachine__sifive-hifive1-revb_a-riscv_cpu.o)
                0x0000000020013a8c                __metal_driver_cpu_timer_controller_interrupt
 .text.__metal_driver_cpu_get_timer_interrupt_id
                0x0000000020013aa6       0x14 E:/8.AWS-FreeRTOS-HiFive1/Workspace/sifive-hifive1-revb-i2c/bsp/install/lib/debug/\libmetal.a(libriscv__mmachine__sifive-hifive1-revb_a-riscv_cpu.o)
                0x0000000020013aa6                __metal_driver_cpu_get_timer_interrupt_id
 .text.__metal_driver_cpu_sw_controller_interrupt
                0x0000000020013aba       0x1a E:/8.AWS-FreeRTOS-HiFive1/Workspace/sifive-hifive1-revb-i2c/bsp/install/lib/debug/\libmetal.a(libriscv__mmachine__sifive-hifive1-revb_a-riscv_cpu.o)
                0x0000000020013aba                __metal_driver_cpu_sw_controller_interrupt
 .text.__metal_driver_cpu_get_sw_interrupt_id
                0x0000000020013ad4       0x14 E:/8.AWS-FreeRTOS-HiFive1/Workspace/sifive-hifive1-revb-i2c/bsp/install/lib/debug/\libmetal.a(libriscv__mmachine__sifive-hifive1-revb_a-riscv_cpu.o)
                0x0000000020013ad4                __metal_driver_cpu_get_sw_interrupt_id
 .text.__metal_driver_cpu_set_sw_ipi
                0x0000000020013ae8       0x62 E:/8.AWS-FreeRTOS-HiFive1/Workspace/sifive-hifive1-revb-i2c/bsp/install/lib/debug/\libmetal.a(libriscv__mmachine__sifive-hifive1-revb_a-riscv_cpu.o)
                0x0000000020013ae8                __metal_driver_cpu_set_sw_ipi
 .text.__metal_driver_cpu_clear_sw_ipi
                0x0000000020013b4a       0x62 E:/8.AWS-FreeRTOS-HiFive1/Workspace/sifive-hifive1-revb-i2c/bsp/install/lib/debug/\libmetal.a(libriscv__mmachine__sifive-hifive1-revb_a-riscv_cpu.o)
                0x0000000020013b4a                __metal_driver_cpu_clear_sw_ipi
 .text.__metal_driver_cpu_get_msip
                0x0000000020013bac       0x60 E:/8.AWS-FreeRTOS-HiFive1/Workspace/sifive-hifive1-revb-i2c/bsp/install/lib/debug/\libmetal.a(libriscv__mmachine__sifive-hifive1-revb_a-riscv_cpu.o)
                0x0000000020013bac                __metal_driver_cpu_get_msip
 .text.__metal_driver_cpu_controller_interrupt
                0x0000000020013c0c       0x20 E:/8.AWS-FreeRTOS-HiFive1/Workspace/sifive-hifive1-revb-i2c/bsp/install/lib/debug/\libmetal.a(libriscv__mmachine__sifive-hifive1-revb_a-riscv_cpu.o)
                0x0000000020013c0c                __metal_driver_cpu_controller_interrupt
 .text.__metal_driver_cpu_exception_register
                0x0000000020013c2c       0x46 E:/8.AWS-FreeRTOS-HiFive1/Workspace/sifive-hifive1-revb-i2c/bsp/install/lib/debug/\libmetal.a(libriscv__mmachine__sifive-hifive1-revb_a-riscv_cpu.o)
                0x0000000020013c2c                __metal_driver_cpu_exception_register
 .text.__metal_driver_cpu_get_instruction_length
                0x0000000020013c72       0x2e E:/8.AWS-FreeRTOS-HiFive1/Workspace/sifive-hifive1-revb-i2c/bsp/install/lib/debug/\libmetal.a(libriscv__mmachine__sifive-hifive1-revb_a-riscv_cpu.o)
                0x0000000020013c72                __metal_driver_cpu_get_instruction_length
 .text.__metal_driver_cpu_get_exception_pc
                0x0000000020013ca0       0x1e E:/8.AWS-FreeRTOS-HiFive1/Workspace/sifive-hifive1-revb-i2c/bsp/install/lib/debug/\libmetal.a(libriscv__mmachine__sifive-hifive1-revb_a-riscv_cpu.o)
                0x0000000020013ca0                __metal_driver_cpu_get_exception_pc
 .text.__metal_driver_cpu_set_exception_pc
                0x0000000020013cbe       0x20 E:/8.AWS-FreeRTOS-HiFive1/Workspace/sifive-hifive1-revb-i2c/bsp/install/lib/debug/\libmetal.a(libriscv__mmachine__sifive-hifive1-revb_a-riscv_cpu.o)
                0x0000000020013cbe                __metal_driver_cpu_set_exception_pc
 .text.__metal_driver_sifive_plic0_control_base
                0x0000000020013cde       0x2a E:/8.AWS-FreeRTOS-HiFive1/Workspace/sifive-hifive1-revb-i2c/bsp/install/lib/debug/\libmetal.a(libriscv__mmachine__sifive-hifive1-revb_a-riscv_plic0.o)
 .text.__metal_driver_sifive_plic0_num_interrupts
                0x0000000020013d08       0x2a E:/8.AWS-FreeRTOS-HiFive1/Workspace/sifive-hifive1-revb-i2c/bsp/install/lib/debug/\libmetal.a(libriscv__mmachine__sifive-hifive1-revb_a-riscv_plic0.o)
 .text.__metal_driver_sifive_plic0_max_priority
                0x0000000020013d32       0x28 E:/8.AWS-FreeRTOS-HiFive1/Workspace/sifive-hifive1-revb-i2c/bsp/install/lib/debug/\libmetal.a(libriscv__mmachine__sifive-hifive1-revb_a-riscv_plic0.o)
 .text.__metal_driver_sifive_plic0_interrupt_parents
                0x0000000020013d5a       0x28 E:/8.AWS-FreeRTOS-HiFive1/Workspace/sifive-hifive1-revb-i2c/bsp/install/lib/debug/\libmetal.a(libriscv__mmachine__sifive-hifive1-revb_a-riscv_plic0.o)
 .text.__metal_driver_sifive_plic0_interrupt_lines
                0x0000000020013d82       0x22 E:/8.AWS-FreeRTOS-HiFive1/Workspace/sifive-hifive1-revb-i2c/bsp/install/lib/debug/\libmetal.a(libriscv__mmachine__sifive-hifive1-revb_a-riscv_plic0.o)
 .text.__metal_plic0_claim_interrupt
                0x0000000020013da4       0x2e E:/8.AWS-FreeRTOS-HiFive1/Workspace/sifive-hifive1-revb-i2c/bsp/install/lib/debug/\libmetal.a(libriscv__mmachine__sifive-hifive1-revb_a-riscv_plic0.o)
                0x0000000020013da4                __metal_plic0_claim_interrupt
 .text.__metal_plic0_complete_interrupt
                0x0000000020013dd2       0x38 E:/8.AWS-FreeRTOS-HiFive1/Workspace/sifive-hifive1-revb-i2c/bsp/install/lib/debug/\libmetal.a(libriscv__mmachine__sifive-hifive1-revb_a-riscv_plic0.o)
                0x0000000020013dd2                __metal_plic0_complete_interrupt
 .text.__metal_plic0_set_threshold
                0x0000000020013e0a       0x38 E:/8.AWS-FreeRTOS-HiFive1/Workspace/sifive-hifive1-revb-i2c/bsp/install/lib/debug/\libmetal.a(libriscv__mmachine__sifive-hifive1-revb_a-riscv_plic0.o)
                0x0000000020013e0a                __metal_plic0_set_threshold
 .text.__metal_plic0_get_threshold
                0x0000000020013e42       0x2c E:/8.AWS-FreeRTOS-HiFive1/Workspace/sifive-hifive1-revb-i2c/bsp/install/lib/debug/\libmetal.a(libriscv__mmachine__sifive-hifive1-revb_a-riscv_plic0.o)
                0x0000000020013e42                __metal_plic0_get_threshold
 .text.__metal_plic0_set_priority
                0x0000000020013e6e       0x62 E:/8.AWS-FreeRTOS-HiFive1/Workspace/sifive-hifive1-revb-i2c/bsp/install/lib/debug/\libmetal.a(libriscv__mmachine__sifive-hifive1-revb_a-riscv_plic0.o)
                0x0000000020013e6e                __metal_plic0_set_priority
 .text.__metal_plic0_get_priority
                0x0000000020013ed0       0x34 E:/8.AWS-FreeRTOS-HiFive1/Workspace/sifive-hifive1-revb-i2c/bsp/install/lib/debug/\libmetal.a(libriscv__mmachine__sifive-hifive1-revb_a-riscv_plic0.o)
                0x0000000020013ed0                __metal_plic0_get_priority
 .text.__metal_plic0_enable
                0x0000000020013f04       0x8c E:/8.AWS-FreeRTOS-HiFive1/Workspace/sifive-hifive1-revb-i2c/bsp/install/lib/debug/\libmetal.a(libriscv__mmachine__sifive-hifive1-revb_a-riscv_plic0.o)
                0x0000000020013f04                __metal_plic0_enable
 .text.__metal_plic0_default_handler
                0x0000000020013f90       0x18 E:/8.AWS-FreeRTOS-HiFive1/Workspace/sifive-hifive1-revb-i2c/bsp/install/lib/debug/\libmetal.a(libriscv__mmachine__sifive-hifive1-revb_a-riscv_plic0.o)
                0x0000000020013f90                __metal_plic0_default_handler
 .text.__metal_plic0_handler
                0x0000000020013fa8       0x8e E:/8.AWS-FreeRTOS-HiFive1/Workspace/sifive-hifive1-revb-i2c/bsp/install/lib/debug/\libmetal.a(libriscv__mmachine__sifive-hifive1-revb_a-riscv_plic0.o)
                0x0000000020013fa8                __metal_plic0_handler
 .text.__metal_driver_riscv_plic0_init
                0x0000000020014036      0x13e E:/8.AWS-FreeRTOS-HiFive1/Workspace/sifive-hifive1-revb-i2c/bsp/install/lib/debug/\libmetal.a(libriscv__mmachine__sifive-hifive1-revb_a-riscv_plic0.o)
                0x0000000020014036                __metal_driver_riscv_plic0_init
 .text.__metal_driver_riscv_plic0_register
                0x0000000020014174       0xc2 E:/8.AWS-FreeRTOS-HiFive1/Workspace/sifive-hifive1-revb-i2c/bsp/install/lib/debug/\libmetal.a(libriscv__mmachine__sifive-hifive1-revb_a-riscv_plic0.o)
                0x0000000020014174                __metal_driver_riscv_plic0_register
 .text.__metal_driver_riscv_plic0_enable
                0x0000000020014236       0x48 E:/8.AWS-FreeRTOS-HiFive1/Workspace/sifive-hifive1-revb-i2c/bsp/install/lib/debug/\libmetal.a(libriscv__mmachine__sifive-hifive1-revb_a-riscv_plic0.o)
                0x0000000020014236                __metal_driver_riscv_plic0_enable
 .text.__metal_driver_riscv_plic0_disable
                0x000000002001427e       0x48 E:/8.AWS-FreeRTOS-HiFive1/Workspace/sifive-hifive1-revb-i2c/bsp/install/lib/debug/\libmetal.a(libriscv__mmachine__sifive-hifive1-revb_a-riscv_plic0.o)
                0x000000002001427e                __metal_driver_riscv_plic0_disable
 .text.__metal_driver_sifive_fe310_g000_hfrosc_ref
                0x00000000200142c6       0x1a E:/8.AWS-FreeRTOS-HiFive1/Workspace/sifive-hifive1-revb-i2c/bsp/install/lib/debug/\libmetal.a(libriscv__mmachine__sifive-hifive1-revb_a-sifive_fe310-g000_hfrosc.o)
 .text.__metal_driver_sifive_fe310_g000_hfrosc_config_base
                0x00000000200142e0       0x16 E:/8.AWS-FreeRTOS-HiFive1/Workspace/sifive-hifive1-revb-i2c/bsp/install/lib/debug/\libmetal.a(libriscv__mmachine__sifive-hifive1-revb_a-sifive_fe310-g000_hfrosc.o)
 .text.__metal_driver_sifive_fe310_g000_hfrosc_config_offset
                0x00000000200142f6       0x14 E:/8.AWS-FreeRTOS-HiFive1/Workspace/sifive-hifive1-revb-i2c/bsp/install/lib/debug/\libmetal.a(libriscv__mmachine__sifive-hifive1-revb_a-sifive_fe310-g000_hfrosc.o)
 .text.__metal_driver_sifive_fe310_g000_prci_vtable
                0x000000002001430a       0x12 E:/8.AWS-FreeRTOS-HiFive1/Workspace/sifive-hifive1-revb-i2c/bsp/install/lib/debug/\libmetal.a(libriscv__mmachine__sifive-hifive1-revb_a-sifive_fe310-g000_hfrosc.o)
 .text.__metal_driver_sifive_fe310_g000_hfrosc_get_rate_hz
                0x000000002001431c       0x84 E:/8.AWS-FreeRTOS-HiFive1/Workspace/sifive-hifive1-revb-i2c/bsp/install/lib/debug/\libmetal.a(libriscv__mmachine__sifive-hifive1-revb_a-sifive_fe310-g000_hfrosc.o)
                0x000000002001431c                __metal_driver_sifive_fe310_g000_hfrosc_get_rate_hz
 .text.__metal_driver_sifive_fe310_g000_hfrosc_set_rate_hz
                0x00000000200143a0       0x22 E:/8.AWS-FreeRTOS-HiFive1/Workspace/sifive-hifive1-revb-i2c/bsp/install/lib/debug/\libmetal.a(libriscv__mmachine__sifive-hifive1-revb_a-sifive_fe310-g000_hfrosc.o)
                0x00000000200143a0                __metal_driver_sifive_fe310_g000_hfrosc_set_rate_hz
 .text.__metal_driver_sifive_fe310_g000_hfxosc_ref
                0x00000000200143c2       0x1a E:/8.AWS-FreeRTOS-HiFive1/Workspace/sifive-hifive1-revb-i2c/bsp/install/lib/debug/\libmetal.a(libriscv__mmachine__sifive-hifive1-revb_a-sifive_fe310-g000_hfxosc.o)
 .text.__metal_driver_sifive_fe310_g000_hfxosc_config_base
                0x00000000200143dc       0x16 E:/8.AWS-FreeRTOS-HiFive1/Workspace/sifive-hifive1-revb-i2c/bsp/install/lib/debug/\libmetal.a(libriscv__mmachine__sifive-hifive1-revb_a-sifive_fe310-g000_hfxosc.o)
 .text.__metal_driver_sifive_fe310_g000_hfxosc_config_offset
                0x00000000200143f2       0x14 E:/8.AWS-FreeRTOS-HiFive1/Workspace/sifive-hifive1-revb-i2c/bsp/install/lib/debug/\libmetal.a(libriscv__mmachine__sifive-hifive1-revb_a-sifive_fe310-g000_hfxosc.o)
 .text.__metal_driver_sifive_fe310_g000_prci_vtable
                0x0000000020014406       0x12 E:/8.AWS-FreeRTOS-HiFive1/Workspace/sifive-hifive1-revb-i2c/bsp/install/lib/debug/\libmetal.a(libriscv__mmachine__sifive-hifive1-revb_a-sifive_fe310-g000_hfxosc.o)
 .text.__metal_driver_sifive_fe310_g000_hfxosc_get_rate_hz
                0x0000000020014418       0x74 E:/8.AWS-FreeRTOS-HiFive1/Workspace/sifive-hifive1-revb-i2c/bsp/install/lib/debug/\libmetal.a(libriscv__mmachine__sifive-hifive1-revb_a-sifive_fe310-g000_hfxosc.o)
                0x0000000020014418                __metal_driver_sifive_fe310_g000_hfxosc_get_rate_hz
 .text.__metal_driver_sifive_fe310_g000_hfxosc_set_rate_hz
                0x000000002001448c       0x22 E:/8.AWS-FreeRTOS-HiFive1/Workspace/sifive-hifive1-revb-i2c/bsp/install/lib/debug/\libmetal.a(libriscv__mmachine__sifive-hifive1-revb_a-sifive_fe310-g000_hfxosc.o)
                0x000000002001448c                __metal_driver_sifive_fe310_g000_hfxosc_set_rate_hz
 .text.__metal_driver_sifive_fe310_g000_pll_pllsel0
                0x00000000200144ae       0x1a E:/8.AWS-FreeRTOS-HiFive1/Workspace/sifive-hifive1-revb-i2c/bsp/install/lib/debug/\libmetal.a(libriscv__mmachine__sifive-hifive1-revb_a-sifive_fe310-g000_pll.o)
 .text.__metal_driver_sifive_fe310_g000_pll_pllref
                0x00000000200144c8       0x1a E:/8.AWS-FreeRTOS-HiFive1/Workspace/sifive-hifive1-revb-i2c/bsp/install/lib/debug/\libmetal.a(libriscv__mmachine__sifive-hifive1-revb_a-sifive_fe310-g000_pll.o)
 .text.__metal_driver_sifive_fe310_g000_pll_divider_base
                0x00000000200144e2       0x16 E:/8.AWS-FreeRTOS-HiFive1/Workspace/sifive-hifive1-revb-i2c/bsp/install/lib/debug/\libmetal.a(libriscv__mmachine__sifive-hifive1-revb_a-sifive_fe310-g000_pll.o)
 .text.__metal_driver_sifive_fe310_g000_pll_divider_offset
                0x00000000200144f8       0x14 E:/8.AWS-FreeRTOS-HiFive1/Workspace/sifive-hifive1-revb-i2c/bsp/install/lib/debug/\libmetal.a(libriscv__mmachine__sifive-hifive1-revb_a-sifive_fe310-g000_pll.o)
 .text.__metal_driver_sifive_fe310_g000_pll_config_base
                0x000000002001450c       0x12 E:/8.AWS-FreeRTOS-HiFive1/Workspace/sifive-hifive1-revb-i2c/bsp/install/lib/debug/\libmetal.a(libriscv__mmachine__sifive-hifive1-revb_a-sifive_fe310-g000_pll.o)
 .text.__metal_driver_sifive_fe310_g000_pll_config_offset
                0x000000002001451e       0x10 E:/8.AWS-FreeRTOS-HiFive1/Workspace/sifive-hifive1-revb-i2c/bsp/install/lib/debug/\libmetal.a(libriscv__mmachine__sifive-hifive1-revb_a-sifive_fe310-g000_pll.o)
 .text.__metal_driver_sifive_fe310_g000_pll_init_rate
                0x000000002001452e       0x16 E:/8.AWS-FreeRTOS-HiFive1/Workspace/sifive-hifive1-revb-i2c/bsp/install/lib/debug/\libmetal.a(libriscv__mmachine__sifive-hifive1-revb_a-sifive_fe310-g000_pll.o)
 .text.__metal_driver_sifive_fe310_g000_prci_base
                0x0000000020014544       0x12 E:/8.AWS-FreeRTOS-HiFive1/Workspace/sifive-hifive1-revb-i2c/bsp/install/lib/debug/\libmetal.a(libriscv__mmachine__sifive-hifive1-revb_a-sifive_fe310-g000_pll.o)
 .text.__metal_driver_sifive_fe310_g000_prci_vtable
                0x0000000020014556       0x12 E:/8.AWS-FreeRTOS-HiFive1/Workspace/sifive-hifive1-revb-i2c/bsp/install/lib/debug/\libmetal.a(libriscv__mmachine__sifive-hifive1-revb_a-sifive_fe310-g000_pll.o)
 .text.get_pll_config_freq
                0x0000000020014568       0x4e E:/8.AWS-FreeRTOS-HiFive1/Workspace/sifive-hifive1-revb-i2c/bsp/install/lib/debug/\libmetal.a(libriscv__mmachine__sifive-hifive1-revb_a-sifive_fe310-g000_pll.o)
 .text.metal_sifive_fe310_g000_pll_init
                0x00000000200145b6       0x28 E:/8.AWS-FreeRTOS-HiFive1/Workspace/sifive-hifive1-revb-i2c/bsp/install/lib/debug/\libmetal.a(libriscv__mmachine__sifive-hifive1-revb_a-sifive_fe310-g000_pll.o)
 .text.__metal_driver_sifive_fe310_g000_pll_init
                0x00000000200145de       0xa4 E:/8.AWS-FreeRTOS-HiFive1/Workspace/sifive-hifive1-revb-i2c/bsp/install/lib/debug/\libmetal.a(libriscv__mmachine__sifive-hifive1-revb_a-sifive_fe310-g000_pll.o)
                0x00000000200145de                __metal_driver_sifive_fe310_g000_pll_init
 .text.__metal_driver_sifive_fe310_g000_pll_get_rate_hz
                0x0000000020014682      0x170 E:/8.AWS-FreeRTOS-HiFive1/Workspace/sifive-hifive1-revb-i2c/bsp/install/lib/debug/\libmetal.a(libriscv__mmachine__sifive-hifive1-revb_a-sifive_fe310-g000_pll.o)
                0x0000000020014682                __metal_driver_sifive_fe310_g000_pll_get_rate_hz
 .text.find_closest_config
                0x00000000200147f2       0xac E:/8.AWS-FreeRTOS-HiFive1/Workspace/sifive-hifive1-revb-i2c/bsp/install/lib/debug/\libmetal.a(libriscv__mmachine__sifive-hifive1-revb_a-sifive_fe310-g000_pll.o)
 .text.configure_pll
                0x000000002001489e      0x132 E:/8.AWS-FreeRTOS-HiFive1/Workspace/sifive-hifive1-revb-i2c/bsp/install/lib/debug/\libmetal.a(libriscv__mmachine__sifive-hifive1-revb_a-sifive_fe310-g000_pll.o)
 .text.__metal_driver_sifive_fe310_g000_pll_set_rate_hz
                0x00000000200149d0      0x166 E:/8.AWS-FreeRTOS-HiFive1/Workspace/sifive-hifive1-revb-i2c/bsp/install/lib/debug/\libmetal.a(libriscv__mmachine__sifive-hifive1-revb_a-sifive_fe310-g000_pll.o)
                0x00000000200149d0                __metal_driver_sifive_fe310_g000_pll_set_rate_hz
 .text.use_hfxosc
                0x0000000020014b36       0x2a E:/8.AWS-FreeRTOS-HiFive1/Workspace/sifive-hifive1-revb-i2c/bsp/install/lib/debug/\libmetal.a(libriscv__mmachine__sifive-hifive1-revb_a-sifive_fe310-g000_pll.o)
 .text.__metal_driver_sifive_fe310_g000_prci_base
                0x0000000020014b60       0x12 E:/8.AWS-FreeRTOS-HiFive1/Workspace/sifive-hifive1-revb-i2c/bsp/install/lib/debug/\libmetal.a(libriscv__mmachine__sifive-hifive1-revb_a-sifive_fe310-g000_prci.o)
 .text.__metal_driver_sifive_fe310_g000_prci_get_reg
                0x0000000020014b72       0x2e E:/8.AWS-FreeRTOS-HiFive1/Workspace/sifive-hifive1-revb-i2c/bsp/install/lib/debug/\libmetal.a(libriscv__mmachine__sifive-hifive1-revb_a-sifive_fe310-g000_prci.o)
                0x0000000020014b72                __metal_driver_sifive_fe310_g000_prci_get_reg
 .text.__metal_driver_sifive_fe310_g000_prci_set_reg
                0x0000000020014ba0       0x38 E:/8.AWS-FreeRTOS-HiFive1/Workspace/sifive-hifive1-revb-i2c/bsp/install/lib/debug/\libmetal.a(libriscv__mmachine__sifive-hifive1-revb_a-sifive_fe310-g000_prci.o)
                0x0000000020014ba0                __metal_driver_sifive_fe310_g000_prci_set_reg
 .text.__metal_driver_sifive_gpio0_base
                0x0000000020014bd8       0x26 E:/8.AWS-FreeRTOS-HiFive1/Workspace/sifive-hifive1-revb-i2c/bsp/install/lib/debug/\libmetal.a(libriscv__mmachine__sifive-hifive1-revb_a-sifive_gpio0.o)
 .text.__metal_driver_sifive_gpio0_interrupt_parent
                0x0000000020014bfe       0x2a E:/8.AWS-FreeRTOS-HiFive1/Workspace/sifive-hifive1-revb-i2c/bsp/install/lib/debug/\libmetal.a(libriscv__mmachine__sifive-hifive1-revb_a-sifive_gpio0.o)
 .text.__metal_driver_sifive_gpio0_interrupt_lines
                0x0000000020014c28      0x35e E:/8.AWS-FreeRTOS-HiFive1/Workspace/sifive-hifive1-revb-i2c/bsp/install/lib/debug/\libmetal.a(libriscv__mmachine__sifive-hifive1-revb_a-sifive_gpio0.o)
 .text.__metal_driver_sifive_gpio0_enable_input
                0x0000000020014f86       0x40 E:/8.AWS-FreeRTOS-HiFive1/Workspace/sifive-hifive1-revb-i2c/bsp/install/lib/debug/\libmetal.a(libriscv__mmachine__sifive-hifive1-revb_a-sifive_gpio0.o)
                0x0000000020014f86                __metal_driver_sifive_gpio0_enable_input
 .text.__metal_driver_sifive_gpio0_disable_input
                0x0000000020014fc6       0x46 E:/8.AWS-FreeRTOS-HiFive1/Workspace/sifive-hifive1-revb-i2c/bsp/install/lib/debug/\libmetal.a(libriscv__mmachine__sifive-hifive1-revb_a-sifive_gpio0.o)
                0x0000000020014fc6                __metal_driver_sifive_gpio0_disable_input
 .text.__metal_driver_sifive_gpio0_input
                0x000000002001500c       0x2a E:/8.AWS-FreeRTOS-HiFive1/Workspace/sifive-hifive1-revb-i2c/bsp/install/lib/debug/\libmetal.a(libriscv__mmachine__sifive-hifive1-revb_a-sifive_gpio0.o)
                0x000000002001500c                __metal_driver_sifive_gpio0_input
 .text.__metal_driver_sifive_gpio0_output
                0x0000000020015036       0x2c E:/8.AWS-FreeRTOS-HiFive1/Workspace/sifive-hifive1-revb-i2c/bsp/install/lib/debug/\libmetal.a(libriscv__mmachine__sifive-hifive1-revb_a-sifive_gpio0.o)
                0x0000000020015036                __metal_driver_sifive_gpio0_output
 .text.__metal_driver_sifive_gpio0_disable_output
                0x0000000020015062       0x46 E:/8.AWS-FreeRTOS-HiFive1/Workspace/sifive-hifive1-revb-i2c/bsp/install/lib/debug/\libmetal.a(libriscv__mmachine__sifive-hifive1-revb_a-sifive_gpio0.o)
                0x0000000020015062                __metal_driver_sifive_gpio0_disable_output
 .text.__metal_driver_sifive_gpio0_enable_output
                0x00000000200150a8       0x40 E:/8.AWS-FreeRTOS-HiFive1/Workspace/sifive-hifive1-revb-i2c/bsp/install/lib/debug/\libmetal.a(libriscv__mmachine__sifive-hifive1-revb_a-sifive_gpio0.o)
                0x00000000200150a8                __metal_driver_sifive_gpio0_enable_output
 .text.__metal_driver_sifive_gpio0_output_set
                0x00000000200150e8       0x40 E:/8.AWS-FreeRTOS-HiFive1/Workspace/sifive-hifive1-revb-i2c/bsp/install/lib/debug/\libmetal.a(libriscv__mmachine__sifive-hifive1-revb_a-sifive_gpio0.o)
                0x00000000200150e8                __metal_driver_sifive_gpio0_output_set
 .text.__metal_driver_sifive_gpio0_output_clear
                0x0000000020015128       0x46 E:/8.AWS-FreeRTOS-HiFive1/Workspace/sifive-hifive1-revb-i2c/bsp/install/lib/debug/\libmetal.a(libriscv__mmachine__sifive-hifive1-revb_a-sifive_gpio0.o)
                0x0000000020015128                __metal_driver_sifive_gpio0_output_clear
 .text.__metal_driver_sifive_gpio0_output_toggle
                0x000000002001516e       0x40 E:/8.AWS-FreeRTOS-HiFive1/Workspace/sifive-hifive1-revb-i2c/bsp/install/lib/debug/\libmetal.a(libriscv__mmachine__sifive-hifive1-revb_a-sifive_gpio0.o)
                0x000000002001516e                __metal_driver_sifive_gpio0_output_toggle
 .text.__metal_driver_sifive_gpio0_enable_io
                0x00000000200151ae       0x68 E:/8.AWS-FreeRTOS-HiFive1/Workspace/sifive-hifive1-revb-i2c/bsp/install/lib/debug/\libmetal.a(libriscv__mmachine__sifive-hifive1-revb_a-sifive_gpio0.o)
                0x00000000200151ae                __metal_driver_sifive_gpio0_enable_io
 .text.__metal_driver_sifive_gpio0_disable_io
                0x0000000020015216       0x4a E:/8.AWS-FreeRTOS-HiFive1/Workspace/sifive-hifive1-revb-i2c/bsp/install/lib/debug/\libmetal.a(libriscv__mmachine__sifive-hifive1-revb_a-sifive_gpio0.o)
                0x0000000020015216                __metal_driver_sifive_gpio0_disable_io
 .text.__metal_driver_sifive_gpio0_config_int
                0x0000000020015260      0x206 E:/8.AWS-FreeRTOS-HiFive1/Workspace/sifive-hifive1-revb-i2c/bsp/install/lib/debug/\libmetal.a(libriscv__mmachine__sifive-hifive1-revb_a-sifive_gpio0.o)
                0x0000000020015260                __metal_driver_sifive_gpio0_config_int
 .text.__metal_driver_sifive_gpio0_clear_int
                0x0000000020015466      0x188 E:/8.AWS-FreeRTOS-HiFive1/Workspace/sifive-hifive1-revb-i2c/bsp/install/lib/debug/\libmetal.a(libriscv__mmachine__sifive-hifive1-revb_a-sifive_gpio0.o)
                0x0000000020015466                __metal_driver_sifive_gpio0_clear_int
 .text.__metal_driver_gpio_interrupt_controller
                0x00000000200155ee       0x20 E:/8.AWS-FreeRTOS-HiFive1/Workspace/sifive-hifive1-revb-i2c/bsp/install/lib/debug/\libmetal.a(libriscv__mmachine__sifive-hifive1-revb_a-sifive_gpio0.o)
                0x00000000200155ee                __metal_driver_gpio_interrupt_controller
 .text.__metal_driver_gpio_get_interrupt_id
                0x000000002001560e       0x2e E:/8.AWS-FreeRTOS-HiFive1/Workspace/sifive-hifive1-revb-i2c/bsp/install/lib/debug/\libmetal.a(libriscv__mmachine__sifive-hifive1-revb_a-sifive_gpio0.o)
                0x000000002001560e                __metal_driver_gpio_get_interrupt_id
 .text.__metal_driver_sifive_uart0_control_base
                0x000000002001563c       0x40 E:/8.AWS-FreeRTOS-HiFive1/Workspace/sifive-hifive1-revb-i2c/bsp/install/lib/debug/\libmetal.a(libriscv__mmachine__sifive-hifive1-revb_a-sifive_uart0.o)
 .text.__metal_driver_sifive_uart0_interrupt_parent
                0x000000002001567c       0x42 E:/8.AWS-FreeRTOS-HiFive1/Workspace/sifive-hifive1-revb-i2c/bsp/install/lib/debug/\libmetal.a(libriscv__mmachine__sifive-hifive1-revb_a-sifive_uart0.o)
 .text.__metal_driver_sifive_uart0_interrupt_line
                0x00000000200156be       0x3c E:/8.AWS-FreeRTOS-HiFive1/Workspace/sifive-hifive1-revb-i2c/bsp/install/lib/debug/\libmetal.a(libriscv__mmachine__sifive-hifive1-revb_a-sifive_uart0.o)
 .text.__metal_driver_sifive_uart0_clock
                0x00000000200156fa       0x48 E:/8.AWS-FreeRTOS-HiFive1/Workspace/sifive-hifive1-revb-i2c/bsp/install/lib/debug/\libmetal.a(libriscv__mmachine__sifive-hifive1-revb_a-sifive_uart0.o)
 .text.__metal_driver_sifive_uart0_pinmux
                0x0000000020015742       0x40 E:/8.AWS-FreeRTOS-HiFive1/Workspace/sifive-hifive1-revb-i2c/bsp/install/lib/debug/\libmetal.a(libriscv__mmachine__sifive-hifive1-revb_a-sifive_uart0.o)
 .text.__metal_driver_sifive_uart0_pinmux_output_selector
                0x0000000020015782       0x40 E:/8.AWS-FreeRTOS-HiFive1/Workspace/sifive-hifive1-revb-i2c/bsp/install/lib/debug/\libmetal.a(libriscv__mmachine__sifive-hifive1-revb_a-sifive_uart0.o)
 .text.__metal_driver_sifive_uart0_pinmux_source_selector
                0x00000000200157c2       0x40 E:/8.AWS-FreeRTOS-HiFive1/Workspace/sifive-hifive1-revb-i2c/bsp/install/lib/debug/\libmetal.a(libriscv__mmachine__sifive-hifive1-revb_a-sifive_uart0.o)
 .text.__metal_driver_sifive_uart0_interrupt_controller
                0x0000000020015802       0x20 E:/8.AWS-FreeRTOS-HiFive1/Workspace/sifive-hifive1-revb-i2c/bsp/install/lib/debug/\libmetal.a(libriscv__mmachine__sifive-hifive1-revb_a-sifive_uart0.o)
                0x0000000020015802                __metal_driver_sifive_uart0_interrupt_controller
 .text.__metal_driver_sifive_uart0_get_interrupt_id
                0x0000000020015822       0x24 E:/8.AWS-FreeRTOS-HiFive1/Workspace/sifive-hifive1-revb-i2c/bsp/install/lib/debug/\libmetal.a(libriscv__mmachine__sifive-hifive1-revb_a-sifive_uart0.o)
                0x0000000020015822                __metal_driver_sifive_uart0_get_interrupt_id
 .text.__metal_driver_sifive_uart0_txready
                0x0000000020015846       0x34 E:/8.AWS-FreeRTOS-HiFive1/Workspace/sifive-hifive1-revb-i2c/bsp/install/lib/debug/\libmetal.a(libriscv__mmachine__sifive-hifive1-revb_a-sifive_uart0.o)
                0x0000000020015846                __metal_driver_sifive_uart0_txready
 .text.__metal_driver_sifive_uart0_putc
                0x000000002001587a       0x40 E:/8.AWS-FreeRTOS-HiFive1/Workspace/sifive-hifive1-revb-i2c/bsp/install/lib/debug/\libmetal.a(libriscv__mmachine__sifive-hifive1-revb_a-sifive_uart0.o)
                0x000000002001587a                __metal_driver_sifive_uart0_putc
 .text.__metal_driver_sifive_uart0_getc
                0x00000000200158ba       0x56 E:/8.AWS-FreeRTOS-HiFive1/Workspace/sifive-hifive1-revb-i2c/bsp/install/lib/debug/\libmetal.a(libriscv__mmachine__sifive-hifive1-revb_a-sifive_uart0.o)
                0x00000000200158ba                __metal_driver_sifive_uart0_getc
 .text.__metal_driver_sifive_uart0_get_baud_rate
                0x0000000020015910       0x20 E:/8.AWS-FreeRTOS-HiFive1/Workspace/sifive-hifive1-revb-i2c/bsp/install/lib/debug/\libmetal.a(libriscv__mmachine__sifive-hifive1-revb_a-sifive_uart0.o)
                0x0000000020015910                __metal_driver_sifive_uart0_get_baud_rate
 .text.__metal_driver_sifive_uart0_set_baud_rate
                0x0000000020015930       0xa0 E:/8.AWS-FreeRTOS-HiFive1/Workspace/sifive-hifive1-revb-i2c/bsp/install/lib/debug/\libmetal.a(libriscv__mmachine__sifive-hifive1-revb_a-sifive_uart0.o)
                0x0000000020015930                __metal_driver_sifive_uart0_set_baud_rate
 .text.pre_rate_change_callback_func
                0x00000000200159d0       0xd8 E:/8.AWS-FreeRTOS-HiFive1/Workspace/sifive-hifive1-revb-i2c/bsp/install/lib/debug/\libmetal.a(libriscv__mmachine__sifive-hifive1-revb_a-sifive_uart0.o)
 .text.post_rate_change_callback_func
                0x0000000020015aa8       0x2e E:/8.AWS-FreeRTOS-HiFive1/Workspace/sifive-hifive1-revb-i2c/bsp/install/lib/debug/\libmetal.a(libriscv__mmachine__sifive-hifive1-revb_a-sifive_uart0.o)
 .text.__metal_driver_sifive_uart0_init
                0x0000000020015ad6       0xd0 E:/8.AWS-FreeRTOS-HiFive1/Workspace/sifive-hifive1-revb-i2c/bsp/install/lib/debug/\libmetal.a(libriscv__mmachine__sifive-hifive1-revb_a-sifive_uart0.o)
                0x0000000020015ad6                __metal_driver_sifive_uart0_init
 .text._metal_clock_call_all_callbacks
                0x0000000020015ba6       0x40 E:/8.AWS-FreeRTOS-HiFive1/Workspace/sifive-hifive1-revb-i2c/bsp/install/lib/debug/\libmetal.a(libriscv__mmachine__sifive-hifive1-revb_a-clock.o)
                0x0000000020015ba6                _metal_clock_call_all_callbacks
 .text._metal_clock_append_to_callbacks
                0x0000000020015be6       0x54 E:/8.AWS-FreeRTOS-HiFive1/Workspace/sifive-hifive1-revb-i2c/bsp/install/lib/debug/\libmetal.a(libriscv__mmachine__sifive-hifive1-revb_a-clock.o)
                0x0000000020015be6                _metal_clock_append_to_callbacks
 .text.metal_clock_get_rate_hz
                0x0000000020015c3a       0x26 E:/8.AWS-FreeRTOS-HiFive1/Workspace/sifive-hifive1-revb-i2c/bsp/install/lib/debug/\libmetal.a(libriscv__mmachine__sifive-hifive1-revb_a-clock.o)
                0x0000000020015c3a                metal_clock_get_rate_hz
 .text.metal_clock_set_rate_hz
                0x0000000020015c60       0x4a E:/8.AWS-FreeRTOS-HiFive1/Workspace/sifive-hifive1-revb-i2c/bsp/install/lib/debug/\libmetal.a(libriscv__mmachine__sifive-hifive1-revb_a-clock.o)
                0x0000000020015c60                metal_clock_set_rate_hz
 .text.metal_clock_register_pre_rate_change_callback
                0x0000000020015caa       0x32 E:/8.AWS-FreeRTOS-HiFive1/Workspace/sifive-hifive1-revb-i2c/bsp/install/lib/debug/\libmetal.a(libriscv__mmachine__sifive-hifive1-revb_a-clock.o)
                0x0000000020015caa                metal_clock_register_pre_rate_change_callback
 .text.metal_clock_register_post_rate_change_callback
                0x0000000020015cdc       0x32 E:/8.AWS-FreeRTOS-HiFive1/Workspace/sifive-hifive1-revb-i2c/bsp/install/lib/debug/\libmetal.a(libriscv__mmachine__sifive-hifive1-revb_a-clock.o)
                0x0000000020015cdc                metal_clock_register_post_rate_change_callback
 .text.metal_cpu_get_timer
                0x0000000020015d0e       0x2a E:/8.AWS-FreeRTOS-HiFive1/Workspace/sifive-hifive1-revb-i2c/bsp/install/lib/debug/\libmetal.a(libriscv__mmachine__sifive-hifive1-revb_a-cpu.o)
                0x0000000020015d0e                metal_cpu_get_timer
 .text.metal_cpu_get_timebase
                0x0000000020015d38       0x2a E:/8.AWS-FreeRTOS-HiFive1/Workspace/sifive-hifive1-revb-i2c/bsp/install/lib/debug/\libmetal.a(libriscv__mmachine__sifive-hifive1-revb_a-cpu.o)
                0x0000000020015d38                metal_cpu_get_timebase
 .text.metal_cpu_interrupt_controller
                0x0000000020015d62       0x26 E:/8.AWS-FreeRTOS-HiFive1/Workspace/sifive-hifive1-revb-i2c/bsp/install/lib/debug/\libmetal.a(libriscv__mmachine__sifive-hifive1-revb_a-cpu.o)
                0x0000000020015d62                metal_cpu_interrupt_controller
 .text.metal_cpu_get
                0x0000000020015d88       0x2e E:/8.AWS-FreeRTOS-HiFive1/Workspace/sifive-hifive1-revb-i2c/bsp/install/lib/debug/\libmetal.a(libriscv__mmachine__sifive-hifive1-revb_a-cpu.o)
                0x0000000020015d88                metal_cpu_get
 .text.metal_cpu_get_current_hartid
                0x0000000020015db6       0x1a E:/8.AWS-FreeRTOS-HiFive1/Workspace/sifive-hifive1-revb-i2c/bsp/install/lib/debug/\libmetal.a(libriscv__mmachine__sifive-hifive1-revb_a-cpu.o)
                0x0000000020015db6                metal_cpu_get_current_hartid
 .text.metal_shutdown
                0x0000000020015dd0        0xe E:/8.AWS-FreeRTOS-HiFive1/Workspace/sifive-hifive1-revb-i2c/bsp/install/lib/debug/\libmetal.a(libriscv__mmachine__sifive-hifive1-revb_a-shutdown.o)
                0x0000000020015dd0                metal_shutdown
 .text.metal_gettimeofday
                0x0000000020015dde       0xea E:/8.AWS-FreeRTOS-HiFive1/Workspace/sifive-hifive1-revb-i2c/bsp/install/lib/debug/\libmetal.a(libriscv__mmachine__sifive-hifive1-revb_a-time.o)
                0x0000000020015dde                metal_gettimeofday
 .text.metal_time
                0x0000000020015ec8       0x3a E:/8.AWS-FreeRTOS-HiFive1/Workspace/sifive-hifive1-revb-i2c/bsp/install/lib/debug/\libmetal.a(libriscv__mmachine__sifive-hifive1-revb_a-time.o)
                0x0000000020015ec8                metal_time
 .text.metal_uart_init
                0x0000000020015f02       0x2c E:/8.AWS-FreeRTOS-HiFive1/Workspace/sifive-hifive1-revb-i2c/bsp/install/lib/debug/\libmetal.a(libriscv__mmachine__sifive-hifive1-revb_a-uart.o)
                0x0000000020015f02                metal_uart_init
 .text.metal_uart_putc
                0x0000000020015f2e       0x2e E:/8.AWS-FreeRTOS-HiFive1/Workspace/sifive-hifive1-revb-i2c/bsp/install/lib/debug/\libmetal.a(libriscv__mmachine__sifive-hifive1-revb_a-uart.o)
                0x0000000020015f2e                metal_uart_putc
 .text.metal_uart_set_baud_rate
                0x0000000020015f5c       0x2e E:/8.AWS-FreeRTOS-HiFive1/Workspace/sifive-hifive1-revb-i2c/bsp/install/lib/debug/\libmetal.a(libriscv__mmachine__sifive-hifive1-revb_a-uart.o)
                0x0000000020015f5c                metal_uart_set_baud_rate
 *fill*         0x0000000020015f8a       0x76 
 .text          0x0000000020016000       0x80 E:/8.AWS-FreeRTOS-HiFive1/Workspace/sifive-hifive1-revb-i2c/bsp/install/lib/debug/\libmetal.a(libriscv__mmachine__sifive-hifive1-revb_a-vector.o)
                0x0000000020016000                __metal_vector_table
 .text.__metal_driver_fixed_clock_rate
                0x0000000020016080       0x70 E:/8.AWS-FreeRTOS-HiFive1/Workspace/sifive-hifive1-revb-i2c/bsp/install/lib/debug/\libmetal.a(libriscv__mmachine__sifive-hifive1-revb_a-fixed-clock.o)
 .text.__metal_driver_fixed_clock_get_rate_hz
                0x00000000200160f0       0x1e E:/8.AWS-FreeRTOS-HiFive1/Workspace/sifive-hifive1-revb-i2c/bsp/install/lib/debug/\libmetal.a(libriscv__mmachine__sifive-hifive1-revb_a-fixed-clock.o)
                0x00000000200160f0                __metal_driver_fixed_clock_get_rate_hz
 .text.__metal_driver_fixed_clock_set_rate_hz
                0x000000002001610e       0x22 E:/8.AWS-FreeRTOS-HiFive1/Workspace/sifive-hifive1-revb-i2c/bsp/install/lib/debug/\libmetal.a(libriscv__mmachine__sifive-hifive1-revb_a-fixed-clock.o)
                0x000000002001610e                __metal_driver_fixed_clock_set_rate_hz
 .text.metal_timer_get_cyclecount
                0x0000000020016130       0x4a E:/8.AWS-FreeRTOS-HiFive1/Workspace/sifive-hifive1-revb-i2c/bsp/install/lib/debug/\libmetal.a(libriscv__mmachine__sifive-hifive1-revb_a-timer.o)
                0x0000000020016130                metal_timer_get_cyclecount
 .text.metal_timer_get_timebase_frequency
                0x000000002001617a       0x4a E:/8.AWS-FreeRTOS-HiFive1/Workspace/sifive-hifive1-revb-i2c/bsp/install/lib/debug/\libmetal.a(libriscv__mmachine__sifive-hifive1-revb_a-timer.o)
                0x000000002001617a                metal_timer_get_timebase_frequency
 .text._close   0x00000000200161c4       0x22 E:/8.AWS-FreeRTOS-HiFive1/Workspace/sifive-hifive1-revb-i2c/bsp/install/lib/debug/\libmetal-gloss.a(sys_close.o)
                0x00000000200161c4                _close
 .text._fstat   0x00000000200161e6       0x26 E:/8.AWS-FreeRTOS-HiFive1/Workspace/sifive-hifive1-revb-i2c/bsp/install/lib/debug/\libmetal-gloss.a(sys_fstat.o)
                0x00000000200161e6                _fstat
 .text._gettimeofday
                0x000000002001620c       0xe6 E:/8.AWS-FreeRTOS-HiFive1/Workspace/sifive-hifive1-revb-i2c/bsp/install/lib/debug/\libmetal-gloss.a(sys_gettimeofday.o)
                0x000000002001620c                _gettimeofday
 .text._isatty  0x00000000200162f2       0x20 E:/8.AWS-FreeRTOS-HiFive1/Workspace/sifive-hifive1-revb-i2c/bsp/install/lib/debug/\libmetal-gloss.a(sys_isatty.o)
                0x00000000200162f2                _isatty
 .text._lseek   0x0000000020016312       0x2a E:/8.AWS-FreeRTOS-HiFive1/Workspace/sifive-hifive1-revb-i2c/bsp/install/lib/debug/\libmetal-gloss.a(sys_lseek.o)
                0x0000000020016312                _lseek
 .text._read    0x000000002001633c       0x2a E:/8.AWS-FreeRTOS-HiFive1/Workspace/sifive-hifive1-revb-i2c/bsp/install/lib/debug/\libmetal-gloss.a(sys_read.o)
                0x000000002001633c                _read
 .text._sbrk    0x0000000020016366       0x5a E:/8.AWS-FreeRTOS-HiFive1/Workspace/sifive-hifive1-revb-i2c/bsp/install/lib/debug/\libmetal-gloss.a(sys_sbrk.o)
                0x0000000020016366                _sbrk
 .text._write   0x00000000200163c0       0x70 E:/8.AWS-FreeRTOS-HiFive1/Workspace/sifive-hifive1-revb-i2c/bsp/install/lib/debug/\libmetal-gloss.a(sys_write.o)
                0x00000000200163c0                _write
 .text.atexit   0x0000000020016430        0xa e:/freedomstudio-2019-08-2-win64/sifive/riscv64-unknown-elf-gcc-8.3.0-2019.08.0/bin/../lib/gcc/riscv64-unknown-elf/8.3.0/../../../../riscv64-unknown-elf/lib/rv32imac/ilp32\libc_nano.a(lib_a-atexit.o)
                0x0000000020016430                atexit
 .text.__errno  0x000000002001643a        0xc e:/freedomstudio-2019-08-2-win64/sifive/riscv64-unknown-elf-gcc-8.3.0-2019.08.0/bin/../lib/gcc/riscv64-unknown-elf/8.3.0/../../../../riscv64-unknown-elf/lib/rv32imac/ilp32\libc_nano.a(lib_a-errno.o)
                0x000000002001643a                __errno
 .text.exit     0x0000000020016446       0x2c e:/freedomstudio-2019-08-2-win64/sifive/riscv64-unknown-elf-gcc-8.3.0-2019.08.0/bin/../lib/gcc/riscv64-unknown-elf/8.3.0/../../../../riscv64-unknown-elf/lib/rv32imac/ilp32\libc_nano.a(lib_a-exit.o)
                0x0000000020016446                exit
 .text.__libc_fini_array
                0x0000000020016472       0x38 e:/freedomstudio-2019-08-2-win64/sifive/riscv64-unknown-elf-gcc-8.3.0-2019.08.0/bin/../lib/gcc/riscv64-unknown-elf/8.3.0/../../../../riscv64-unknown-elf/lib/rv32imac/ilp32\libc_nano.a(lib_a-fini.o)
                0x0000000020016472                __libc_fini_array
 .text.__libc_init_array
                0x00000000200164aa       0x6a e:/freedomstudio-2019-08-2-win64/sifive/riscv64-unknown-elf-gcc-8.3.0-2019.08.0/bin/../lib/gcc/riscv64-unknown-elf/8.3.0/../../../../riscv64-unknown-elf/lib/rv32imac/ilp32\libc_nano.a(lib_a-init.o)
                0x00000000200164aa                __libc_init_array
 .text.__register_exitproc
                0x0000000020016514       0x88 e:/freedomstudio-2019-08-2-win64/sifive/riscv64-unknown-elf-gcc-8.3.0-2019.08.0/bin/../lib/gcc/riscv64-unknown-elf/8.3.0/../../../../riscv64-unknown-elf/lib/rv32imac/ilp32\libc_nano.a(lib_a-__atexit.o)
                0x0000000020016514                __register_exitproc
 .text.__call_exitprocs
                0x000000002001659c       0xc8 e:/freedomstudio-2019-08-2-win64/sifive/riscv64-unknown-elf-gcc-8.3.0-2019.08.0/bin/../lib/gcc/riscv64-unknown-elf/8.3.0/../../../../riscv64-unknown-elf/lib/rv32imac/ilp32\libc_nano.a(lib_a-__call_atexit.o)
                0x000000002001659c                __call_exitprocs
 .text          0x0000000020016664      0x35e e:/freedomstudio-2019-08-2-win64/sifive/riscv64-unknown-elf-gcc-8.3.0-2019.08.0/bin/../lib/gcc/riscv64-unknown-elf/8.3.0/rv32imac/ilp32\libgcc.a(_udivdi3.o)
                0x0000000020016664                __udivdi3
 .text          0x00000000200169c2      0x352 e:/freedomstudio-2019-08-2-win64/sifive/riscv64-unknown-elf-gcc-8.3.0-2019.08.0/bin/../lib/gcc/riscv64-unknown-elf/8.3.0/rv32imac/ilp32\libgcc.a(_umoddi3.o)
                0x00000000200169c2                __umoddi3
 .text.metal_tty_putc
                0x0000000020016d14       0x2c E:/8.AWS-FreeRTOS-HiFive1/Workspace/sifive-hifive1-revb-i2c/bsp/install/lib/debug/\libmetal.a(libriscv__mmachine__sifive-hifive1-revb_a-tty.o)
                0x0000000020016d14                metal_tty_putc
 .text.metal_tty_putc_raw
                0x0000000020016d40       0x28 E:/8.AWS-FreeRTOS-HiFive1/Workspace/sifive-hifive1-revb-i2c/bsp/install/lib/debug/\libmetal.a(libriscv__mmachine__sifive-hifive1-revb_a-tty.o)
                0x0000000020016d40                metal_tty_putc_raw
 .text.metal_tty_init
                0x0000000020016d68       0x24 E:/8.AWS-FreeRTOS-HiFive1/Workspace/sifive-hifive1-revb-i2c/bsp/install/lib/debug/\libmetal.a(libriscv__mmachine__sifive-hifive1-revb_a-tty.o)
 .text._exit    0x0000000020016d8c       0x14 E:/8.AWS-FreeRTOS-HiFive1/Workspace/sifive-hifive1-revb-i2c/bsp/install/lib/debug/\libmetal-gloss.a(sys_exit.o)
                0x0000000020016d8c                _exit
 *(.gnu.linkonce.t.*)
                [!provide]                        PROVIDE (__etext = .)
                [!provide]                        PROVIDE (_etext = .)
                [!provide]                        PROVIDE (etext = .)

.rodata         0x0000000020016da0      0xf18
 *(.rdata)
 *(.rodata .rodata.*)
 .rodata        0x0000000020016da0      0x1a0 C:\Users\HoangSHC\AppData\Local\Temp\cciYgQPb.o
 .rodata.__sf_fake_stderr
                0x0000000020016f40       0x20 e:/freedomstudio-2019-08-2-win64/sifive/riscv64-unknown-elf-gcc-8.3.0-2019.08.0/bin/../lib/gcc/riscv64-unknown-elf/8.3.0/../../../../riscv64-unknown-elf/lib/rv32imac/ilp32\libc_nano.a(lib_a-findfp.o)
                0x0000000020016f40                __sf_fake_stderr
 .rodata.__sf_fake_stdin
                0x0000000020016f60       0x20 e:/freedomstudio-2019-08-2-win64/sifive/riscv64-unknown-elf-gcc-8.3.0-2019.08.0/bin/../lib/gcc/riscv64-unknown-elf/8.3.0/../../../../riscv64-unknown-elf/lib/rv32imac/ilp32\libc_nano.a(lib_a-findfp.o)
                0x0000000020016f60                __sf_fake_stdin
 .rodata.__sf_fake_stdout
                0x0000000020016f80       0x20 e:/freedomstudio-2019-08-2-win64/sifive/riscv64-unknown-elf-gcc-8.3.0-2019.08.0/bin/../lib/gcc/riscv64-unknown-elf/8.3.0/../../../../riscv64-unknown-elf/lib/rv32imac/ilp32\libc_nano.a(lib_a-findfp.o)
                0x0000000020016f80                __sf_fake_stdout
 .rodata._vfprintf_r.str1.4
                0x0000000020016fa0       0x13 e:/freedomstudio-2019-08-2-win64/sifive/riscv64-unknown-elf-gcc-8.3.0-2019.08.0/bin/../lib/gcc/riscv64-unknown-elf/8.3.0/../../../../riscv64-unknown-elf/lib/rv32imac/ilp32\libc_nano.a(lib_a-nano-vfprintf.o)
 *fill*         0x0000000020016fb3        0x1 
 .rodata._printf_i.str1.4
                0x0000000020016fb4       0x28 e:/freedomstudio-2019-08-2-win64/sifive/riscv64-unknown-elf-gcc-8.3.0-2019.08.0/bin/../lib/gcc/riscv64-unknown-elf/8.3.0/../../../../riscv64-unknown-elf/lib/rv32imac/ilp32\libc_nano.a(lib_a-nano-vfprintf_i.o)
                                         0x25 (size before relaxing)
 .rodata.__metal_driver_vtable_riscv_clint0
                0x0000000020016fdc       0x4c E:/8.AWS-FreeRTOS-HiFive1/Workspace/sifive-hifive1-revb-i2c/bsp/install/lib/debug/\libmetal.a(libriscv__mmachine__sifive-hifive1-revb_a-riscv_clint0.o)
                0x0000000020016fdc                __metal_driver_vtable_riscv_clint0
 .rodata.__metal_controller_interrupt_vector
                0x0000000020017028       0x14 E:/8.AWS-FreeRTOS-HiFive1/Workspace/sifive-hifive1-revb-i2c/bsp/install/lib/debug/\libmetal.a(libriscv__mmachine__sifive-hifive1-revb_a-riscv_cpu.o)
 .rodata.__metal_valid_interrupt_id
                0x000000002001703c       0x74 E:/8.AWS-FreeRTOS-HiFive1/Workspace/sifive-hifive1-revb-i2c/bsp/install/lib/debug/\libmetal.a(libriscv__mmachine__sifive-hifive1-revb_a-riscv_cpu.o)
 .rodata.__metal_local_interrupt_enable
                0x00000000200170b0       0x80 E:/8.AWS-FreeRTOS-HiFive1/Workspace/sifive-hifive1-revb-i2c/bsp/install/lib/debug/\libmetal.a(libriscv__mmachine__sifive-hifive1-revb_a-riscv_cpu.o)
 .rodata.__metal_driver_riscv_cpu_controller_interrupt_register
                0x0000000020017130       0x74 E:/8.AWS-FreeRTOS-HiFive1/Workspace/sifive-hifive1-revb-i2c/bsp/install/lib/debug/\libmetal.a(libriscv__mmachine__sifive-hifive1-revb_a-riscv_cpu.o)
 .rodata.__metal_driver_vtable_riscv_cpu_intc
                0x00000000200171a4       0x4c E:/8.AWS-FreeRTOS-HiFive1/Workspace/sifive-hifive1-revb-i2c/bsp/install/lib/debug/\libmetal.a(libriscv__mmachine__sifive-hifive1-revb_a-riscv_cpu.o)
                0x00000000200171a4                __metal_driver_vtable_riscv_cpu_intc
 .rodata.__metal_driver_vtable_cpu
                0x00000000200171f0       0x40 E:/8.AWS-FreeRTOS-HiFive1/Workspace/sifive-hifive1-revb-i2c/bsp/install/lib/debug/\libmetal.a(libriscv__mmachine__sifive-hifive1-revb_a-riscv_cpu.o)
                0x00000000200171f0                __metal_driver_vtable_cpu
 .rodata.__metal_driver_vtable_riscv_plic0
                0x0000000020017230       0x4c E:/8.AWS-FreeRTOS-HiFive1/Workspace/sifive-hifive1-revb-i2c/bsp/install/lib/debug/\libmetal.a(libriscv__mmachine__sifive-hifive1-revb_a-riscv_plic0.o)
                0x0000000020017230                __metal_driver_vtable_riscv_plic0
 .rodata.pll_configs
                0x000000002001727c      0x880 E:/8.AWS-FreeRTOS-HiFive1/Workspace/sifive-hifive1-revb-i2c/bsp/install/lib/debug/\libmetal.a(libriscv__mmachine__sifive-hifive1-revb_a-sifive_fe310-g000_pll.o)
 .rodata.__metal_driver_vtable_sifive_fe310_g000_pll
                0x0000000020017afc        0xc E:/8.AWS-FreeRTOS-HiFive1/Workspace/sifive-hifive1-revb-i2c/bsp/install/lib/debug/\libmetal.a(libriscv__mmachine__sifive-hifive1-revb_a-sifive_fe310-g000_pll.o)
                0x0000000020017afc                __metal_driver_vtable_sifive_fe310_g000_pll
 .rodata.__metal_driver_sifive_gpio0_config_int
                0x0000000020017b08       0x20 E:/8.AWS-FreeRTOS-HiFive1/Workspace/sifive-hifive1-revb-i2c/bsp/install/lib/debug/\libmetal.a(libriscv__mmachine__sifive-hifive1-revb_a-sifive_gpio0.o)
 .rodata.__metal_driver_sifive_gpio0_clear_int
                0x0000000020017b28       0x20 E:/8.AWS-FreeRTOS-HiFive1/Workspace/sifive-hifive1-revb-i2c/bsp/install/lib/debug/\libmetal.a(libriscv__mmachine__sifive-hifive1-revb_a-sifive_gpio0.o)
 .rodata.__metal_driver_vtable_sifive_gpio0
                0x0000000020017b48       0x3c E:/8.AWS-FreeRTOS-HiFive1/Workspace/sifive-hifive1-revb-i2c/bsp/install/lib/debug/\libmetal.a(libriscv__mmachine__sifive-hifive1-revb_a-sifive_gpio0.o)
                0x0000000020017b48                __metal_driver_vtable_sifive_gpio0
 .rodata.__metal_driver_vtable_sifive_uart0
                0x0000000020017b84       0x20 E:/8.AWS-FreeRTOS-HiFive1/Workspace/sifive-hifive1-revb-i2c/bsp/install/lib/debug/\libmetal.a(libriscv__mmachine__sifive-hifive1-revb_a-sifive_uart0.o)
                0x0000000020017b84                __metal_driver_vtable_sifive_uart0
 .rodata.libgloss.start
                0x0000000020017ba4       0x11 E:/8.AWS-FreeRTOS-HiFive1/Workspace/sifive-hifive1-revb-i2c/bsp/install/lib/debug/\libmetal-gloss.a(crt0.o)
 *fill*         0x0000000020017bb5        0x3 
 .rodata        0x0000000020017bb8      0x100 e:/freedomstudio-2019-08-2-win64/sifive/riscv64-unknown-elf-gcc-8.3.0-2019.08.0/bin/../lib/gcc/riscv64-unknown-elf/8.3.0/rv32imac/ilp32\libgcc.a(_clz.o)
                0x0000000020017bb8                __clz_tab
 *(.gnu.linkonce.r.*)
                0x0000000020017cb8                . = ALIGN (0x8)
 *fill*         0x0000000020017cb8        0x0 
 *(.srodata.cst16)
 *(.srodata.cst8)
 *(.srodata.cst4)
 *(.srodata.cst2)
 *(.srodata .srodata.*)

.rela.dyn       0x0000000020017cb8        0x0
 .rela.text._gettimeofday_r
                0x0000000020017cb8        0x0 C:\Users\HoangSHC\AppData\Local\Temp\cciYgQPb.o
 .rela.text._vfprintf_r
                0x0000000020017cb8        0x0 C:\Users\HoangSHC\AppData\Local\Temp\cciYgQPb.o
 .rela.text._sbrk_r
                0x0000000020017cb8        0x0 C:\Users\HoangSHC\AppData\Local\Temp\cciYgQPb.o
 .rela.text._write_r
                0x0000000020017cb8        0x0 C:\Users\HoangSHC\AppData\Local\Temp\cciYgQPb.o
 .rela.text._close_r
                0x0000000020017cb8        0x0 C:\Users\HoangSHC\AppData\Local\Temp\cciYgQPb.o
 .rela.text._fstat_r
                0x0000000020017cb8        0x0 C:\Users\HoangSHC\AppData\Local\Temp\cciYgQPb.o
 .rela.text._isatty_r
                0x0000000020017cb8        0x0 C:\Users\HoangSHC\AppData\Local\Temp\cciYgQPb.o
 .rela.text._lseek_r
                0x0000000020017cb8        0x0 C:\Users\HoangSHC\AppData\Local\Temp\cciYgQPb.o
 .rela.text._read_r
                0x0000000020017cb8        0x0 C:\Users\HoangSHC\AppData\Local\Temp\cciYgQPb.o
 .rela.text.__metal_driver_cpu_get
                0x0000000020017cb8        0x0 C:\Users\HoangSHC\AppData\Local\Temp\cciYgQPb.o
 .rela.text.metal_software_interrupt_vector_handler
                0x0000000020017cb8        0x0 C:\Users\HoangSHC\AppData\Local\Temp\cciYgQPb.o
 .rela.text.__metal_default_sw_handler
                0x0000000020017cb8        0x0 C:\Users\HoangSHC\AppData\Local\Temp\cciYgQPb.o
 .rela.text.metal_timer_interrupt_vector_handler
                0x0000000020017cb8        0x0 C:\Users\HoangSHC\AppData\Local\Temp\cciYgQPb.o
 .rela.text.__metal_exception_handler
                0x0000000020017cb8        0x0 C:\Users\HoangSHC\AppData\Local\Temp\cciYgQPb.o
 .rela.text.metal_lc0_interrupt_vector_handler
                0x0000000020017cb8        0x0 C:\Users\HoangSHC\AppData\Local\Temp\cciYgQPb.o
 .rela.text.metal_lc1_interrupt_vector_handler
                0x0000000020017cb8        0x0 C:\Users\HoangSHC\AppData\Local\Temp\cciYgQPb.o
 .rela.text.metal_lc2_interrupt_vector_handler
                0x0000000020017cb8        0x0 C:\Users\HoangSHC\AppData\Local\Temp\cciYgQPb.o
 .rela.text.metal_lc3_interrupt_vector_handler
                0x0000000020017cb8        0x0 C:\Users\HoangSHC\AppData\Local\Temp\cciYgQPb.o
 .rela.text.metal_lc4_interrupt_vector_handler
                0x0000000020017cb8        0x0 C:\Users\HoangSHC\AppData\Local\Temp\cciYgQPb.o
 .rela.text.metal_lc5_interrupt_vector_handler
                0x0000000020017cb8        0x0 C:\Users\HoangSHC\AppData\Local\Temp\cciYgQPb.o
 .rela.text.metal_lc6_interrupt_vector_handler
                0x0000000020017cb8        0x0 C:\Users\HoangSHC\AppData\Local\Temp\cciYgQPb.o
 .rela.text.metal_lc7_interrupt_vector_handler
                0x0000000020017cb8        0x0 C:\Users\HoangSHC\AppData\Local\Temp\cciYgQPb.o
 .rela.text.metal_lc8_interrupt_vector_handler
                0x0000000020017cb8        0x0 C:\Users\HoangSHC\AppData\Local\Temp\cciYgQPb.o
 .rela.text.metal_lc9_interrupt_vector_handler
                0x0000000020017cb8        0x0 C:\Users\HoangSHC\AppData\Local\Temp\cciYgQPb.o
 .rela.text.metal_lc10_interrupt_vector_handler
                0x0000000020017cb8        0x0 C:\Users\HoangSHC\AppData\Local\Temp\cciYgQPb.o
 .rela.text.metal_lc11_interrupt_vector_handler
                0x0000000020017cb8        0x0 C:\Users\HoangSHC\AppData\Local\Temp\cciYgQPb.o
 .rela.text.metal_lc12_interrupt_vector_handler
                0x0000000020017cb8        0x0 C:\Users\HoangSHC\AppData\Local\Temp\cciYgQPb.o
 .rela.text.metal_lc13_interrupt_vector_handler
                0x0000000020017cb8        0x0 C:\Users\HoangSHC\AppData\Local\Temp\cciYgQPb.o
 .rela.text.metal_lc14_interrupt_vector_handler
                0x0000000020017cb8        0x0 C:\Users\HoangSHC\AppData\Local\Temp\cciYgQPb.o
 .rela.text.metal_lc15_interrupt_vector_handler
                0x0000000020017cb8        0x0 C:\Users\HoangSHC\AppData\Local\Temp\cciYgQPb.o
 .rela.text.metal_cpu_get
                0x0000000020017cb8        0x0 C:\Users\HoangSHC\AppData\Local\Temp\cciYgQPb.o
 .rela.text.metal.init.enter
                0x0000000020017cb8        0x0 C:\Users\HoangSHC\AppData\Local\Temp\cciYgQPb.o
 .rela.text     0x0000000020017cb8        0x0 C:\Users\HoangSHC\AppData\Local\Temp\cciYgQPb.o
 .rela.text.libgloss.start
                0x0000000020017cb8        0x0 C:\Users\HoangSHC\AppData\Local\Temp\cciYgQPb.o
 .rela.sdata.brk
                0x0000000020017cb8        0x0 C:\Users\HoangSHC\AppData\Local\Temp\cciYgQPb.o
 .rela.text._sbrk
                0x0000000020017cb8        0x0 C:\Users\HoangSHC\AppData\Local\Temp\cciYgQPb.o
 .rela.text.__libc_fini_array
                0x0000000020017cb8        0x0 C:\Users\HoangSHC\AppData\Local\Temp\cciYgQPb.o
 .rela.text.__libc_init_array
                0x0000000020017cb8        0x0 C:\Users\HoangSHC\AppData\Local\Temp\cciYgQPb.o
 .rela.text.__register_exitproc
                0x0000000020017cb8        0x0 C:\Users\HoangSHC\AppData\Local\Temp\cciYgQPb.o
                0x0000000020017cb8                . = ALIGN (0x8)

.preinit_array  0x0000000020017cb8        0x0
                0x0000000020017cb8                PROVIDE (__preinit_array_start = .)
 *(.preinit_array)
                0x0000000020017cb8                PROVIDE (__preinit_array_end = .)

.init_array     0x0000000020017cb8        0xc
                0x0000000020017cb8                PROVIDE (__init_array_start = .)
 *(SORT_BY_INIT_PRIORITY(.init_array.*) SORT_BY_INIT_PRIORITY(.ctors.*))
 *(.init_array EXCLUDE_FILE(*crtend?.o *crtend.o *crtbegin?.o *crtbegin.o) .ctors)
 .init_array    0x0000000020017cb8        0x8 E:/8.AWS-FreeRTOS-HiFive1/Workspace/sifive-hifive1-revb-i2c/bsp/install/lib/debug/\libmetal.a(libriscv__mmachine__sifive-hifive1-revb_a-sifive_fe310-g000_pll.o)
 .init_array    0x0000000020017cc0        0x4 E:/8.AWS-FreeRTOS-HiFive1/Workspace/sifive-hifive1-revb-i2c/bsp/install/lib/debug/\libmetal.a(libriscv__mmachine__sifive-hifive1-revb_a-tty.o)
                0x0000000020017cc4                PROVIDE (__init_array_end = .)

.fini_array     0x0000000020017cc4        0x0
                0x0000000020017cc4                PROVIDE (__fini_array_start = .)
 *(SORT_BY_INIT_PRIORITY(.fini_array.*) SORT_BY_INIT_PRIORITY(.dtors.*))
 *(.fini_array EXCLUDE_FILE(*crtend?.o *crtend.o *crtbegin?.o *crtbegin.o) .dtors)
                0x0000000020017cc4                PROVIDE (__fini_array_end = .)

.ctors
 *crtbegin.o(.ctors)
 *crtbegin?.o(.ctors)
 *(EXCLUDE_FILE(*crtend?.o *crtend.o) .ctors)
 *(SORT_BY_NAME(.ctors.*))
 *(.ctors)

.dtors
 *crtbegin.o(.dtors)
 *crtbegin?.o(.dtors)
 *(EXCLUDE_FILE(*crtend?.o *crtend.o) .dtors)
 *(SORT_BY_NAME(.dtors.*))
 *(.dtors)

.itim           0x0000000008000000        0x0 load address 0x0000000020017cc8